[2025-02-03 18:03:34,872] torch.distributed.run: [WARNING] 
[2025-02-03 18:03:34,872] torch.distributed.run: [WARNING] *****************************************
[2025-02-03 18:03:34,872] torch.distributed.run: [WARNING] Setting OMP_NUM_THREADS environment variable for each process to be 1 in default, to avoid your system being overloaded, please further tune the variable for optimal performance in your application as needed. 
[2025-02-03 18:03:34,872] torch.distributed.run: [WARNING] *****************************************
Special tokens have been added in the vocabulary, make sure the associated word embeddings are fine-tuned or trained.
Special tokens have been added in the vocabulary, make sure the associated word embeddings are fine-tuned or trained.
Special tokens have been added in the vocabulary, make sure the associated word embeddings are fine-tuned or trained.
Special tokens have been added in the vocabulary, make sure the associated word embeddings are fine-tuned or trained.
Special tokens have been added in the vocabulary, make sure the associated word embeddings are fine-tuned or trained.
Special tokens have been added in the vocabulary, make sure the associated word embeddings are fine-tuned or trained.
Special tokens have been added in the vocabulary, make sure the associated word embeddings are fine-tuned or trained.
Special tokens have been added in the vocabulary, make sure the associated word embeddings are fine-tuned or trained.
/home/yvs/.local/lib/python3.10/site-packages/transformers/training_args.py:1494: FutureWarning: `evaluation_strategy` is deprecated and will be removed in version 4.46 of 🤗 Transformers. Use `eval_strategy` instead
  warnings.warn(
/home/yvs/.local/lib/python3.10/site-packages/transformers/training_args.py:1494: FutureWarning: `evaluation_strategy` is deprecated and will be removed in version 4.46 of 🤗 Transformers. Use `eval_strategy` instead
  warnings.warn(
/home/yvs/.local/lib/python3.10/site-packages/transformers/training_args.py:1494: FutureWarning: `evaluation_strategy` is deprecated and will be removed in version 4.46 of 🤗 Transformers. Use `eval_strategy` instead
  warnings.warn(
/home/yvs/.local/lib/python3.10/site-packages/transformers/training_args.py:1494: FutureWarning: `evaluation_strategy` is deprecated and will be removed in version 4.46 of 🤗 Transformers. Use `eval_strategy` instead
  warnings.warn(
/home/yvs/.local/lib/python3.10/site-packages/transformers/training_args.py:1494: FutureWarning: `evaluation_strategy` is deprecated and will be removed in version 4.46 of 🤗 Transformers. Use `eval_strategy` instead
  warnings.warn(
/home/yvs/.local/lib/python3.10/site-packages/transformers/training_args.py:1494: FutureWarning: `evaluation_strategy` is deprecated and will be removed in version 4.46 of 🤗 Transformers. Use `eval_strategy` instead
  warnings.warn(
/home/yvs/.local/lib/python3.10/site-packages/transformers/training_args.py:1494: FutureWarning: `evaluation_strategy` is deprecated and will be removed in version 4.46 of 🤗 Transformers. Use `eval_strategy` instead
  warnings.warn(
/home/yvs/.local/lib/python3.10/site-packages/transformers/training_args.py:1494: FutureWarning: `evaluation_strategy` is deprecated and will be removed in version 4.46 of 🤗 Transformers. Use `eval_strategy` instead
  warnings.warn(
/home/yvs/.local/lib/python3.10/site-packages/transformers/training_args.py:1820: FutureWarning: using `--fsdp_transformer_layer_cls_to_wrap` is deprecated. Use fsdp_config instead 
  warnings.warn(
/home/yvs/.local/lib/python3.10/site-packages/transformers/training_args.py:1820: FutureWarning: using `--fsdp_transformer_layer_cls_to_wrap` is deprecated. Use fsdp_config instead 
  warnings.warn(
/home/yvs/.local/lib/python3.10/site-packages/transformers/training_args.py:1820: FutureWarning: using `--fsdp_transformer_layer_cls_to_wrap` is deprecated. Use fsdp_config instead 
  warnings.warn(
/home/yvs/.local/lib/python3.10/site-packages/transformers/training_args.py:1820: FutureWarning: using `--fsdp_transformer_layer_cls_to_wrap` is deprecated. Use fsdp_config instead 
  warnings.warn(
/home/yvs/.local/lib/python3.10/site-packages/transformers/training_args.py:1820: FutureWarning: using `--fsdp_transformer_layer_cls_to_wrap` is deprecated. Use fsdp_config instead 
  warnings.warn(
/home/yvs/.local/lib/python3.10/site-packages/transformers/training_args.py:1820: FutureWarning: using `--fsdp_transformer_layer_cls_to_wrap` is deprecated. Use fsdp_config instead 
  warnings.warn(
/home/yvs/.local/lib/python3.10/site-packages/transformers/training_args.py:1820: FutureWarning: using `--fsdp_transformer_layer_cls_to_wrap` is deprecated. Use fsdp_config instead 
  warnings.warn(
/home/yvs/.local/lib/python3.10/site-packages/transformers/training_args.py:1820: FutureWarning: using `--fsdp_transformer_layer_cls_to_wrap` is deprecated. Use fsdp_config instead 
  warnings.warn(
Special tokens have been added in the vocabulary, make sure the associated word embeddings are fine-tuned or trained.
Special tokens have been added in the vocabulary, make sure the associated word embeddings are fine-tuned or trained.
Special tokens have been added in the vocabulary, make sure the associated word embeddings are fine-tuned or trained.
Special tokens have been added in the vocabulary, make sure the associated word embeddings are fine-tuned or trained.
Special tokens have been added in the vocabulary, make sure the associated word embeddings are fine-tuned or trained.
Special tokens have been added in the vocabulary, make sure the associated word embeddings are fine-tuned or trained.
Special tokens have been added in the vocabulary, make sure the associated word embeddings are fine-tuned or trained.
Special tokens have been added in the vocabulary, make sure the associated word embeddings are fine-tuned or trained.
You are adding a <class 'transformers.integrations.integration_utils.TensorBoardCallback'> to the callbacks of this Trainer, but there is already one. The currentlist of callbacks is
:DefaultFlowCallback
TensorBoardCallback
You are adding a <class 'transformers.integrations.integration_utils.TensorBoardCallback'> to the callbacks of this Trainer, but there is already one. The currentlist of callbacks is
:DefaultFlowCallback
TensorBoardCallback
You are adding a <class 'transformers.integrations.integration_utils.TensorBoardCallback'> to the callbacks of this Trainer, but there is already one. The currentlist of callbacks is
:DefaultFlowCallback
TensorBoardCallback
You are adding a <class 'transformers.integrations.integration_utils.TensorBoardCallback'> to the callbacks of this Trainer, but there is already one. The currentlist of callbacks is
:DefaultFlowCallback
TensorBoardCallback
You are adding a <class 'transformers.integrations.integration_utils.TensorBoardCallback'> to the callbacks of this Trainer, but there is already one. The currentlist of callbacks is
:DefaultFlowCallback
TensorBoardCallback
You are adding a <class 'transformers.integrations.integration_utils.TensorBoardCallback'> to the callbacks of this Trainer, but there is already one. The currentlist of callbacks is
:DefaultFlowCallback
TensorBoardCallback
You are adding a <class 'transformers.integrations.integration_utils.TensorBoardCallback'> to the callbacks of this Trainer, but there is already one. The currentlist of callbacks is
:DefaultFlowCallback
TensorBoardCallback
You are adding a <class 'transformers.integrations.integration_utils.TensorBoardCallback'> to the callbacks of this Trainer, but there is already one. The currentlist of callbacks is
:DefaultFlowCallback
TensorBoardCallback
/home/yvs/.local/lib/python3.10/site-packages/accelerate/accelerator.py:1557: UserWarning: Upcasted low precision parameters in CambrianQwenForCausalLM because mixed precision turned on in FSDP. Affects: model.vision_query, model.image_newline, model.embed_tokens.weight, model.norm.weight, model.mm_projector.0.weight, model.mm_projector.0.bias, model.mm_projector.2.weight, model.mm_projector.2.bias, model.mm_projector_aux_0.0.weight, model.mm_projector_aux_0.0.bias, model.mm_projector_aux_0.2.weight, model.mm_projector_aux_0.2.bias, model.mm_projector_aux_0.3.weight, model.mm_projector_aux_0.3.bias, model.mm_projector_aux_1.0.weight, model.mm_projector_aux_1.0.bias, model.mm_projector_aux_1.2.weight, model.mm_projector_aux_1.2.bias, model.mm_projector_aux_1.3.weight, model.mm_projector_aux_1.3.bias, model.vision_sampler_0.layers.0.pos_embed_0, model.vision_sampler_0.layers.0.pos_embed_1, model.vision_sampler_0.layers.0.proj_context.weight, model.vision_sampler_0.layers.0.proj_in.weight, model.vision_sampler_0.layers.0.proj_out.linear_1.weight, model.vision_sampler_0.layers.0.proj_out.linear_2.weight, model.vision_sampler_0.layers.0.norm.weight, model.vision_sampler_0.layers.0.norm.bias, model.vision_sampler_0.layers.0.cross_attn.q_proj.0.weight, model.vision_sampler_0.layers.0.cross_attn.q_proj.0.bias, model.vision_sampler_0.layers.0.cross_attn.q_proj.1.weight, model.vision_sampler_0.layers.0.cross_attn.k_proj_0.0.weight, model.vision_sampler_0.layers.0.cross_attn.k_proj_0.0.bias, model.vision_sampler_0.layers.0.cross_attn.k_proj_0.1.weight, model.vision_sampler_0.layers.0.cross_attn.v_proj_0.0.weight, model.vision_sampler_0.layers.0.cross_attn.v_proj_0.0.bias, model.vision_sampler_0.layers.0.cross_attn.v_proj_0.1.weight, model.vision_sampler_0.layers.0.cross_attn.k_proj_1.0.weight, model.vision_sampler_0.layers.0.cross_attn.k_proj_1.0.bias, model.vision_sampler_0.layers.0.cross_attn.k_proj_1.1.weight, model.vision_sampler_0.layers.0.cross_attn.v_proj_1.0.weight, model.vision_sampler_0.layers.0.cross_attn.v_proj_1.0.bias, model.vision_sampler_0.layers.0.cross_attn.v_proj_1.1.weight, model.vision_sampler_0.layers.0.cross_attn.o_proj.weight, model.vision_sampler_0.layers.1.pos_embed_0, model.vision_sampler_0.layers.1.pos_embed_1, model.vision_sampler_0.layers.1.proj_context.weight, model.vision_sampler_0.layers.1.proj_in.weight, model.vision_sampler_0.layers.1.proj_out.linear_1.weight, model.vision_sampler_0.layers.1.proj_out.linear_2.weight, model.vision_sampler_0.layers.1.norm.weight, model.vision_sampler_0.layers.1.norm.bias, model.vision_sampler_0.layers.1.cross_attn.q_proj.0.weight, model.vision_sampler_0.layers.1.cross_attn.q_proj.0.bias, model.vision_sampler_0.layers.1.cross_attn.q_proj.1.weight, model.vision_sampler_0.layers.1.cross_attn.k_proj_0.0.weight, model.vision_sampler_0.layers.1.cross_attn.k_proj_0.0.bias, model.vision_sampler_0.layers.1.cross_attn.k_proj_0.1.weight, model.vision_sampler_0.layers.1.cross_attn.v_proj_0.0.weight, model.vision_sampler_0.layers.1.cross_attn.v_proj_0.0.bias, model.vision_sampler_0.layers.1.cross_attn.v_proj_0.1.weight, model.vision_sampler_0.layers.1.cross_attn.k_proj_1.0.weight, model.vision_sampler_0.layers.1.cross_attn.k_proj_1.0.bias, model.vision_sampler_0.layers.1.cross_attn.k_proj_1.1.weight, model.vision_sampler_0.layers.1.cross_attn.v_proj_1.0.weight, model.vision_sampler_0.layers.1.cross_attn.v_proj_1.0.bias, model.vision_sampler_0.layers.1.cross_attn.v_proj_1.1.weight, model.vision_sampler_0.layers.1.cross_attn.o_proj.weight, model.vision_sampler_0.layers.2.pos_embed_0, model.vision_sampler_0.layers.2.pos_embed_1, model.vision_sampler_0.layers.2.proj_context.weight, model.vision_sampler_0.layers.2.proj_in.weight, model.vision_sampler_0.layers.2.proj_out.linear_1.weight, model.vision_sampler_0.layers.2.proj_out.linear_2.weight, model.vision_sampler_0.layers.2.norm.weight, model.vision_sampler_0.layers.2.norm.bias, model.vision_sampler_0.layers.2.cross_attn.q_proj.0.weight, model.vision_sampler_0.layers.2.cross_attn.q_proj.0.bias, model.vision_sampler_0.layers.2.cross_attn.q_proj.1.weight, model.vision_sampler_0.layers.2.cross_attn.k_proj_0.0.weight, model.vision_sampler_0.layers.2.cross_attn.k_proj_0.0.bias, model.vision_sampler_0.layers.2.cross_attn.k_proj_0.1.weight, model.vision_sampler_0.layers.2.cross_attn.v_proj_0.0.weight, model.vision_sampler_0.layers.2.cross_attn.v_proj_0.0.bias, model.vision_sampler_0.layers.2.cross_attn.v_proj_0.1.weight, model.vision_sampler_0.layers.2.cross_attn.k_proj_1.0.weight, model.vision_sampler_0.layers.2.cross_attn.k_proj_1.0.bias, model.vision_sampler_0.layers.2.cross_attn.k_proj_1.1.weight, model.vision_sampler_0.layers.2.cross_attn.v_proj_1.0.weight, model.vision_sampler_0.layers.2.cross_attn.v_proj_1.0.bias, model.vision_sampler_0.layers.2.cross_attn.v_proj_1.1.weight, model.vision_sampler_0.layers.2.cross_attn.o_proj.weight, lm_head.weight.
  warnings.warn(
/home/yvs/.local/lib/python3.10/site-packages/accelerate/accelerator.py:1557: UserWarning: Upcasted low precision parameters in Qwen2DecoderLayer because mixed precision turned on in FSDP. Affects: self_attn.q_proj.weight, self_attn.q_proj.bias, self_attn.k_proj.weight, self_attn.k_proj.bias, self_attn.v_proj.weight, self_attn.v_proj.bias, self_attn.o_proj.weight, mlp.gate_proj.weight, mlp.up_proj.weight, mlp.down_proj.weight, input_layernorm.weight, post_attention_layernorm.weight.
  warnings.warn(
/home/yvs/.local/lib/python3.10/site-packages/accelerate/accelerator.py:1563: UserWarning: FSDP upcast of low precision parameters may affect the precision of model checkpoints.
  warnings.warn(
  0%|          | 0/4267 [00:00<?, ?it/s]Traceback (most recent call last):
Traceback (most recent call last):
  File "/mnt/meg/yvs/LongVU/longvu/train.py", line 1129, in <module>
Traceback (most recent call last):
  File "/mnt/meg/yvs/LongVU/longvu/train.py", line 1129, in <module>
Traceback (most recent call last):
  File "/mnt/meg/yvs/LongVU/longvu/train.py", line 1129, in <module>
  File "/mnt/meg/yvs/LongVU/longvu/train.py", line 1129, in <module>
    train()
      File "/mnt/meg/yvs/LongVU/longvu/train.py", line 1117, in train
train()
  File "/mnt/meg/yvs/LongVU/longvu/train.py", line 1117, in train
    train()
  File "/mnt/meg/yvs/LongVU/longvu/train.py", line 1117, in train
    trainer.train()    
trainer.train()  File "/home/yvs/.local/lib/python3.10/site-packages/transformers/trainer.py", line 1932, in train

  File "/home/yvs/.local/lib/python3.10/site-packages/transformers/trainer.py", line 1932, in train
        trainer.train()train()

  File "/home/yvs/.local/lib/python3.10/site-packages/transformers/trainer.py", line 1932, in train
  File "/mnt/meg/yvs/LongVU/longvu/train.py", line 1117, in train
    trainer.train()
  File "/home/yvs/.local/lib/python3.10/site-packages/transformers/trainer.py", line 1932, in train
    return inner_training_loop(
          File "/home/yvs/.local/lib/python3.10/site-packages/transformers/trainer.py", line 2230, in _inner_training_loop
    return inner_training_loop(return inner_training_loop(return inner_training_loop(


  File "/home/yvs/.local/lib/python3.10/site-packages/transformers/trainer.py", line 2230, in _inner_training_loop
  File "/home/yvs/.local/lib/python3.10/site-packages/transformers/trainer.py", line 2230, in _inner_training_loop
  File "/home/yvs/.local/lib/python3.10/site-packages/transformers/trainer.py", line 2230, in _inner_training_loop
    for step, inputs in enumerate(epoch_iterator):
  File "/home/yvs/.local/lib/python3.10/site-packages/accelerate/data_loader.py", line 550, in __iter__
        for step, inputs in enumerate(epoch_iterator):for step, inputs in enumerate(epoch_iterator):
    
  File "/home/yvs/.local/lib/python3.10/site-packages/accelerate/data_loader.py", line 550, in __iter__
for step, inputs in enumerate(epoch_iterator):  File "/home/yvs/.local/lib/python3.10/site-packages/accelerate/data_loader.py", line 550, in __iter__

  File "/home/yvs/.local/lib/python3.10/site-packages/accelerate/data_loader.py", line 550, in __iter__
        current_batch = next(dataloader_iter)    current_batch = next(dataloader_iter)    
current_batch = next(dataloader_iter)
Traceback (most recent call last):
current_batch = next(dataloader_iter)  File "/home/yvs/.local/lib/python3.10/site-packages/torch/utils/data/dataloader.py", line 630, in __next__

  File "/home/yvs/.local/lib/python3.10/site-packages/torch/utils/data/dataloader.py", line 630, in __next__

  File "/mnt/meg/yvs/LongVU/longvu/train.py", line 1129, in <module>
  File "/home/yvs/.local/lib/python3.10/site-packages/torch/utils/data/dataloader.py", line 630, in __next__
  File "/home/yvs/.local/lib/python3.10/site-packages/torch/utils/data/dataloader.py", line 630, in __next__
Traceback (most recent call last):
  File "/mnt/meg/yvs/LongVU/longvu/train.py", line 1129, in <module>
    data = self._next_data()
              File "/home/yvs/.local/lib/python3.10/site-packages/torch/utils/data/dataloader.py", line 674, in _next_data
        data = self._next_data()data = self._next_data()train()data = self._next_data()train()




  File "/home/yvs/.local/lib/python3.10/site-packages/torch/utils/data/dataloader.py", line 674, in _next_data
  File "/home/yvs/.local/lib/python3.10/site-packages/torch/utils/data/dataloader.py", line 674, in _next_data
  File "/mnt/meg/yvs/LongVU/longvu/train.py", line 1117, in train
  File "/home/yvs/.local/lib/python3.10/site-packages/torch/utils/data/dataloader.py", line 674, in _next_data
  File "/mnt/meg/yvs/LongVU/longvu/train.py", line 1117, in train
    data = self._dataset_fetcher.fetch(index)  # may raise StopIteration
  File "/home/yvs/.local/lib/python3.10/site-packages/torch/utils/data/_utils/fetch.py", line 51, in fetch
    data = self._dataset_fetcher.fetch(index)  # may raise StopIteration    
data = self._dataset_fetcher.fetch(index)  # may raise StopIteration  File "/home/yvs/.local/lib/python3.10/site-packages/torch/utils/data/_utils/fetch.py", line 51, in fetch

      File "/home/yvs/.local/lib/python3.10/site-packages/torch/utils/data/_utils/fetch.py", line 51, in fetch
data = self._dataset_fetcher.fetch(index)  # may raise StopIteration
  File "/home/yvs/.local/lib/python3.10/site-packages/torch/utils/data/_utils/fetch.py", line 51, in fetch
Traceback (most recent call last):
  File "/mnt/meg/yvs/LongVU/longvu/train.py", line 1129, in <module>
        data = [self.dataset[idx] for idx in possibly_batched_index]        data = [self.dataset[idx] for idx in possibly_batched_index]
        trainer.train()data = [self.dataset[idx] for idx in possibly_batched_index]
  File "/home/yvs/.local/lib/python3.10/site-packages/torch/utils/data/_utils/fetch.py", line 51, in <listcomp>
trainer.train()data = [self.dataset[idx] for idx in possibly_batched_index]

  File "/home/yvs/.local/lib/python3.10/site-packages/torch/utils/data/_utils/fetch.py", line 51, in <listcomp>


  File "/home/yvs/.local/lib/python3.10/site-packages/transformers/trainer.py", line 1932, in train
  File "/home/yvs/.local/lib/python3.10/site-packages/torch/utils/data/_utils/fetch.py", line 51, in <listcomp>
  File "/home/yvs/.local/lib/python3.10/site-packages/transformers/trainer.py", line 1932, in train
  File "/home/yvs/.local/lib/python3.10/site-packages/torch/utils/data/_utils/fetch.py", line 51, in <listcomp>
    data = [self.dataset[idx] for idx in possibly_batched_index]
      File "/mnt/meg/yvs/LongVU/longvu/train.py", line 562, in __getitem__
data = [self.dataset[idx] for idx in possibly_batched_index]
  File "/mnt/meg/yvs/LongVU/longvu/train.py", line 562, in __getitem__
    data = [self.dataset[idx] for idx in possibly_batched_index]
      File "/mnt/meg/yvs/LongVU/longvu/train.py", line 562, in __getitem__
data = [self.dataset[idx] for idx in possibly_batched_index]
  File "/mnt/meg/yvs/LongVU/longvu/train.py", line 562, in __getitem__
    train()
  File "/mnt/meg/yvs/LongVU/longvu/train.py", line 1117, in train
                return self.__getitem__(0)return self.__getitem__(0)return self.__getitem__(0)return self.__getitem__(0)



  File "/mnt/meg/yvs/LongVU/longvu/train.py", line 562, in __getitem__
  File "/mnt/meg/yvs/LongVU/longvu/train.py", line 562, in __getitem__
  File "/mnt/meg/yvs/LongVU/longvu/train.py", line 562, in __getitem__
  File "/mnt/meg/yvs/LongVU/longvu/train.py", line 562, in __getitem__
    trainer.train()
  File "/home/yvs/.local/lib/python3.10/site-packages/transformers/trainer.py", line 1932, in train
        return inner_training_loop(return inner_training_loop(

  File "/home/yvs/.local/lib/python3.10/site-packages/transformers/trainer.py", line 2230, in _inner_training_loop
  File "/home/yvs/.local/lib/python3.10/site-packages/transformers/trainer.py", line 2230, in _inner_training_loop
        return self.__getitem__(0)    return self.__getitem__(0)    
return self.__getitem__(0)
return self.__getitem__(0)  File "/mnt/meg/yvs/LongVU/longvu/train.py", line 562, in __getitem__

  File "/mnt/meg/yvs/LongVU/longvu/train.py", line 562, in __getitem__

  File "/mnt/meg/yvs/LongVU/longvu/train.py", line 562, in __getitem__
  File "/mnt/meg/yvs/LongVU/longvu/train.py", line 562, in __getitem__
            return self.__getitem__(0)    return self.__getitem__(0)for step, inputs in enumerate(epoch_iterator):
for step, inputs in enumerate(epoch_iterator):        
    
  [Previous line repeated 983 more times]

return inner_training_loop(  File "/home/yvs/.local/lib/python3.10/site-packages/accelerate/data_loader.py", line 550, in __iter__
return self.__getitem__(0)  [Previous line repeated 983 more times]
return self.__getitem__(0)  File "/home/yvs/.local/lib/python3.10/site-packages/accelerate/data_loader.py", line 550, in __iter__
  File "/mnt/meg/yvs/LongVU/longvu/train.py", line 520, in __getitem__


  File "/mnt/meg/yvs/LongVU/longvu/train.py", line 520, in __getitem__

  File "/home/yvs/.local/lib/python3.10/site-packages/transformers/trainer.py", line 2230, in _inner_training_loop
  [Previous line repeated 983 more times]
  [Previous line repeated 983 more times]
  File "/mnt/meg/yvs/LongVU/longvu/train.py", line 520, in __getitem__
  File "/mnt/meg/yvs/LongVU/longvu/train.py", line 520, in __getitem__
    current_batch = next(dataloader_iter)
    current_batch = next(dataloader_iter)  File "/home/yvs/.local/lib/python3.10/site-packages/torch/utils/data/dataloader.py", line 630, in __next__

  File "/home/yvs/.local/lib/python3.10/site-packages/torch/utils/data/dataloader.py", line 630, in __next__
        video_file = os.path.join(self.data_args.image_folder, video_file)video_file = os.path.join(self.data_args.image_folder, video_file)

  File "/usr/lib/python3.10/posixpath.py", line 77, in join
  File "/usr/lib/python3.10/posixpath.py", line 77, in join
        video_file = os.path.join(self.data_args.image_folder, video_file)video_file = os.path.join(self.data_args.image_folder, video_file)    
    
data = self._next_data()  File "/usr/lib/python3.10/posixpath.py", line 77, in join
data = self._next_data()  File "/usr/lib/python3.10/posixpath.py", line 77, in join


      File "/home/yvs/.local/lib/python3.10/site-packages/torch/utils/data/dataloader.py", line 674, in _next_data
  File "/home/yvs/.local/lib/python3.10/site-packages/torch/utils/data/dataloader.py", line 674, in _next_data
for step, inputs in enumerate(epoch_iterator):
  File "/home/yvs/.local/lib/python3.10/site-packages/accelerate/data_loader.py", line 550, in __iter__
            sep = _get_sep(a)    sep = _get_sep(a)sep = _get_sep(a)
sep = _get_sep(a)

  File "/usr/lib/python3.10/posixpath.py", line 42, in _get_sep
    
      File "/usr/lib/python3.10/posixpath.py", line 42, in _get_sep
  File "/usr/lib/python3.10/posixpath.py", line 42, in _get_sep
    data = self._dataset_fetcher.fetch(index)  # may raise StopIteration  File "/usr/lib/python3.10/posixpath.py", line 42, in _get_sep
data = self._dataset_fetcher.fetch(index)  # may raise StopIterationcurrent_batch = next(dataloader_iter)
    

      File "/home/yvs/.local/lib/python3.10/site-packages/torch/utils/data/_utils/fetch.py", line 51, in fetch
if isinstance(path, bytes):      File "/home/yvs/.local/lib/python3.10/site-packages/torch/utils/data/_utils/fetch.py", line 51, in fetch
  File "/home/yvs/.local/lib/python3.10/site-packages/torch/utils/data/dataloader.py", line 630, in __next__
if isinstance(path, bytes):
    RecursionErrorif isinstance(path, bytes):
if isinstance(path, bytes):: 
    RecursionError
maximum recursion depth exceeded while calling a Python object    RecursionErrordata = [self.dataset[idx] for idx in possibly_batched_index]:     
RecursionErrordata = [self.dataset[idx] for idx in possibly_batched_index]: 
maximum recursion depth exceeded while calling a Python objectdata = self._next_data(): 
maximum recursion depth exceeded while calling a Python object  File "/home/yvs/.local/lib/python3.10/site-packages/torch/utils/data/_utils/fetch.py", line 51, in <listcomp>


maximum recursion depth exceeded while calling a Python object  File "/home/yvs/.local/lib/python3.10/site-packages/torch/utils/data/_utils/fetch.py", line 51, in <listcomp>

  File "/home/yvs/.local/lib/python3.10/site-packages/torch/utils/data/dataloader.py", line 674, in _next_data

    data = [self.dataset[idx] for idx in possibly_batched_index]
  File "/mnt/meg/yvs/LongVU/longvu/train.py", line 562, in __getitem__
    data = [self.dataset[idx] for idx in possibly_batched_index]
  File "/mnt/meg/yvs/LongVU/longvu/train.py", line 562, in __getitem__
    data = self._dataset_fetcher.fetch(index)  # may raise StopIteration
  File "/home/yvs/.local/lib/python3.10/site-packages/torch/utils/data/_utils/fetch.py", line 51, in fetch
    data = [self.dataset[idx] for idx in possibly_batched_index]
  File "/home/yvs/.local/lib/python3.10/site-packages/torch/utils/data/_utils/fetch.py", line 51, in <listcomp>
        return self.__getitem__(0)return self.__getitem__(0)

  File "/mnt/meg/yvs/LongVU/longvu/train.py", line 562, in __getitem__
  File "/mnt/meg/yvs/LongVU/longvu/train.py", line 562, in __getitem__
    data = [self.dataset[idx] for idx in possibly_batched_index]
  File "/mnt/meg/yvs/LongVU/longvu/train.py", line 562, in __getitem__
    return self.__getitem__(0)
      File "/mnt/meg/yvs/LongVU/longvu/train.py", line 562, in __getitem__
return self.__getitem__(0)
      File "/mnt/meg/yvs/LongVU/longvu/train.py", line 562, in __getitem__
return self.__getitem__(0)
  File "/mnt/meg/yvs/LongVU/longvu/train.py", line 562, in __getitem__
    return self.__getitem__(0)
  [Previous line repeated 983 more times]
  File "/mnt/meg/yvs/LongVU/longvu/train.py", line 520, in __getitem__
        return self.__getitem__(0)return self.__getitem__(0)

  File "/mnt/meg/yvs/LongVU/longvu/train.py", line 562, in __getitem__
  [Previous line repeated 983 more times]
  File "/mnt/meg/yvs/LongVU/longvu/train.py", line 520, in __getitem__
    video_file = os.path.join(self.data_args.image_folder, video_file)
  File "/usr/lib/python3.10/posixpath.py", line 77, in join
    return self.__getitem__(0)
      [Previous line repeated 983 more times]
video_file = os.path.join(self.data_args.image_folder, video_file)  File "/mnt/meg/yvs/LongVU/longvu/train.py", line 520, in __getitem__

      File "/usr/lib/python3.10/posixpath.py", line 77, in join
sep = _get_sep(a)
  File "/usr/lib/python3.10/posixpath.py", line 42, in _get_sep
    if isinstance(path, bytes):    
sep = _get_sep(a)
  File "/usr/lib/python3.10/posixpath.py", line 42, in _get_sep
RecursionError    : video_file = os.path.join(self.data_args.image_folder, video_file)maximum recursion depth exceeded while calling a Python object

  File "/usr/lib/python3.10/posixpath.py", line 77, in join
    if isinstance(path, bytes):
RecursionError: maximum recursion depth exceeded while calling a Python object
    sep = _get_sep(a)
  File "/usr/lib/python3.10/posixpath.py", line 42, in _get_sep
    if isinstance(path, bytes):
RecursionError: maximum recursion depth exceeded while calling a Python object
Traceback (most recent call last):
  File "/mnt/meg/yvs/LongVU/longvu/train.py", line 1129, in <module>
    train()
  File "/mnt/meg/yvs/LongVU/longvu/train.py", line 1117, in train
    trainer.train()
  File "/home/yvs/.local/lib/python3.10/site-packages/transformers/trainer.py", line 1932, in train
    return inner_training_loop(
  File "/home/yvs/.local/lib/python3.10/site-packages/transformers/trainer.py", line 2230, in _inner_training_loop
    for step, inputs in enumerate(epoch_iterator):
  File "/home/yvs/.local/lib/python3.10/site-packages/accelerate/data_loader.py", line 550, in __iter__
    current_batch = next(dataloader_iter)
  File "/home/yvs/.local/lib/python3.10/site-packages/torch/utils/data/dataloader.py", line 630, in __next__
    data = self._next_data()
  File "/home/yvs/.local/lib/python3.10/site-packages/torch/utils/data/dataloader.py", line 674, in _next_data
    data = self._dataset_fetcher.fetch(index)  # may raise StopIteration
  File "/home/yvs/.local/lib/python3.10/site-packages/torch/utils/data/_utils/fetch.py", line 51, in fetch
    data = [self.dataset[idx] for idx in possibly_batched_index]
  File "/home/yvs/.local/lib/python3.10/site-packages/torch/utils/data/_utils/fetch.py", line 51, in <listcomp>
    data = [self.dataset[idx] for idx in possibly_batched_index]
  File "/mnt/meg/yvs/LongVU/longvu/train.py", line 562, in __getitem__
    return self.__getitem__(0)
  File "/mnt/meg/yvs/LongVU/longvu/train.py", line 562, in __getitem__
    return self.__getitem__(0)
  File "/mnt/meg/yvs/LongVU/longvu/train.py", line 562, in __getitem__
    return self.__getitem__(0)
  [Previous line repeated 983 more times]
  File "/mnt/meg/yvs/LongVU/longvu/train.py", line 520, in __getitem__
    video_file = os.path.join(self.data_args.image_folder, video_file)
  File "/usr/lib/python3.10/posixpath.py", line 77, in join
    sep = _get_sep(a)
  File "/usr/lib/python3.10/posixpath.py", line 42, in _get_sep
    if isinstance(path, bytes):
RecursionError: maximum recursion depth exceeded while calling a Python object
  0%|          | 0/4267 [00:00<?, ?it/s]
[2025-02-03 18:06:05,073] torch.distributed.elastic.multiprocessing.api: [ERROR] failed (exitcode: 1) local_rank: 0 (pid: 3105327) of binary: /usr/bin/python3
Traceback (most recent call last):
  File "/home/yvs/.local/bin/torchrun", line 8, in <module>
    sys.exit(main())
  File "/home/yvs/.local/lib/python3.10/site-packages/torch/distributed/elastic/multiprocessing/errors/__init__.py", line 346, in wrapper
    return f(*args, **kwargs)
  File "/home/yvs/.local/lib/python3.10/site-packages/torch/distributed/run.py", line 806, in main
    run(args)
  File "/home/yvs/.local/lib/python3.10/site-packages/torch/distributed/run.py", line 797, in run
    elastic_launch(
  File "/home/yvs/.local/lib/python3.10/site-packages/torch/distributed/launcher/api.py", line 134, in __call__
    return launch_agent(self._config, self._entrypoint, list(args))
  File "/home/yvs/.local/lib/python3.10/site-packages/torch/distributed/launcher/api.py", line 264, in launch_agent
    raise ChildFailedError(
torch.distributed.elastic.multiprocessing.errors.ChildFailedError: 
============================================================
longvu/train.py FAILED
------------------------------------------------------------
Failures:
[1]:
  time      : 2025-02-03_18:06:05
  host      : arcee.ib
  rank      : 1 (local_rank: 1)
  exitcode  : 1 (pid: 3105328)
  error_file: <N/A>
  traceback : To enable traceback see: https://pytorch.org/docs/stable/elastic/errors.html
[2]:
  time      : 2025-02-03_18:06:05
  host      : arcee.ib
  rank      : 2 (local_rank: 2)
  exitcode  : 1 (pid: 3105329)
  error_file: <N/A>
  traceback : To enable traceback see: https://pytorch.org/docs/stable/elastic/errors.html
[3]:
  time      : 2025-02-03_18:06:05
  host      : arcee.ib
  rank      : 3 (local_rank: 3)
  exitcode  : 1 (pid: 3105330)
  error_file: <N/A>
  traceback : To enable traceback see: https://pytorch.org/docs/stable/elastic/errors.html
[4]:
  time      : 2025-02-03_18:06:05
  host      : arcee.ib
  rank      : 4 (local_rank: 4)
  exitcode  : 1 (pid: 3105331)
  error_file: <N/A>
  traceback : To enable traceback see: https://pytorch.org/docs/stable/elastic/errors.html
[5]:
  time      : 2025-02-03_18:06:05
  host      : arcee.ib
  rank      : 5 (local_rank: 5)
  exitcode  : 1 (pid: 3105332)
  error_file: <N/A>
  traceback : To enable traceback see: https://pytorch.org/docs/stable/elastic/errors.html
[6]:
  time      : 2025-02-03_18:06:05
  host      : arcee.ib
  rank      : 6 (local_rank: 6)
  exitcode  : 1 (pid: 3105333)
  error_file: <N/A>
  traceback : To enable traceback see: https://pytorch.org/docs/stable/elastic/errors.html
[7]:
  time      : 2025-02-03_18:06:05
  host      : arcee.ib
  rank      : 7 (local_rank: 7)
  exitcode  : 1 (pid: 3105334)
  error_file: <N/A>
  traceback : To enable traceback see: https://pytorch.org/docs/stable/elastic/errors.html
------------------------------------------------------------
Root Cause (first observed failure):
[0]:
  time      : 2025-02-03_18:06:05
  host      : arcee.ib
  rank      : 0 (local_rank: 0)
  exitcode  : 1 (pid: 3105327)
  error_file: <N/A>
  traceback : To enable traceback see: https://pytorch.org/docs/stable/elastic/errors.html
============================================================
