[2025-02-26 20:04:32,366] torch.distributed.run: [WARNING] 
[2025-02-26 20:04:32,366] torch.distributed.run: [WARNING] *****************************************
[2025-02-26 20:04:32,366] torch.distributed.run: [WARNING] Setting OMP_NUM_THREADS environment variable for each process to be 1 in default, to avoid your system being overloaded, please further tune the variable for optimal performance in your application as needed. 
[2025-02-26 20:04:32,366] torch.distributed.run: [WARNING] *****************************************
Special tokens have been added in the vocabulary, make sure the associated word embeddings are fine-tuned or trained.
Special tokens have been added in the vocabulary, make sure the associated word embeddings are fine-tuned or trained.
Special tokens have been added in the vocabulary, make sure the associated word embeddings are fine-tuned or trained.
Special tokens have been added in the vocabulary, make sure the associated word embeddings are fine-tuned or trained.
Special tokens have been added in the vocabulary, make sure the associated word embeddings are fine-tuned or trained.
Special tokens have been added in the vocabulary, make sure the associated word embeddings are fine-tuned or trained.
Special tokens have been added in the vocabulary, make sure the associated word embeddings are fine-tuned or trained.
Special tokens have been added in the vocabulary, make sure the associated word embeddings are fine-tuned or trained.
/home/yvs/.local/lib/python3.10/site-packages/transformers/training_args.py:1494: FutureWarning: `evaluation_strategy` is deprecated and will be removed in version 4.46 of 🤗 Transformers. Use `eval_strategy` instead
  warnings.warn(
/home/yvs/.local/lib/python3.10/site-packages/transformers/training_args.py:1494: FutureWarning: `evaluation_strategy` is deprecated and will be removed in version 4.46 of 🤗 Transformers. Use `eval_strategy` instead
  warnings.warn(
/home/yvs/.local/lib/python3.10/site-packages/transformers/training_args.py:1494: FutureWarning: `evaluation_strategy` is deprecated and will be removed in version 4.46 of 🤗 Transformers. Use `eval_strategy` instead
  warnings.warn(
/home/yvs/.local/lib/python3.10/site-packages/transformers/training_args.py:1494: FutureWarning: `evaluation_strategy` is deprecated and will be removed in version 4.46 of 🤗 Transformers. Use `eval_strategy` instead
  warnings.warn(
/home/yvs/.local/lib/python3.10/site-packages/transformers/training_args.py:1494: FutureWarning: `evaluation_strategy` is deprecated and will be removed in version 4.46 of 🤗 Transformers. Use `eval_strategy` instead
  warnings.warn(
/home/yvs/.local/lib/python3.10/site-packages/transformers/training_args.py:1494: FutureWarning: `evaluation_strategy` is deprecated and will be removed in version 4.46 of 🤗 Transformers. Use `eval_strategy` instead
  warnings.warn(
/home/yvs/.local/lib/python3.10/site-packages/transformers/training_args.py:1494: FutureWarning: `evaluation_strategy` is deprecated and will be removed in version 4.46 of 🤗 Transformers. Use `eval_strategy` instead
  warnings.warn(
/home/yvs/.local/lib/python3.10/site-packages/transformers/training_args.py:1494: FutureWarning: `evaluation_strategy` is deprecated and will be removed in version 4.46 of 🤗 Transformers. Use `eval_strategy` instead
  warnings.warn(
Special tokens have been added in the vocabulary, make sure the associated word embeddings are fine-tuned or trained.
Special tokens have been added in the vocabulary, make sure the associated word embeddings are fine-tuned or trained.
Special tokens have been added in the vocabulary, make sure the associated word embeddings are fine-tuned or trained.
Special tokens have been added in the vocabulary, make sure the associated word embeddings are fine-tuned or trained.
Special tokens have been added in the vocabulary, make sure the associated word embeddings are fine-tuned or trained.
Special tokens have been added in the vocabulary, make sure the associated word embeddings are fine-tuned or trained.
Special tokens have been added in the vocabulary, make sure the associated word embeddings are fine-tuned or trained.
Special tokens have been added in the vocabulary, make sure the associated word embeddings are fine-tuned or trained.
You are adding a <class 'transformers.integrations.integration_utils.TensorBoardCallback'> to the callbacks of this Trainer, but there is already one. The currentlist of callbacks is
:DefaultFlowCallback
TensorBoardCallback
You are adding a <class 'transformers.integrations.integration_utils.TensorBoardCallback'> to the callbacks of this Trainer, but there is already one. The currentlist of callbacks is
:DefaultFlowCallback
TensorBoardCallback
You are adding a <class 'transformers.integrations.integration_utils.TensorBoardCallback'> to the callbacks of this Trainer, but there is already one. The currentlist of callbacks is
:DefaultFlowCallback
TensorBoardCallback
You are adding a <class 'transformers.integrations.integration_utils.TensorBoardCallback'> to the callbacks of this Trainer, but there is already one. The currentlist of callbacks is
:DefaultFlowCallback
TensorBoardCallback
You are adding a <class 'transformers.integrations.integration_utils.TensorBoardCallback'> to the callbacks of this Trainer, but there is already one. The currentlist of callbacks is
:DefaultFlowCallback
TensorBoardCallback
You are adding a <class 'transformers.integrations.integration_utils.TensorBoardCallback'> to the callbacks of this Trainer, but there is already one. The currentlist of callbacks is
:DefaultFlowCallback
TensorBoardCallback
You are adding a <class 'transformers.integrations.integration_utils.TensorBoardCallback'> to the callbacks of this Trainer, but there is already one. The currentlist of callbacks is
:DefaultFlowCallback
TensorBoardCallback
You are adding a <class 'transformers.integrations.integration_utils.TensorBoardCallback'> to the callbacks of this Trainer, but there is already one. The currentlist of callbacks is
:DefaultFlowCallback
TensorBoardCallback
  0%|          | 0/4267 [00:00<?, ?it/s]Traceback (most recent call last):
  File "/playpen-storage/yvs/LongVU/longvu/train.py", line 1135, in <module>
    train()
  File "/playpen-storage/yvs/LongVU/longvu/train.py", line 1123, in train
    trainer.train()
  File "/home/yvs/.local/lib/python3.10/site-packages/transformers/trainer.py", line 1932, in train
    return inner_training_loop(
  File "/home/yvs/.local/lib/python3.10/site-packages/transformers/trainer.py", line 2268, in _inner_training_loop
    tr_loss_step = self.training_step(model, inputs)
  File "/home/yvs/.local/lib/python3.10/site-packages/transformers/trainer.py", line 3307, in training_step
    loss = self.compute_loss(model, inputs)
  File "/home/yvs/.local/lib/python3.10/site-packages/transformers/trainer.py", line 3338, in compute_loss
    outputs = model(**inputs)
  File "/home/yvs/.local/lib/python3.10/site-packages/torch/nn/modules/module.py", line 1518, in _wrapped_call_impl
    return self._call_impl(*args, **kwargs)
  File "/home/yvs/.local/lib/python3.10/site-packages/torch/nn/modules/module.py", line 1527, in _call_impl
    return forward_call(*args, **kwargs)
  File "/home/yvs/.local/lib/python3.10/site-packages/deepspeed/utils/nvtx.py", line 15, in wrapped_fn
    ret_val = func(*args, **kwargs)
  File "/home/yvs/.local/lib/python3.10/site-packages/deepspeed/runtime/engine.py", line 1814, in forward
    loss = self.module(*inputs, **kwargs)
  File "/home/yvs/.local/lib/python3.10/site-packages/torch/nn/modules/module.py", line 1518, in _wrapped_call_impl
    return self._call_impl(*args, **kwargs)
  File "/home/yvs/.local/lib/python3.10/site-packages/torch/nn/modules/module.py", line 1527, in _call_impl
    return forward_call(*args, **kwargs)
  File "/playpen-storage/yvs/LongVU/longvu/language_model/cambrian_qwen.py", line 275, in forward
    ) = self.prepare_inputs_labels_for_compressor(
  File "/playpen-storage/yvs/LongVU/longvu/cambrian_arch.py", line 1499, in prepare_inputs_labels_for_compressor
    cur_new_input_embeds = torch.cat(cur_new_input_embeds)
RuntimeError: Tensors must have same number of dimensions: got 2 and 3
Traceback (most recent call last):
  File "/playpen-storage/yvs/LongVU/longvu/train.py", line 1135, in <module>
    train()
  File "/playpen-storage/yvs/LongVU/longvu/train.py", line 1123, in train
    trainer.train()
  File "/home/yvs/.local/lib/python3.10/site-packages/transformers/trainer.py", line 1932, in train
    return inner_training_loop(
  File "/home/yvs/.local/lib/python3.10/site-packages/transformers/trainer.py", line 2268, in _inner_training_loop
    tr_loss_step = self.training_step(model, inputs)
  File "/home/yvs/.local/lib/python3.10/site-packages/transformers/trainer.py", line 3307, in training_step
    loss = self.compute_loss(model, inputs)
  File "/home/yvs/.local/lib/python3.10/site-packages/transformers/trainer.py", line 3338, in compute_loss
    outputs = model(**inputs)
  File "/home/yvs/.local/lib/python3.10/site-packages/torch/nn/modules/module.py", line 1518, in _wrapped_call_impl
    return self._call_impl(*args, **kwargs)
  File "/home/yvs/.local/lib/python3.10/site-packages/torch/nn/modules/module.py", line 1527, in _call_impl
    return forward_call(*args, **kwargs)
  File "/home/yvs/.local/lib/python3.10/site-packages/deepspeed/utils/nvtx.py", line 15, in wrapped_fn
    ret_val = func(*args, **kwargs)
  File "/home/yvs/.local/lib/python3.10/site-packages/deepspeed/runtime/engine.py", line 1814, in forward
    loss = self.module(*inputs, **kwargs)
  File "/home/yvs/.local/lib/python3.10/site-packages/torch/nn/modules/module.py", line 1518, in _wrapped_call_impl
    return self._call_impl(*args, **kwargs)
  File "/home/yvs/.local/lib/python3.10/site-packages/torch/nn/modules/module.py", line 1527, in _call_impl
    return forward_call(*args, **kwargs)
  File "/playpen-storage/yvs/LongVU/longvu/language_model/cambrian_qwen.py", line 275, in forward
    ) = self.prepare_inputs_labels_for_compressor(
  File "/playpen-storage/yvs/LongVU/longvu/cambrian_arch.py", line 1499, in prepare_inputs_labels_for_compressor
    cur_new_input_embeds = torch.cat(cur_new_input_embeds)
RuntimeError: Tensors must have same number of dimensions: got 2 and 3
Traceback (most recent call last):
  File "/playpen-storage/yvs/LongVU/longvu/train.py", line 1135, in <module>
    train()
  File "/playpen-storage/yvs/LongVU/longvu/train.py", line 1123, in train
    trainer.train()
  File "/home/yvs/.local/lib/python3.10/site-packages/transformers/trainer.py", line 1932, in train
    return inner_training_loop(
  File "/home/yvs/.local/lib/python3.10/site-packages/transformers/trainer.py", line 2268, in _inner_training_loop
    tr_loss_step = self.training_step(model, inputs)
  File "/home/yvs/.local/lib/python3.10/site-packages/transformers/trainer.py", line 3307, in training_step
    loss = self.compute_loss(model, inputs)
  File "/home/yvs/.local/lib/python3.10/site-packages/transformers/trainer.py", line 3338, in compute_loss
    outputs = model(**inputs)
  File "/home/yvs/.local/lib/python3.10/site-packages/torch/nn/modules/module.py", line 1518, in _wrapped_call_impl
    return self._call_impl(*args, **kwargs)
  File "/home/yvs/.local/lib/python3.10/site-packages/torch/nn/modules/module.py", line 1527, in _call_impl
    return forward_call(*args, **kwargs)
  File "/home/yvs/.local/lib/python3.10/site-packages/deepspeed/utils/nvtx.py", line 15, in wrapped_fn
    ret_val = func(*args, **kwargs)
  File "/home/yvs/.local/lib/python3.10/site-packages/deepspeed/runtime/engine.py", line 1814, in forward
    loss = self.module(*inputs, **kwargs)
  File "/home/yvs/.local/lib/python3.10/site-packages/torch/nn/modules/module.py", line 1518, in _wrapped_call_impl
    return self._call_impl(*args, **kwargs)
  File "/home/yvs/.local/lib/python3.10/site-packages/torch/nn/modules/module.py", line 1527, in _call_impl
    return forward_call(*args, **kwargs)
  File "/playpen-storage/yvs/LongVU/longvu/language_model/cambrian_qwen.py", line 275, in forward
    ) = self.prepare_inputs_labels_for_compressor(
  File "/playpen-storage/yvs/LongVU/longvu/cambrian_arch.py", line 1499, in prepare_inputs_labels_for_compressor
    cur_new_input_embeds = torch.cat(cur_new_input_embeds)
RuntimeError: Tensors must have same number of dimensions: got 2 and 3
  0%|          | 0/4267 [00:04<?, ?it/s]
Traceback (most recent call last):
  File "/playpen-storage/yvs/LongVU/longvu/train.py", line 1135, in <module>
    train()
  File "/playpen-storage/yvs/LongVU/longvu/train.py", line 1123, in train
    trainer.train()
  File "/home/yvs/.local/lib/python3.10/site-packages/transformers/trainer.py", line 1932, in train
    return inner_training_loop(
  File "/home/yvs/.local/lib/python3.10/site-packages/transformers/trainer.py", line 2268, in _inner_training_loop
    tr_loss_step = self.training_step(model, inputs)
  File "/home/yvs/.local/lib/python3.10/site-packages/transformers/trainer.py", line 3307, in training_step
    loss = self.compute_loss(model, inputs)
  File "/home/yvs/.local/lib/python3.10/site-packages/transformers/trainer.py", line 3338, in compute_loss
    outputs = model(**inputs)
  File "/home/yvs/.local/lib/python3.10/site-packages/torch/nn/modules/module.py", line 1518, in _wrapped_call_impl
    return self._call_impl(*args, **kwargs)
  File "/home/yvs/.local/lib/python3.10/site-packages/torch/nn/modules/module.py", line 1527, in _call_impl
    return forward_call(*args, **kwargs)
  File "/home/yvs/.local/lib/python3.10/site-packages/deepspeed/utils/nvtx.py", line 15, in wrapped_fn
    ret_val = func(*args, **kwargs)
  File "/home/yvs/.local/lib/python3.10/site-packages/deepspeed/runtime/engine.py", line 1814, in forward
    loss = self.module(*inputs, **kwargs)
  File "/home/yvs/.local/lib/python3.10/site-packages/torch/nn/modules/module.py", line 1518, in _wrapped_call_impl
    return self._call_impl(*args, **kwargs)
  File "/home/yvs/.local/lib/python3.10/site-packages/torch/nn/modules/module.py", line 1527, in _call_impl
    return forward_call(*args, **kwargs)
  File "/playpen-storage/yvs/LongVU/longvu/language_model/cambrian_qwen.py", line 275, in forward
    ) = self.prepare_inputs_labels_for_compressor(
  File "/playpen-storage/yvs/LongVU/longvu/cambrian_arch.py", line 1499, in prepare_inputs_labels_for_compressor
    cur_new_input_embeds = torch.cat(cur_new_input_embeds)
RuntimeError: Tensors must have same number of dimensions: got 2 and 3
Traceback (most recent call last):
  File "/playpen-storage/yvs/LongVU/longvu/train.py", line 1135, in <module>
    train()
  File "/playpen-storage/yvs/LongVU/longvu/train.py", line 1123, in train
    trainer.train()
  File "/home/yvs/.local/lib/python3.10/site-packages/transformers/trainer.py", line 1932, in train
    return inner_training_loop(
  File "/home/yvs/.local/lib/python3.10/site-packages/transformers/trainer.py", line 2268, in _inner_training_loop
    tr_loss_step = self.training_step(model, inputs)
  File "/home/yvs/.local/lib/python3.10/site-packages/transformers/trainer.py", line 3307, in training_step
    loss = self.compute_loss(model, inputs)
  File "/home/yvs/.local/lib/python3.10/site-packages/transformers/trainer.py", line 3338, in compute_loss
    outputs = model(**inputs)
  File "/home/yvs/.local/lib/python3.10/site-packages/torch/nn/modules/module.py", line 1518, in _wrapped_call_impl
    return self._call_impl(*args, **kwargs)
  File "/home/yvs/.local/lib/python3.10/site-packages/torch/nn/modules/module.py", line 1527, in _call_impl
    return forward_call(*args, **kwargs)
  File "/home/yvs/.local/lib/python3.10/site-packages/deepspeed/utils/nvtx.py", line 15, in wrapped_fn
    ret_val = func(*args, **kwargs)
  File "/home/yvs/.local/lib/python3.10/site-packages/deepspeed/runtime/engine.py", line 1814, in forward
    loss = self.module(*inputs, **kwargs)
  File "/home/yvs/.local/lib/python3.10/site-packages/torch/nn/modules/module.py", line 1518, in _wrapped_call_impl
    return self._call_impl(*args, **kwargs)
  File "/home/yvs/.local/lib/python3.10/site-packages/torch/nn/modules/module.py", line 1527, in _call_impl
    return forward_call(*args, **kwargs)
  File "/playpen-storage/yvs/LongVU/longvu/language_model/cambrian_qwen.py", line 275, in forward
    ) = self.prepare_inputs_labels_for_compressor(
  File "/playpen-storage/yvs/LongVU/longvu/cambrian_arch.py", line 1499, in prepare_inputs_labels_for_compressor
    cur_new_input_embeds = torch.cat(cur_new_input_embeds)
RuntimeError: Tensors must have same number of dimensions: got 2 and 3
[2025-02-26 20:05:27,427] torch.distributed.elastic.multiprocessing.api: [WARNING] Sending process 1714347 closing signal SIGTERM
[2025-02-26 20:05:27,428] torch.distributed.elastic.multiprocessing.api: [WARNING] Sending process 1714350 closing signal SIGTERM
[2025-02-26 20:05:27,428] torch.distributed.elastic.multiprocessing.api: [WARNING] Sending process 1714351 closing signal SIGTERM
[2025-02-26 20:05:27,428] torch.distributed.elastic.multiprocessing.api: [WARNING] Sending process 1714352 closing signal SIGTERM
[2025-02-26 20:05:27,428] torch.distributed.elastic.multiprocessing.api: [WARNING] Sending process 1714353 closing signal SIGTERM
[2025-02-26 20:05:28,922] torch.distributed.elastic.multiprocessing.api: [ERROR] failed (exitcode: 1) local_rank: 0 (pid: 1714346) of binary: /usr/bin/python3
Traceback (most recent call last):
  File "/home/yvs/.local/bin/torchrun", line 8, in <module>
    sys.exit(main())
  File "/home/yvs/.local/lib/python3.10/site-packages/torch/distributed/elastic/multiprocessing/errors/__init__.py", line 346, in wrapper
    return f(*args, **kwargs)
  File "/home/yvs/.local/lib/python3.10/site-packages/torch/distributed/run.py", line 806, in main
    run(args)
  File "/home/yvs/.local/lib/python3.10/site-packages/torch/distributed/run.py", line 797, in run
    elastic_launch(
  File "/home/yvs/.local/lib/python3.10/site-packages/torch/distributed/launcher/api.py", line 134, in __call__
    return launch_agent(self._config, self._entrypoint, list(args))
  File "/home/yvs/.local/lib/python3.10/site-packages/torch/distributed/launcher/api.py", line 264, in launch_agent
    raise ChildFailedError(
torch.distributed.elastic.multiprocessing.errors.ChildFailedError: 
============================================================
longvu/train.py FAILED
------------------------------------------------------------
Failures:
[1]:
  time      : 2025-02-26_20:05:27
  host      : megatron.ib
  rank      : 2 (local_rank: 2)
  exitcode  : 1 (pid: 1714348)
  error_file: <N/A>
  traceback : To enable traceback see: https://pytorch.org/docs/stable/elastic/errors.html
[2]:
  time      : 2025-02-26_20:05:27
  host      : megatron.ib
  rank      : 3 (local_rank: 3)
  exitcode  : 1 (pid: 1714349)
  error_file: <N/A>
  traceback : To enable traceback see: https://pytorch.org/docs/stable/elastic/errors.html
------------------------------------------------------------
Root Cause (first observed failure):
[0]:
  time      : 2025-02-26_20:05:27
  host      : megatron.ib
  rank      : 0 (local_rank: 0)
  exitcode  : 1 (pid: 1714346)
  error_file: <N/A>
  traceback : To enable traceback see: https://pytorch.org/docs/stable/elastic/errors.html
============================================================
