[2025-02-26 15:41:27,616] torch.distributed.run: [WARNING] 
[2025-02-26 15:41:27,616] torch.distributed.run: [WARNING] *****************************************
[2025-02-26 15:41:27,616] torch.distributed.run: [WARNING] Setting OMP_NUM_THREADS environment variable for each process to be 1 in default, to avoid your system being overloaded, please further tune the variable for optimal performance in your application as needed. 
[2025-02-26 15:41:27,616] torch.distributed.run: [WARNING] *****************************************
Special tokens have been added in the vocabulary, make sure the associated word embeddings are fine-tuned or trained.
Special tokens have been added in the vocabulary, make sure the associated word embeddings are fine-tuned or trained.
Special tokens have been added in the vocabulary, make sure the associated word embeddings are fine-tuned or trained.
Special tokens have been added in the vocabulary, make sure the associated word embeddings are fine-tuned or trained.
Special tokens have been added in the vocabulary, make sure the associated word embeddings are fine-tuned or trained.
Special tokens have been added in the vocabulary, make sure the associated word embeddings are fine-tuned or trained.
Special tokens have been added in the vocabulary, make sure the associated word embeddings are fine-tuned or trained.
Special tokens have been added in the vocabulary, make sure the associated word embeddings are fine-tuned or trained.
/home/yvs/.local/lib/python3.10/site-packages/transformers/training_args.py:1494: FutureWarning: `evaluation_strategy` is deprecated and will be removed in version 4.46 of 🤗 Transformers. Use `eval_strategy` instead
  warnings.warn(
/home/yvs/.local/lib/python3.10/site-packages/transformers/training_args.py:1494: FutureWarning: `evaluation_strategy` is deprecated and will be removed in version 4.46 of 🤗 Transformers. Use `eval_strategy` instead
  warnings.warn(
/home/yvs/.local/lib/python3.10/site-packages/transformers/training_args.py:1494: FutureWarning: `evaluation_strategy` is deprecated and will be removed in version 4.46 of 🤗 Transformers. Use `eval_strategy` instead
  warnings.warn(
/home/yvs/.local/lib/python3.10/site-packages/transformers/training_args.py:1494: FutureWarning: `evaluation_strategy` is deprecated and will be removed in version 4.46 of 🤗 Transformers. Use `eval_strategy` instead
  warnings.warn(
/home/yvs/.local/lib/python3.10/site-packages/transformers/training_args.py:1494: FutureWarning: `evaluation_strategy` is deprecated and will be removed in version 4.46 of 🤗 Transformers. Use `eval_strategy` instead
  warnings.warn(
/home/yvs/.local/lib/python3.10/site-packages/transformers/training_args.py:1494: FutureWarning: `evaluation_strategy` is deprecated and will be removed in version 4.46 of 🤗 Transformers. Use `eval_strategy` instead
  warnings.warn(
/home/yvs/.local/lib/python3.10/site-packages/transformers/training_args.py:1494: FutureWarning: `evaluation_strategy` is deprecated and will be removed in version 4.46 of 🤗 Transformers. Use `eval_strategy` instead
  warnings.warn(
/home/yvs/.local/lib/python3.10/site-packages/transformers/training_args.py:1494: FutureWarning: `evaluation_strategy` is deprecated and will be removed in version 4.46 of 🤗 Transformers. Use `eval_strategy` instead
  warnings.warn(
Special tokens have been added in the vocabulary, make sure the associated word embeddings are fine-tuned or trained.
Special tokens have been added in the vocabulary, make sure the associated word embeddings are fine-tuned or trained.
Special tokens have been added in the vocabulary, make sure the associated word embeddings are fine-tuned or trained.
Special tokens have been added in the vocabulary, make sure the associated word embeddings are fine-tuned or trained.
Special tokens have been added in the vocabulary, make sure the associated word embeddings are fine-tuned or trained.
Special tokens have been added in the vocabulary, make sure the associated word embeddings are fine-tuned or trained.
Special tokens have been added in the vocabulary, make sure the associated word embeddings are fine-tuned or trained.
Special tokens have been added in the vocabulary, make sure the associated word embeddings are fine-tuned or trained.
You are adding a <class 'transformers.integrations.integration_utils.TensorBoardCallback'> to the callbacks of this Trainer, but there is already one. The currentlist of callbacks is
:DefaultFlowCallback
TensorBoardCallback
You are adding a <class 'transformers.integrations.integration_utils.TensorBoardCallback'> to the callbacks of this Trainer, but there is already one. The currentlist of callbacks is
:DefaultFlowCallback
TensorBoardCallback
You are adding a <class 'transformers.integrations.integration_utils.TensorBoardCallback'> to the callbacks of this Trainer, but there is already one. The currentlist of callbacks is
:DefaultFlowCallback
TensorBoardCallback
You are adding a <class 'transformers.integrations.integration_utils.TensorBoardCallback'> to the callbacks of this Trainer, but there is already one. The currentlist of callbacks is
:DefaultFlowCallback
TensorBoardCallback
You are adding a <class 'transformers.integrations.integration_utils.TensorBoardCallback'> to the callbacks of this Trainer, but there is already one. The currentlist of callbacks is
:DefaultFlowCallback
TensorBoardCallback
You are adding a <class 'transformers.integrations.integration_utils.TensorBoardCallback'> to the callbacks of this Trainer, but there is already one. The currentlist of callbacks is
:DefaultFlowCallback
TensorBoardCallback
You are adding a <class 'transformers.integrations.integration_utils.TensorBoardCallback'> to the callbacks of this Trainer, but there is already one. The currentlist of callbacks is
:DefaultFlowCallback
TensorBoardCallback
You are adding a <class 'transformers.integrations.integration_utils.TensorBoardCallback'> to the callbacks of this Trainer, but there is already one. The currentlist of callbacks is
:DefaultFlowCallback
TensorBoardCallback
  0%|          | 0/4267 [00:00<?, ?it/s]Traceback (most recent call last):
  File "/playpen-storage/yvs/LongVU/longvu/train.py", line 1133, in <module>
    train()
  File "/playpen-storage/yvs/LongVU/longvu/train.py", line 1121, in train
    trainer.train()
  File "/home/yvs/.local/lib/python3.10/site-packages/transformers/trainer.py", line 1932, in train
    return inner_training_loop(
  File "/home/yvs/.local/lib/python3.10/site-packages/transformers/trainer.py", line 2268, in _inner_training_loop
    tr_loss_step = self.training_step(model, inputs)
  File "/home/yvs/.local/lib/python3.10/site-packages/transformers/trainer.py", line 3307, in training_step
    loss = self.compute_loss(model, inputs)
  File "/home/yvs/.local/lib/python3.10/site-packages/transformers/trainer.py", line 3338, in compute_loss
    outputs = model(**inputs)
  File "/home/yvs/.local/lib/python3.10/site-packages/torch/nn/modules/module.py", line 1518, in _wrapped_call_impl
    return self._call_impl(*args, **kwargs)
  File "/home/yvs/.local/lib/python3.10/site-packages/torch/nn/modules/module.py", line 1527, in _call_impl
    return forward_call(*args, **kwargs)
  File "/home/yvs/.local/lib/python3.10/site-packages/deepspeed/utils/nvtx.py", line 15, in wrapped_fn
    ret_val = func(*args, **kwargs)
  File "/home/yvs/.local/lib/python3.10/site-packages/deepspeed/runtime/engine.py", line 1814, in forward
    loss = self.module(*inputs, **kwargs)
  File "/home/yvs/.local/lib/python3.10/site-packages/torch/nn/modules/module.py", line 1518, in _wrapped_call_impl
    return self._call_impl(*args, **kwargs)
  File "/home/yvs/.local/lib/python3.10/site-packages/torch/nn/modules/module.py", line 1527, in _call_impl
    return forward_call(*args, **kwargs)
  File "/playpen-storage/yvs/LongVU/longvu/language_model/cambrian_qwen.py", line 275, in forward
    ) = self.prepare_inputs_labels_for_compressor(
  File "/playpen-storage/yvs/LongVU/longvu/cambrian_arch.py", line 1250, in prepare_inputs_labels_for_compressor
    image_features_unpadded = self.get_model().compressor(image_features_unpadded)
  File "/home/yvs/.local/lib/python3.10/site-packages/torch/nn/modules/module.py", line 1518, in _wrapped_call_impl
    return self._call_impl(*args, **kwargs)
  File "/home/yvs/.local/lib/python3.10/site-packages/torch/nn/modules/module.py", line 1527, in _call_impl
    return forward_call(*args, **kwargs)
TypeError: MambaCompressorQuery.forward() missing 1 required positional argument: 'hidden_states'
Traceback (most recent call last):
  File "/playpen-storage/yvs/LongVU/longvu/train.py", line 1133, in <module>
    train()
  File "/playpen-storage/yvs/LongVU/longvu/train.py", line 1121, in train
    trainer.train()
  File "/home/yvs/.local/lib/python3.10/site-packages/transformers/trainer.py", line 1932, in train
    return inner_training_loop(
  File "/home/yvs/.local/lib/python3.10/site-packages/transformers/trainer.py", line 2268, in _inner_training_loop
    tr_loss_step = self.training_step(model, inputs)
  File "/home/yvs/.local/lib/python3.10/site-packages/transformers/trainer.py", line 3307, in training_step
    loss = self.compute_loss(model, inputs)
  File "/home/yvs/.local/lib/python3.10/site-packages/transformers/trainer.py", line 3338, in compute_loss
    outputs = model(**inputs)
  File "/home/yvs/.local/lib/python3.10/site-packages/torch/nn/modules/module.py", line 1518, in _wrapped_call_impl
    return self._call_impl(*args, **kwargs)
  File "/home/yvs/.local/lib/python3.10/site-packages/torch/nn/modules/module.py", line 1527, in _call_impl
    return forward_call(*args, **kwargs)
  File "/home/yvs/.local/lib/python3.10/site-packages/deepspeed/utils/nvtx.py", line 15, in wrapped_fn
    ret_val = func(*args, **kwargs)
  File "/home/yvs/.local/lib/python3.10/site-packages/deepspeed/runtime/engine.py", line 1814, in forward
    loss = self.module(*inputs, **kwargs)
  File "/home/yvs/.local/lib/python3.10/site-packages/torch/nn/modules/module.py", line 1518, in _wrapped_call_impl
    return self._call_impl(*args, **kwargs)
  File "/home/yvs/.local/lib/python3.10/site-packages/torch/nn/modules/module.py", line 1527, in _call_impl
    return forward_call(*args, **kwargs)
  File "/playpen-storage/yvs/LongVU/longvu/language_model/cambrian_qwen.py", line 275, in forward
    ) = self.prepare_inputs_labels_for_compressor(
  File "/playpen-storage/yvs/LongVU/longvu/cambrian_arch.py", line 1250, in prepare_inputs_labels_for_compressor
    image_features_unpadded = self.get_model().compressor(image_features_unpadded)
  File "/home/yvs/.local/lib/python3.10/site-packages/torch/nn/modules/module.py", line 1518, in _wrapped_call_impl
    return self._call_impl(*args, **kwargs)
  File "/home/yvs/.local/lib/python3.10/site-packages/torch/nn/modules/module.py", line 1527, in _call_impl
    return forward_call(*args, **kwargs)
TypeError: MambaCompressorQuery.forward() missing 1 required positional argument: 'hidden_states'
Traceback (most recent call last):
  File "/playpen-storage/yvs/LongVU/longvu/train.py", line 1133, in <module>
    train()
  File "/playpen-storage/yvs/LongVU/longvu/train.py", line 1121, in train
    trainer.train()
  File "/home/yvs/.local/lib/python3.10/site-packages/transformers/trainer.py", line 1932, in train
    return inner_training_loop(
  File "/home/yvs/.local/lib/python3.10/site-packages/transformers/trainer.py", line 2268, in _inner_training_loop
    tr_loss_step = self.training_step(model, inputs)
  File "/home/yvs/.local/lib/python3.10/site-packages/transformers/trainer.py", line 3307, in training_step
    loss = self.compute_loss(model, inputs)
  File "/home/yvs/.local/lib/python3.10/site-packages/transformers/trainer.py", line 3338, in compute_loss
    outputs = model(**inputs)
  File "/home/yvs/.local/lib/python3.10/site-packages/torch/nn/modules/module.py", line 1518, in _wrapped_call_impl
    return self._call_impl(*args, **kwargs)
  File "/home/yvs/.local/lib/python3.10/site-packages/torch/nn/modules/module.py", line 1527, in _call_impl
    return forward_call(*args, **kwargs)
  File "/home/yvs/.local/lib/python3.10/site-packages/deepspeed/utils/nvtx.py", line 15, in wrapped_fn
    ret_val = func(*args, **kwargs)
  File "/home/yvs/.local/lib/python3.10/site-packages/deepspeed/runtime/engine.py", line 1814, in forward
    loss = self.module(*inputs, **kwargs)
  File "/home/yvs/.local/lib/python3.10/site-packages/torch/nn/modules/module.py", line 1518, in _wrapped_call_impl
    return self._call_impl(*args, **kwargs)
  File "/home/yvs/.local/lib/python3.10/site-packages/torch/nn/modules/module.py", line 1527, in _call_impl
    return forward_call(*args, **kwargs)
  File "/playpen-storage/yvs/LongVU/longvu/language_model/cambrian_qwen.py", line 275, in forward
    ) = self.prepare_inputs_labels_for_compressor(
  File "/playpen-storage/yvs/LongVU/longvu/cambrian_arch.py", line 1250, in prepare_inputs_labels_for_compressor
    image_features_unpadded = self.get_model().compressor(image_features_unpadded)
  File "/home/yvs/.local/lib/python3.10/site-packages/torch/nn/modules/module.py", line 1518, in _wrapped_call_impl
    return self._call_impl(*args, **kwargs)
  File "/home/yvs/.local/lib/python3.10/site-packages/torch/nn/modules/module.py", line 1527, in _call_impl
    return forward_call(*args, **kwargs)
TypeError: MambaCompressorQuery.forward() missing 1 required positional argument: 'hidden_states'
Traceback (most recent call last):
  File "/playpen-storage/yvs/LongVU/longvu/train.py", line 1133, in <module>
    train()
  File "/playpen-storage/yvs/LongVU/longvu/train.py", line 1121, in train
    trainer.train()
  File "/home/yvs/.local/lib/python3.10/site-packages/transformers/trainer.py", line 1932, in train
    return inner_training_loop(
  File "/home/yvs/.local/lib/python3.10/site-packages/transformers/trainer.py", line 2268, in _inner_training_loop
    tr_loss_step = self.training_step(model, inputs)
  File "/home/yvs/.local/lib/python3.10/site-packages/transformers/trainer.py", line 3307, in training_step
    loss = self.compute_loss(model, inputs)
  File "/home/yvs/.local/lib/python3.10/site-packages/transformers/trainer.py", line 3338, in compute_loss
    outputs = model(**inputs)
  File "/home/yvs/.local/lib/python3.10/site-packages/torch/nn/modules/module.py", line 1518, in _wrapped_call_impl
    return self._call_impl(*args, **kwargs)
  File "/home/yvs/.local/lib/python3.10/site-packages/torch/nn/modules/module.py", line 1527, in _call_impl
    return forward_call(*args, **kwargs)
  File "/home/yvs/.local/lib/python3.10/site-packages/deepspeed/utils/nvtx.py", line 15, in wrapped_fn
    ret_val = func(*args, **kwargs)
  File "/home/yvs/.local/lib/python3.10/site-packages/deepspeed/runtime/engine.py", line 1814, in forward
    loss = self.module(*inputs, **kwargs)
  File "/home/yvs/.local/lib/python3.10/site-packages/torch/nn/modules/module.py", line 1518, in _wrapped_call_impl
    return self._call_impl(*args, **kwargs)
  File "/home/yvs/.local/lib/python3.10/site-packages/torch/nn/modules/module.py", line 1527, in _call_impl
    return forward_call(*args, **kwargs)
  File "/playpen-storage/yvs/LongVU/longvu/language_model/cambrian_qwen.py", line 275, in forward
    ) = self.prepare_inputs_labels_for_compressor(
  File "/playpen-storage/yvs/LongVU/longvu/cambrian_arch.py", line 1250, in prepare_inputs_labels_for_compressor
    image_features_unpadded = self.get_model().compressor(image_features_unpadded)
  File "/home/yvs/.local/lib/python3.10/site-packages/torch/nn/modules/module.py", line 1518, in _wrapped_call_impl
    return self._call_impl(*args, **kwargs)
  File "/home/yvs/.local/lib/python3.10/site-packages/torch/nn/modules/module.py", line 1527, in _call_impl
    return forward_call(*args, **kwargs)
TypeError: MambaCompressorQuery.forward() missing 1 required positional argument: 'hidden_states'
Traceback (most recent call last):
  File "/playpen-storage/yvs/LongVU/longvu/train.py", line 1133, in <module>
    train()
  File "/playpen-storage/yvs/LongVU/longvu/train.py", line 1121, in train
    trainer.train()
  File "/home/yvs/.local/lib/python3.10/site-packages/transformers/trainer.py", line 1932, in train
    return inner_training_loop(
  File "/home/yvs/.local/lib/python3.10/site-packages/transformers/trainer.py", line 2268, in _inner_training_loop
    tr_loss_step = self.training_step(model, inputs)
  File "/home/yvs/.local/lib/python3.10/site-packages/transformers/trainer.py", line 3307, in training_step
    loss = self.compute_loss(model, inputs)
  File "/home/yvs/.local/lib/python3.10/site-packages/transformers/trainer.py", line 3338, in compute_loss
    outputs = model(**inputs)
  File "/home/yvs/.local/lib/python3.10/site-packages/torch/nn/modules/module.py", line 1518, in _wrapped_call_impl
    return self._call_impl(*args, **kwargs)
  File "/home/yvs/.local/lib/python3.10/site-packages/torch/nn/modules/module.py", line 1527, in _call_impl
    return forward_call(*args, **kwargs)
  File "/home/yvs/.local/lib/python3.10/site-packages/deepspeed/utils/nvtx.py", line 15, in wrapped_fn
    ret_val = func(*args, **kwargs)
  File "/home/yvs/.local/lib/python3.10/site-packages/deepspeed/runtime/engine.py", line 1814, in forward
    loss = self.module(*inputs, **kwargs)
  File "/home/yvs/.local/lib/python3.10/site-packages/torch/nn/modules/module.py", line 1518, in _wrapped_call_impl
    return self._call_impl(*args, **kwargs)
  File "/home/yvs/.local/lib/python3.10/site-packages/torch/nn/modules/module.py", line 1527, in _call_impl
    return forward_call(*args, **kwargs)
  File "/playpen-storage/yvs/LongVU/longvu/language_model/cambrian_qwen.py", line 275, in forward
    ) = self.prepare_inputs_labels_for_compressor(
  File "/playpen-storage/yvs/LongVU/longvu/cambrian_arch.py", line 1250, in prepare_inputs_labels_for_compressor
    image_features_unpadded = self.get_model().compressor(image_features_unpadded)
  File "/home/yvs/.local/lib/python3.10/site-packages/torch/nn/modules/module.py", line 1518, in _wrapped_call_impl
    return self._call_impl(*args, **kwargs)
  File "/home/yvs/.local/lib/python3.10/site-packages/torch/nn/modules/module.py", line 1527, in _call_impl
    return forward_call(*args, **kwargs)
TypeError: MambaCompressorQuery.forward() missing 1 required positional argument: 'hidden_states'
Traceback (most recent call last):
  File "/playpen-storage/yvs/LongVU/longvu/train.py", line 1133, in <module>
    train()
  File "/playpen-storage/yvs/LongVU/longvu/train.py", line 1121, in train
    trainer.train()
  File "/home/yvs/.local/lib/python3.10/site-packages/transformers/trainer.py", line 1932, in train
    return inner_training_loop(
  File "/home/yvs/.local/lib/python3.10/site-packages/transformers/trainer.py", line 2268, in _inner_training_loop
    tr_loss_step = self.training_step(model, inputs)
  File "/home/yvs/.local/lib/python3.10/site-packages/transformers/trainer.py", line 3307, in training_step
    loss = self.compute_loss(model, inputs)
  File "/home/yvs/.local/lib/python3.10/site-packages/transformers/trainer.py", line 3338, in compute_loss
    outputs = model(**inputs)
  File "/home/yvs/.local/lib/python3.10/site-packages/torch/nn/modules/module.py", line 1518, in _wrapped_call_impl
    return self._call_impl(*args, **kwargs)
  File "/home/yvs/.local/lib/python3.10/site-packages/torch/nn/modules/module.py", line 1527, in _call_impl
    return forward_call(*args, **kwargs)
  File "/home/yvs/.local/lib/python3.10/site-packages/deepspeed/utils/nvtx.py", line 15, in wrapped_fn
    ret_val = func(*args, **kwargs)
  File "/home/yvs/.local/lib/python3.10/site-packages/deepspeed/runtime/engine.py", line 1814, in forward
    loss = self.module(*inputs, **kwargs)
  File "/home/yvs/.local/lib/python3.10/site-packages/torch/nn/modules/module.py", line 1518, in _wrapped_call_impl
    return self._call_impl(*args, **kwargs)
  File "/home/yvs/.local/lib/python3.10/site-packages/torch/nn/modules/module.py", line 1527, in _call_impl
    return forward_call(*args, **kwargs)
  File "/playpen-storage/yvs/LongVU/longvu/language_model/cambrian_qwen.py", line 275, in forward
    ) = self.prepare_inputs_labels_for_compressor(
  File "/playpen-storage/yvs/LongVU/longvu/cambrian_arch.py", line 1250, in prepare_inputs_labels_for_compressor
    image_features_unpadded = self.get_model().compressor(image_features_unpadded)
  File "/home/yvs/.local/lib/python3.10/site-packages/torch/nn/modules/module.py", line 1518, in _wrapped_call_impl
    return self._call_impl(*args, **kwargs)
  File "/home/yvs/.local/lib/python3.10/site-packages/torch/nn/modules/module.py", line 1527, in _call_impl
    return forward_call(*args, **kwargs)
TypeError: MambaCompressorQuery.forward() missing 1 required positional argument: 'hidden_states'
  0%|          | 0/4267 [00:04<?, ?it/s]
[2025-02-26 15:42:22,686] torch.distributed.elastic.multiprocessing.api: [WARNING] Sending process 1589411 closing signal SIGTERM
[2025-02-26 15:42:22,686] torch.distributed.elastic.multiprocessing.api: [WARNING] Sending process 1589412 closing signal SIGTERM
[2025-02-26 15:42:22,686] torch.distributed.elastic.multiprocessing.api: [WARNING] Sending process 1589414 closing signal SIGTERM
[2025-02-26 15:42:22,687] torch.distributed.elastic.multiprocessing.api: [WARNING] Sending process 1589415 closing signal SIGTERM
[2025-02-26 15:42:22,687] torch.distributed.elastic.multiprocessing.api: [WARNING] Sending process 1589416 closing signal SIGTERM
[2025-02-26 15:42:22,687] torch.distributed.elastic.multiprocessing.api: [WARNING] Sending process 1589418 closing signal SIGTERM
[2025-02-26 15:42:24,117] torch.distributed.elastic.multiprocessing.api: [ERROR] failed (exitcode: 1) local_rank: 2 (pid: 1589413) of binary: /usr/bin/python3
Traceback (most recent call last):
  File "/home/yvs/.local/bin/torchrun", line 8, in <module>
    sys.exit(main())
  File "/home/yvs/.local/lib/python3.10/site-packages/torch/distributed/elastic/multiprocessing/errors/__init__.py", line 346, in wrapper
    return f(*args, **kwargs)
  File "/home/yvs/.local/lib/python3.10/site-packages/torch/distributed/run.py", line 806, in main
    run(args)
  File "/home/yvs/.local/lib/python3.10/site-packages/torch/distributed/run.py", line 797, in run
    elastic_launch(
  File "/home/yvs/.local/lib/python3.10/site-packages/torch/distributed/launcher/api.py", line 134, in __call__
    return launch_agent(self._config, self._entrypoint, list(args))
  File "/home/yvs/.local/lib/python3.10/site-packages/torch/distributed/launcher/api.py", line 264, in launch_agent
    raise ChildFailedError(
torch.distributed.elastic.multiprocessing.errors.ChildFailedError: 
============================================================
longvu/train.py FAILED
------------------------------------------------------------
Failures:
[1]:
  time      : 2025-02-26_15:42:22
  host      : megatron.ib
  rank      : 6 (local_rank: 6)
  exitcode  : 1 (pid: 1589417)
  error_file: <N/A>
  traceback : To enable traceback see: https://pytorch.org/docs/stable/elastic/errors.html
------------------------------------------------------------
Root Cause (first observed failure):
[0]:
  time      : 2025-02-26_15:42:22
  host      : megatron.ib
  rank      : 2 (local_rank: 2)
  exitcode  : 1 (pid: 1589413)
  error_file: <N/A>
  traceback : To enable traceback see: https://pytorch.org/docs/stable/elastic/errors.html
============================================================
