[2025-02-17 19:56:00,805] torch.distributed.run: [WARNING] 
[2025-02-17 19:56:00,805] torch.distributed.run: [WARNING] *****************************************
[2025-02-17 19:56:00,805] torch.distributed.run: [WARNING] Setting OMP_NUM_THREADS environment variable for each process to be 1 in default, to avoid your system being overloaded, please further tune the variable for optimal performance in your application as needed. 
[2025-02-17 19:56:00,805] torch.distributed.run: [WARNING] *****************************************
Special tokens have been added in the vocabulary, make sure the associated word embeddings are fine-tuned or trained.
Special tokens have been added in the vocabulary, make sure the associated word embeddings are fine-tuned or trained.
Special tokens have been added in the vocabulary, make sure the associated word embeddings are fine-tuned or trained.
Special tokens have been added in the vocabulary, make sure the associated word embeddings are fine-tuned or trained.
Special tokens have been added in the vocabulary, make sure the associated word embeddings are fine-tuned or trained.
Special tokens have been added in the vocabulary, make sure the associated word embeddings are fine-tuned or trained.
Special tokens have been added in the vocabulary, make sure the associated word embeddings are fine-tuned or trained.
Special tokens have been added in the vocabulary, make sure the associated word embeddings are fine-tuned or trained.
/home/yvs/.local/lib/python3.10/site-packages/transformers/training_args.py:1494: FutureWarning: `evaluation_strategy` is deprecated and will be removed in version 4.46 of 🤗 Transformers. Use `eval_strategy` instead
  warnings.warn(
/home/yvs/.local/lib/python3.10/site-packages/transformers/training_args.py:1494: FutureWarning: `evaluation_strategy` is deprecated and will be removed in version 4.46 of 🤗 Transformers. Use `eval_strategy` instead
  warnings.warn(
/home/yvs/.local/lib/python3.10/site-packages/transformers/training_args.py:1494: FutureWarning: `evaluation_strategy` is deprecated and will be removed in version 4.46 of 🤗 Transformers. Use `eval_strategy` instead
  warnings.warn(
/home/yvs/.local/lib/python3.10/site-packages/transformers/training_args.py:1494: FutureWarning: `evaluation_strategy` is deprecated and will be removed in version 4.46 of 🤗 Transformers. Use `eval_strategy` instead
  warnings.warn(
/home/yvs/.local/lib/python3.10/site-packages/transformers/training_args.py:1494: FutureWarning: `evaluation_strategy` is deprecated and will be removed in version 4.46 of 🤗 Transformers. Use `eval_strategy` instead
  warnings.warn(
/home/yvs/.local/lib/python3.10/site-packages/transformers/training_args.py:1494: FutureWarning: `evaluation_strategy` is deprecated and will be removed in version 4.46 of 🤗 Transformers. Use `eval_strategy` instead
  warnings.warn(
/home/yvs/.local/lib/python3.10/site-packages/transformers/training_args.py:1494: FutureWarning: `evaluation_strategy` is deprecated and will be removed in version 4.46 of 🤗 Transformers. Use `eval_strategy` instead
  warnings.warn(
/home/yvs/.local/lib/python3.10/site-packages/transformers/training_args.py:1494: FutureWarning: `evaluation_strategy` is deprecated and will be removed in version 4.46 of 🤗 Transformers. Use `eval_strategy` instead
  warnings.warn(
Special tokens have been added in the vocabulary, make sure the associated word embeddings are fine-tuned or trained.
Special tokens have been added in the vocabulary, make sure the associated word embeddings are fine-tuned or trained.
Special tokens have been added in the vocabulary, make sure the associated word embeddings are fine-tuned or trained.
Special tokens have been added in the vocabulary, make sure the associated word embeddings are fine-tuned or trained.
Special tokens have been added in the vocabulary, make sure the associated word embeddings are fine-tuned or trained.
Special tokens have been added in the vocabulary, make sure the associated word embeddings are fine-tuned or trained.
Special tokens have been added in the vocabulary, make sure the associated word embeddings are fine-tuned or trained.
Special tokens have been added in the vocabulary, make sure the associated word embeddings are fine-tuned or trained.
Traceback (most recent call last):
  File "/playpen-storage/yvs/LongVU/longvu/train.py", line 1129, in <module>
    train()
  File "/playpen-storage/yvs/LongVU/longvu/train.py", line 1082, in train
    data_module = make_supervised_data_module(tokenizer=tokenizer, data_args=data_args)
  File "/playpen-storage/yvs/LongVU/longvu/train.py", line 794, in make_supervised_data_module
    train_dataset = LazySupervisedDataset(
  File "/playpen-storage/yvs/LongVU/longvu/train.py", line 416, in __init__
    list_data_dict = json.load(open(data_path, "r"))
FileNotFoundError: [Errno 2] No such file or directory: './data/nextqa/train.json'
Traceback (most recent call last):
  File "/playpen-storage/yvs/LongVU/longvu/train.py", line 1129, in <module>
    train()
  File "/playpen-storage/yvs/LongVU/longvu/train.py", line 1082, in train
    data_module = make_supervised_data_module(tokenizer=tokenizer, data_args=data_args)
  File "/playpen-storage/yvs/LongVU/longvu/train.py", line 794, in make_supervised_data_module
    train_dataset = LazySupervisedDataset(
  File "/playpen-storage/yvs/LongVU/longvu/train.py", line 416, in __init__
    list_data_dict = json.load(open(data_path, "r"))
FileNotFoundError: [Errno 2] No such file or directory: './data/nextqa/train.json'
Traceback (most recent call last):
  File "/playpen-storage/yvs/LongVU/longvu/train.py", line 1129, in <module>
    train()
  File "/playpen-storage/yvs/LongVU/longvu/train.py", line 1082, in train
    data_module = make_supervised_data_module(tokenizer=tokenizer, data_args=data_args)
  File "/playpen-storage/yvs/LongVU/longvu/train.py", line 794, in make_supervised_data_module
    train_dataset = LazySupervisedDataset(
  File "/playpen-storage/yvs/LongVU/longvu/train.py", line 416, in __init__
    list_data_dict = json.load(open(data_path, "r"))
FileNotFoundError: [Errno 2] No such file or directory: './data/nextqa/train.json'
Traceback (most recent call last):
  File "/playpen-storage/yvs/LongVU/longvu/train.py", line 1129, in <module>
    train()
  File "/playpen-storage/yvs/LongVU/longvu/train.py", line 1082, in train
    data_module = make_supervised_data_module(tokenizer=tokenizer, data_args=data_args)
  File "/playpen-storage/yvs/LongVU/longvu/train.py", line 794, in make_supervised_data_module
    train_dataset = LazySupervisedDataset(
  File "/playpen-storage/yvs/LongVU/longvu/train.py", line 416, in __init__
    list_data_dict = json.load(open(data_path, "r"))
FileNotFoundError: [Errno 2] No such file or directory: './data/nextqa/train.json'
Traceback (most recent call last):
  File "/playpen-storage/yvs/LongVU/longvu/train.py", line 1129, in <module>
    train()
  File "/playpen-storage/yvs/LongVU/longvu/train.py", line 1082, in train
    data_module = make_supervised_data_module(tokenizer=tokenizer, data_args=data_args)
  File "/playpen-storage/yvs/LongVU/longvu/train.py", line 794, in make_supervised_data_module
    train_dataset = LazySupervisedDataset(
  File "/playpen-storage/yvs/LongVU/longvu/train.py", line 416, in __init__
    list_data_dict = json.load(open(data_path, "r"))
FileNotFoundError: [Errno 2] No such file or directory: './data/nextqa/train.json'
Traceback (most recent call last):
  File "/playpen-storage/yvs/LongVU/longvu/train.py", line 1129, in <module>
    train()
  File "/playpen-storage/yvs/LongVU/longvu/train.py", line 1082, in train
    data_module = make_supervised_data_module(tokenizer=tokenizer, data_args=data_args)
  File "/playpen-storage/yvs/LongVU/longvu/train.py", line 794, in make_supervised_data_module
    train_dataset = LazySupervisedDataset(
  File "/playpen-storage/yvs/LongVU/longvu/train.py", line 416, in __init__
    list_data_dict = json.load(open(data_path, "r"))
FileNotFoundError: [Errno 2] No such file or directory: './data/nextqa/train.json'
Traceback (most recent call last):
  File "/playpen-storage/yvs/LongVU/longvu/train.py", line 1129, in <module>
    train()
  File "/playpen-storage/yvs/LongVU/longvu/train.py", line 1082, in train
    data_module = make_supervised_data_module(tokenizer=tokenizer, data_args=data_args)
  File "/playpen-storage/yvs/LongVU/longvu/train.py", line 794, in make_supervised_data_module
    train_dataset = LazySupervisedDataset(
  File "/playpen-storage/yvs/LongVU/longvu/train.py", line 416, in __init__
    list_data_dict = json.load(open(data_path, "r"))
FileNotFoundError: [Errno 2] No such file or directory: './data/nextqa/train.json'
Traceback (most recent call last):
  File "/playpen-storage/yvs/LongVU/longvu/train.py", line 1129, in <module>
    train()
  File "/playpen-storage/yvs/LongVU/longvu/train.py", line 1082, in train
    data_module = make_supervised_data_module(tokenizer=tokenizer, data_args=data_args)
  File "/playpen-storage/yvs/LongVU/longvu/train.py", line 794, in make_supervised_data_module
    train_dataset = LazySupervisedDataset(
  File "/playpen-storage/yvs/LongVU/longvu/train.py", line 416, in __init__
    list_data_dict = json.load(open(data_path, "r"))
FileNotFoundError: [Errno 2] No such file or directory: './data/nextqa/train.json'
[2025-02-17 19:56:40,867] torch.distributed.elastic.multiprocessing.api: [WARNING] Sending process 1548742 closing signal SIGTERM
[2025-02-17 19:56:40,868] torch.distributed.elastic.multiprocessing.api: [WARNING] Sending process 1548744 closing signal SIGTERM
[2025-02-17 19:56:41,597] torch.distributed.elastic.multiprocessing.api: [ERROR] failed (exitcode: 1) local_rank: 1 (pid: 1548743) of binary: /usr/bin/python3
Traceback (most recent call last):
  File "/home/yvs/.local/bin/torchrun", line 8, in <module>
    sys.exit(main())
  File "/home/yvs/.local/lib/python3.10/site-packages/torch/distributed/elastic/multiprocessing/errors/__init__.py", line 346, in wrapper
    return f(*args, **kwargs)
  File "/home/yvs/.local/lib/python3.10/site-packages/torch/distributed/run.py", line 806, in main
    run(args)
  File "/home/yvs/.local/lib/python3.10/site-packages/torch/distributed/run.py", line 797, in run
    elastic_launch(
  File "/home/yvs/.local/lib/python3.10/site-packages/torch/distributed/launcher/api.py", line 134, in __call__
    return launch_agent(self._config, self._entrypoint, list(args))
  File "/home/yvs/.local/lib/python3.10/site-packages/torch/distributed/launcher/api.py", line 264, in launch_agent
    raise ChildFailedError(
torch.distributed.elastic.multiprocessing.errors.ChildFailedError: 
============================================================
longvu/train.py FAILED
------------------------------------------------------------
Failures:
[1]:
  time      : 2025-02-17_19:56:40
  host      : megatron.ib
  rank      : 3 (local_rank: 3)
  exitcode  : 1 (pid: 1548745)
  error_file: <N/A>
  traceback : To enable traceback see: https://pytorch.org/docs/stable/elastic/errors.html
[2]:
  time      : 2025-02-17_19:56:40
  host      : megatron.ib
  rank      : 4 (local_rank: 4)
  exitcode  : 1 (pid: 1548746)
  error_file: <N/A>
  traceback : To enable traceback see: https://pytorch.org/docs/stable/elastic/errors.html
[3]:
  time      : 2025-02-17_19:56:40
  host      : megatron.ib
  rank      : 5 (local_rank: 5)
  exitcode  : 1 (pid: 1548747)
  error_file: <N/A>
  traceback : To enable traceback see: https://pytorch.org/docs/stable/elastic/errors.html
[4]:
  time      : 2025-02-17_19:56:40
  host      : megatron.ib
  rank      : 6 (local_rank: 6)
  exitcode  : 1 (pid: 1548748)
  error_file: <N/A>
  traceback : To enable traceback see: https://pytorch.org/docs/stable/elastic/errors.html
[5]:
  time      : 2025-02-17_19:56:40
  host      : megatron.ib
  rank      : 7 (local_rank: 7)
  exitcode  : 1 (pid: 1548749)
  error_file: <N/A>
  traceback : To enable traceback see: https://pytorch.org/docs/stable/elastic/errors.html
------------------------------------------------------------
Root Cause (first observed failure):
[0]:
  time      : 2025-02-17_19:56:40
  host      : megatron.ib
  rank      : 1 (local_rank: 1)
  exitcode  : 1 (pid: 1548743)
  error_file: <N/A>
  traceback : To enable traceback see: https://pytorch.org/docs/stable/elastic/errors.html
============================================================
