[2025-02-17 19:58:48,253] torch.distributed.run: [WARNING] 
[2025-02-17 19:58:48,253] torch.distributed.run: [WARNING] *****************************************
[2025-02-17 19:58:48,253] torch.distributed.run: [WARNING] Setting OMP_NUM_THREADS environment variable for each process to be 1 in default, to avoid your system being overloaded, please further tune the variable for optimal performance in your application as needed. 
[2025-02-17 19:58:48,253] torch.distributed.run: [WARNING] *****************************************
Special tokens have been added in the vocabulary, make sure the associated word embeddings are fine-tuned or trained.
Special tokens have been added in the vocabulary, make sure the associated word embeddings are fine-tuned or trained.
Special tokens have been added in the vocabulary, make sure the associated word embeddings are fine-tuned or trained.
Special tokens have been added in the vocabulary, make sure the associated word embeddings are fine-tuned or trained.
Special tokens have been added in the vocabulary, make sure the associated word embeddings are fine-tuned or trained.
Special tokens have been added in the vocabulary, make sure the associated word embeddings are fine-tuned or trained.
Special tokens have been added in the vocabulary, make sure the associated word embeddings are fine-tuned or trained.
Special tokens have been added in the vocabulary, make sure the associated word embeddings are fine-tuned or trained.
/home/yvs/.local/lib/python3.10/site-packages/transformers/training_args.py:1494: FutureWarning: `evaluation_strategy` is deprecated and will be removed in version 4.46 of 🤗 Transformers. Use `eval_strategy` instead
  warnings.warn(
/home/yvs/.local/lib/python3.10/site-packages/transformers/training_args.py:1494: FutureWarning: `evaluation_strategy` is deprecated and will be removed in version 4.46 of 🤗 Transformers. Use `eval_strategy` instead
  warnings.warn(
/home/yvs/.local/lib/python3.10/site-packages/transformers/training_args.py:1494: FutureWarning: `evaluation_strategy` is deprecated and will be removed in version 4.46 of 🤗 Transformers. Use `eval_strategy` instead
  warnings.warn(
/home/yvs/.local/lib/python3.10/site-packages/transformers/training_args.py:1494: FutureWarning: `evaluation_strategy` is deprecated and will be removed in version 4.46 of 🤗 Transformers. Use `eval_strategy` instead
  warnings.warn(
/home/yvs/.local/lib/python3.10/site-packages/transformers/training_args.py:1494: FutureWarning: `evaluation_strategy` is deprecated and will be removed in version 4.46 of 🤗 Transformers. Use `eval_strategy` instead
  warnings.warn(
/home/yvs/.local/lib/python3.10/site-packages/transformers/training_args.py:1494: FutureWarning: `evaluation_strategy` is deprecated and will be removed in version 4.46 of 🤗 Transformers. Use `eval_strategy` instead
  warnings.warn(
/home/yvs/.local/lib/python3.10/site-packages/transformers/training_args.py:1494: FutureWarning: `evaluation_strategy` is deprecated and will be removed in version 4.46 of 🤗 Transformers. Use `eval_strategy` instead
  warnings.warn(
/home/yvs/.local/lib/python3.10/site-packages/transformers/training_args.py:1494: FutureWarning: `evaluation_strategy` is deprecated and will be removed in version 4.46 of 🤗 Transformers. Use `eval_strategy` instead
  warnings.warn(
Special tokens have been added in the vocabulary, make sure the associated word embeddings are fine-tuned or trained.
Special tokens have been added in the vocabulary, make sure the associated word embeddings are fine-tuned or trained.
Special tokens have been added in the vocabulary, make sure the associated word embeddings are fine-tuned or trained.
Special tokens have been added in the vocabulary, make sure the associated word embeddings are fine-tuned or trained.
Special tokens have been added in the vocabulary, make sure the associated word embeddings are fine-tuned or trained.
Special tokens have been added in the vocabulary, make sure the associated word embeddings are fine-tuned or trained.
Special tokens have been added in the vocabulary, make sure the associated word embeddings are fine-tuned or trained.
Special tokens have been added in the vocabulary, make sure the associated word embeddings are fine-tuned or trained.
You are adding a <class 'transformers.integrations.integration_utils.TensorBoardCallback'> to the callbacks of this Trainer, but there is already one. The currentlist of callbacks is
:DefaultFlowCallback
TensorBoardCallback
You are adding a <class 'transformers.integrations.integration_utils.TensorBoardCallback'> to the callbacks of this Trainer, but there is already one. The currentlist of callbacks is
:DefaultFlowCallback
TensorBoardCallback
You are adding a <class 'transformers.integrations.integration_utils.TensorBoardCallback'> to the callbacks of this Trainer, but there is already one. The currentlist of callbacks is
:DefaultFlowCallback
TensorBoardCallback
You are adding a <class 'transformers.integrations.integration_utils.TensorBoardCallback'> to the callbacks of this Trainer, but there is already one. The currentlist of callbacks is
:DefaultFlowCallback
TensorBoardCallback
You are adding a <class 'transformers.integrations.integration_utils.TensorBoardCallback'> to the callbacks of this Trainer, but there is already one. The currentlist of callbacks is
:DefaultFlowCallback
TensorBoardCallback
You are adding a <class 'transformers.integrations.integration_utils.TensorBoardCallback'> to the callbacks of this Trainer, but there is already one. The currentlist of callbacks is
:DefaultFlowCallback
TensorBoardCallback
You are adding a <class 'transformers.integrations.integration_utils.TensorBoardCallback'> to the callbacks of this Trainer, but there is already one. The currentlist of callbacks is
:DefaultFlowCallback
TensorBoardCallback
You are adding a <class 'transformers.integrations.integration_utils.TensorBoardCallback'> to the callbacks of this Trainer, but there is already one. The currentlist of callbacks is
:DefaultFlowCallback
TensorBoardCallback
  0%|          | 0/4267 [00:00<?, ?it/s]/home/yvs/.local/lib/python3.10/site-packages/torch/utils/checkpoint.py:429: UserWarning: torch.utils.checkpoint: please pass in use_reentrant=True or use_reentrant=False explicitly. The default value of use_reentrant will be updated to be False in the future. To maintain current behavior, pass use_reentrant=True. It is recommended that you use use_reentrant=False. Refer to docs for more details on the differences between the two variants.
  warnings.warn(
/home/yvs/.local/lib/python3.10/site-packages/torch/utils/checkpoint.py:429: UserWarning: torch.utils.checkpoint: please pass in use_reentrant=True or use_reentrant=False explicitly. The default value of use_reentrant will be updated to be False in the future. To maintain current behavior, pass use_reentrant=True. It is recommended that you use use_reentrant=False. Refer to docs for more details on the differences between the two variants.
  warnings.warn(
/home/yvs/.local/lib/python3.10/site-packages/torch/utils/checkpoint.py:429: UserWarning: torch.utils.checkpoint: please pass in use_reentrant=True or use_reentrant=False explicitly. The default value of use_reentrant will be updated to be False in the future. To maintain current behavior, pass use_reentrant=True. It is recommended that you use use_reentrant=False. Refer to docs for more details on the differences between the two variants.
  warnings.warn(
/home/yvs/.local/lib/python3.10/site-packages/torch/utils/checkpoint.py:429: UserWarning: torch.utils.checkpoint: please pass in use_reentrant=True or use_reentrant=False explicitly. The default value of use_reentrant will be updated to be False in the future. To maintain current behavior, pass use_reentrant=True. It is recommended that you use use_reentrant=False. Refer to docs for more details on the differences between the two variants.
  warnings.warn(
/home/yvs/.local/lib/python3.10/site-packages/torch/utils/checkpoint.py:429: UserWarning: torch.utils.checkpoint: please pass in use_reentrant=True or use_reentrant=False explicitly. The default value of use_reentrant will be updated to be False in the future. To maintain current behavior, pass use_reentrant=True. It is recommended that you use use_reentrant=False. Refer to docs for more details on the differences between the two variants.
  warnings.warn(
/home/yvs/.local/lib/python3.10/site-packages/torch/utils/checkpoint.py:429: UserWarning: torch.utils.checkpoint: please pass in use_reentrant=True or use_reentrant=False explicitly. The default value of use_reentrant will be updated to be False in the future. To maintain current behavior, pass use_reentrant=True. It is recommended that you use use_reentrant=False. Refer to docs for more details on the differences between the two variants.
  warnings.warn(
/home/yvs/.local/lib/python3.10/site-packages/torch/utils/checkpoint.py:429: UserWarning: torch.utils.checkpoint: please pass in use_reentrant=True or use_reentrant=False explicitly. The default value of use_reentrant will be updated to be False in the future. To maintain current behavior, pass use_reentrant=True. It is recommended that you use use_reentrant=False. Refer to docs for more details on the differences between the two variants.
  warnings.warn(
/home/yvs/.local/lib/python3.10/site-packages/torch/utils/checkpoint.py:429: UserWarning: torch.utils.checkpoint: please pass in use_reentrant=True or use_reentrant=False explicitly. The default value of use_reentrant will be updated to be False in the future. To maintain current behavior, pass use_reentrant=True. It is recommended that you use use_reentrant=False. Refer to docs for more details on the differences between the two variants.
  warnings.warn(
Traceback (most recent call last):
  File "/playpen-storage/yvs/LongVU/longvu/train.py", line 1129, in <module>
    train()
  File "/playpen-storage/yvs/LongVU/longvu/train.py", line 1117, in train
    trainer.train()
  File "/home/yvs/.local/lib/python3.10/site-packages/transformers/trainer.py", line 1932, in train
    return inner_training_loop(
  File "/home/yvs/.local/lib/python3.10/site-packages/transformers/trainer.py", line 2268, in _inner_training_loop
    tr_loss_step = self.training_step(model, inputs)
  File "/home/yvs/.local/lib/python3.10/site-packages/transformers/trainer.py", line 3324, in training_step
    self.accelerator.backward(loss, **kwargs)
  File "/home/yvs/.local/lib/python3.10/site-packages/accelerate/accelerator.py", line 2188, in backward
    self.deepspeed_engine_wrapped.backward(loss, **kwargs)
  File "/home/yvs/.local/lib/python3.10/site-packages/accelerate/utils/deepspeed.py", line 166, in backward
    self.engine.backward(loss, **kwargs)
  File "/home/yvs/.local/lib/python3.10/site-packages/deepspeed/utils/nvtx.py", line 15, in wrapped_fn
    ret_val = func(*args, **kwargs)
  File "/home/yvs/.local/lib/python3.10/site-packages/deepspeed/runtime/engine.py", line 1936, in backward
    self.optimizer.backward(loss, retain_graph=retain_graph)
  File "/home/yvs/.local/lib/python3.10/site-packages/deepspeed/runtime/zero/stage_1_and_2.py", line 1953, in backward
    self.loss_scaler.backward(loss.float(), retain_graph=retain_graph)
  File "/home/yvs/.local/lib/python3.10/site-packages/deepspeed/runtime/fp16/loss_scaler.py", line 63, in backward
    scaled_loss.backward(retain_graph=retain_graph)
  File "/home/yvs/.local/lib/python3.10/site-packages/torch/_tensor.py", line 492, in backward
    torch.autograd.backward(
  File "/home/yvs/.local/lib/python3.10/site-packages/torch/autograd/__init__.py", line 251, in backward
    Variable._execution_engine.run_backward(  # Calls into the C++ engine to run the backward pass
torch.cuda.OutOfMemoryError: CUDA out of memory. Tried to allocate 4.37 GiB. GPU 1 has a total capacty of 47.53 GiB of which 1.48 GiB is free. Including non-PyTorch memory, this process has 46.04 GiB memory in use. Of the allocated memory 44.20 GiB is allocated by PyTorch, and 1.22 GiB is reserved by PyTorch but unallocated. If reserved but unallocated memory is large try setting max_split_size_mb to avoid fragmentation.  See documentation for Memory Management and PYTORCH_CUDA_ALLOC_CONF
[E ProcessGroupGloo.cpp:2810] [Rank 0]: Rank 1 failed to pass monitoredBarrier in 1800000 ms
[E ProcessGroupGloo.cpp:138] [Rank 0]: Ranks 1 failed to pass monitoredBarrier in 1800000 ms
Traceback (most recent call last):
  File "/playpen-storage/yvs/LongVU/longvu/train.py", line 1129, in <module>
    train()
  File "/playpen-storage/yvs/LongVU/longvu/train.py", line 1117, in train
    trainer.train()
  File "/home/yvs/.local/lib/python3.10/site-packages/transformers/trainer.py", line 1932, in train
    return inner_training_loop(
  File "/home/yvs/.local/lib/python3.10/site-packages/transformers/trainer.py", line 2268, in _inner_training_loop
    tr_loss_step = self.training_step(model, inputs)
  File "/home/yvs/.local/lib/python3.10/site-packages/transformers/trainer.py", line 3324, in training_step
    self.accelerator.backward(loss, **kwargs)
  File "/home/yvs/.local/lib/python3.10/site-packages/accelerate/accelerator.py", line 2188, in backward
    self.deepspeed_engine_wrapped.backward(loss, **kwargs)
  File "/home/yvs/.local/lib/python3.10/site-packages/accelerate/utils/deepspeed.py", line 166, in backward
    self.engine.backward(loss, **kwargs)
  File "/home/yvs/.local/lib/python3.10/site-packages/deepspeed/utils/nvtx.py", line 15, in wrapped_fn
    ret_val = func(*args, **kwargs)
  File "/home/yvs/.local/lib/python3.10/site-packages/deepspeed/runtime/engine.py", line 1936, in backward
    self.optimizer.backward(loss, retain_graph=retain_graph)
  File "/home/yvs/.local/lib/python3.10/site-packages/deepspeed/runtime/zero/stage_1_and_2.py", line 1953, in backward
    self.loss_scaler.backward(loss.float(), retain_graph=retain_graph)
  File "/home/yvs/.local/lib/python3.10/site-packages/deepspeed/runtime/fp16/loss_scaler.py", line 63, in backward
    scaled_loss.backward(retain_graph=retain_graph)
  File "/home/yvs/.local/lib/python3.10/site-packages/torch/_tensor.py", line 492, in backward
    torch.autograd.backward(
  File "/home/yvs/.local/lib/python3.10/site-packages/torch/autograd/__init__.py", line 251, in backward
    Variable._execution_engine.run_backward(  # Calls into the C++ engine to run the backward pass
  File "/home/yvs/.local/lib/python3.10/site-packages/deepspeed/runtime/zero/stage_1_and_2.py", line 863, in reduce_partition_and_remove_grads
    self.reduce_ready_partitions_and_remove_grads(param, i)
  File "/home/yvs/.local/lib/python3.10/site-packages/deepspeed/runtime/zero/stage_1_and_2.py", line 1330, in reduce_ready_partitions_and_remove_grads
    self.reduce_independent_p_g_buckets_and_remove_grads(param, i)
  File "/home/yvs/.local/lib/python3.10/site-packages/deepspeed/runtime/zero/stage_1_and_2.py", line 891, in reduce_independent_p_g_buckets_and_remove_grads
    self.reduce_ipg_grads()
  File "/home/yvs/.local/lib/python3.10/site-packages/deepspeed/runtime/zero/stage_1_and_2.py", line 1278, in reduce_ipg_grads
    self.average_tensor(extra_large_grad_reduc.view(-1))
  File "/home/yvs/.local/lib/python3.10/site-packages/deepspeed/runtime/zero/stage_1_and_2.py", line 1044, in average_tensor
    async_handle = dist.reduce(grad_slice, dst=dst_rank, group=real_dp_process_group[i], async_op=True)
  File "/home/yvs/.local/lib/python3.10/site-packages/deepspeed/comm/comm.py", line 117, in log_wrapper
    return func(*args, **kwargs)
  File "/home/yvs/.local/lib/python3.10/site-packages/deepspeed/comm/comm.py", line 442, in reduce
    return cdb.reduce(tensor=tensor, dst=dst, op=op, group=group, async_op=async_op)
  File "/home/yvs/.local/lib/python3.10/site-packages/deepspeed/comm/torch.py", line 176, in reduce
    return torch.distributed.reduce(tensor=tensor, dst=dst, op=self._reduce_op(op), group=group, async_op=async_op)
  File "/home/yvs/.local/lib/python3.10/site-packages/torch/distributed/c10d_logger.py", line 47, in wrapper
    return func(*args, **kwargs)
  File "/home/yvs/.local/lib/python3.10/site-packages/torch/distributed/distributed_c10d.py", line 2220, in reduce
    work = group.reduce([tensor], opts)
RuntimeError: [Rank 0]: Ranks 1 failed to pass monitoredBarrier in 1800000 ms
  0%|          | 0/4267 [00:13<?, ?it/s]
[2025-02-17 19:59:58,338] torch.distributed.elastic.multiprocessing.api: [WARNING] Sending process 1549361 closing signal SIGTERM
[2025-02-17 19:59:58,339] torch.distributed.elastic.multiprocessing.api: [WARNING] Sending process 1549363 closing signal SIGTERM
[2025-02-17 19:59:58,339] torch.distributed.elastic.multiprocessing.api: [WARNING] Sending process 1549364 closing signal SIGTERM
[2025-02-17 19:59:58,339] torch.distributed.elastic.multiprocessing.api: [WARNING] Sending process 1549365 closing signal SIGTERM
[2025-02-17 19:59:58,340] torch.distributed.elastic.multiprocessing.api: [WARNING] Sending process 1549366 closing signal SIGTERM
[2025-02-17 19:59:58,340] torch.distributed.elastic.multiprocessing.api: [WARNING] Sending process 1549367 closing signal SIGTERM
[2025-02-17 19:59:58,341] torch.distributed.elastic.multiprocessing.api: [WARNING] Sending process 1549368 closing signal SIGTERM
[2025-02-17 20:00:00,800] torch.distributed.elastic.multiprocessing.api: [ERROR] failed (exitcode: 1) local_rank: 1 (pid: 1549362) of binary: /usr/bin/python3
Traceback (most recent call last):
  File "/home/yvs/.local/bin/torchrun", line 8, in <module>
    sys.exit(main())
  File "/home/yvs/.local/lib/python3.10/site-packages/torch/distributed/elastic/multiprocessing/errors/__init__.py", line 346, in wrapper
    return f(*args, **kwargs)
  File "/home/yvs/.local/lib/python3.10/site-packages/torch/distributed/run.py", line 806, in main
    run(args)
  File "/home/yvs/.local/lib/python3.10/site-packages/torch/distributed/run.py", line 797, in run
    elastic_launch(
  File "/home/yvs/.local/lib/python3.10/site-packages/torch/distributed/launcher/api.py", line 134, in __call__
    return launch_agent(self._config, self._entrypoint, list(args))
  File "/home/yvs/.local/lib/python3.10/site-packages/torch/distributed/launcher/api.py", line 264, in launch_agent
    raise ChildFailedError(
torch.distributed.elastic.multiprocessing.errors.ChildFailedError: 
============================================================
longvu/train.py FAILED
------------------------------------------------------------
Failures:
  <NO_OTHER_FAILURES>
------------------------------------------------------------
Root Cause (first observed failure):
[0]:
  time      : 2025-02-17_19:59:58
  host      : megatron.ib
  rank      : 1 (local_rank: 1)
  exitcode  : 1 (pid: 1549362)
  error_file: <N/A>
  traceback : To enable traceback see: https://pytorch.org/docs/stable/elastic/errors.html
============================================================
