[2025-02-04 12:43:17,327] torch.distributed.run: [WARNING] 
[2025-02-04 12:43:17,327] torch.distributed.run: [WARNING] *****************************************
[2025-02-04 12:43:17,327] torch.distributed.run: [WARNING] Setting OMP_NUM_THREADS environment variable for each process to be 1 in default, to avoid your system being overloaded, please further tune the variable for optimal performance in your application as needed. 
[2025-02-04 12:43:17,327] torch.distributed.run: [WARNING] *****************************************
Special tokens have been added in the vocabulary, make sure the associated word embeddings are fine-tuned or trained.
Special tokens have been added in the vocabulary, make sure the associated word embeddings are fine-tuned or trained.
Special tokens have been added in the vocabulary, make sure the associated word embeddings are fine-tuned or trained.
Special tokens have been added in the vocabulary, make sure the associated word embeddings are fine-tuned or trained.
Special tokens have been added in the vocabulary, make sure the associated word embeddings are fine-tuned or trained.
Special tokens have been added in the vocabulary, make sure the associated word embeddings are fine-tuned or trained.
Special tokens have been added in the vocabulary, make sure the associated word embeddings are fine-tuned or trained.
Special tokens have been added in the vocabulary, make sure the associated word embeddings are fine-tuned or trained.
/home/yvs/.local/lib/python3.10/site-packages/transformers/training_args.py:1494: FutureWarning: `evaluation_strategy` is deprecated and will be removed in version 4.46 of 🤗 Transformers. Use `eval_strategy` instead
  warnings.warn(
/home/yvs/.local/lib/python3.10/site-packages/transformers/training_args.py:1494: FutureWarning: `evaluation_strategy` is deprecated and will be removed in version 4.46 of 🤗 Transformers. Use `eval_strategy` instead
  warnings.warn(
/home/yvs/.local/lib/python3.10/site-packages/transformers/training_args.py:1494: FutureWarning: `evaluation_strategy` is deprecated and will be removed in version 4.46 of 🤗 Transformers. Use `eval_strategy` instead
  warnings.warn(
/home/yvs/.local/lib/python3.10/site-packages/transformers/training_args.py:1494: FutureWarning: `evaluation_strategy` is deprecated and will be removed in version 4.46 of 🤗 Transformers. Use `eval_strategy` instead
  warnings.warn(
/home/yvs/.local/lib/python3.10/site-packages/transformers/training_args.py:1494: FutureWarning: `evaluation_strategy` is deprecated and will be removed in version 4.46 of 🤗 Transformers. Use `eval_strategy` instead
  warnings.warn(
/home/yvs/.local/lib/python3.10/site-packages/transformers/training_args.py:1494: FutureWarning: `evaluation_strategy` is deprecated and will be removed in version 4.46 of 🤗 Transformers. Use `eval_strategy` instead
  warnings.warn(
/home/yvs/.local/lib/python3.10/site-packages/transformers/training_args.py:1494: FutureWarning: `evaluation_strategy` is deprecated and will be removed in version 4.46 of 🤗 Transformers. Use `eval_strategy` instead
  warnings.warn(
/home/yvs/.local/lib/python3.10/site-packages/transformers/training_args.py:1494: FutureWarning: `evaluation_strategy` is deprecated and will be removed in version 4.46 of 🤗 Transformers. Use `eval_strategy` instead
  warnings.warn(
/home/yvs/.local/lib/python3.10/site-packages/transformers/training_args.py:1820: FutureWarning: using `--fsdp_transformer_layer_cls_to_wrap` is deprecated. Use fsdp_config instead 
  warnings.warn(
/home/yvs/.local/lib/python3.10/site-packages/transformers/training_args.py:1820: FutureWarning: using `--fsdp_transformer_layer_cls_to_wrap` is deprecated. Use fsdp_config instead 
  warnings.warn(
/home/yvs/.local/lib/python3.10/site-packages/transformers/training_args.py:1820: FutureWarning: using `--fsdp_transformer_layer_cls_to_wrap` is deprecated. Use fsdp_config instead 
  warnings.warn(
/home/yvs/.local/lib/python3.10/site-packages/transformers/training_args.py:1820: FutureWarning: using `--fsdp_transformer_layer_cls_to_wrap` is deprecated. Use fsdp_config instead 
  warnings.warn(
/home/yvs/.local/lib/python3.10/site-packages/transformers/training_args.py:1820: FutureWarning: using `--fsdp_transformer_layer_cls_to_wrap` is deprecated. Use fsdp_config instead 
  warnings.warn(
/home/yvs/.local/lib/python3.10/site-packages/transformers/training_args.py:1820: FutureWarning: using `--fsdp_transformer_layer_cls_to_wrap` is deprecated. Use fsdp_config instead 
  warnings.warn(
/home/yvs/.local/lib/python3.10/site-packages/transformers/training_args.py:1820: FutureWarning: using `--fsdp_transformer_layer_cls_to_wrap` is deprecated. Use fsdp_config instead 
  warnings.warn(
/home/yvs/.local/lib/python3.10/site-packages/transformers/training_args.py:1820: FutureWarning: using `--fsdp_transformer_layer_cls_to_wrap` is deprecated. Use fsdp_config instead 
  warnings.warn(
Special tokens have been added in the vocabulary, make sure the associated word embeddings are fine-tuned or trained.
Special tokens have been added in the vocabulary, make sure the associated word embeddings are fine-tuned or trained.
Special tokens have been added in the vocabulary, make sure the associated word embeddings are fine-tuned or trained.
Special tokens have been added in the vocabulary, make sure the associated word embeddings are fine-tuned or trained.
Special tokens have been added in the vocabulary, make sure the associated word embeddings are fine-tuned or trained.
Special tokens have been added in the vocabulary, make sure the associated word embeddings are fine-tuned or trained.
Special tokens have been added in the vocabulary, make sure the associated word embeddings are fine-tuned or trained.
Special tokens have been added in the vocabulary, make sure the associated word embeddings are fine-tuned or trained.
You are adding a <class 'transformers.integrations.integration_utils.TensorBoardCallback'> to the callbacks of this Trainer, but there is already one. The currentlist of callbacks is
:DefaultFlowCallback
TensorBoardCallback
You are adding a <class 'transformers.integrations.integration_utils.TensorBoardCallback'> to the callbacks of this Trainer, but there is already one. The currentlist of callbacks is
:DefaultFlowCallback
TensorBoardCallback
You are adding a <class 'transformers.integrations.integration_utils.TensorBoardCallback'> to the callbacks of this Trainer, but there is already one. The currentlist of callbacks is
:DefaultFlowCallback
TensorBoardCallback
You are adding a <class 'transformers.integrations.integration_utils.TensorBoardCallback'> to the callbacks of this Trainer, but there is already one. The currentlist of callbacks is
:DefaultFlowCallback
TensorBoardCallback
You are adding a <class 'transformers.integrations.integration_utils.TensorBoardCallback'> to the callbacks of this Trainer, but there is already one. The currentlist of callbacks is
:DefaultFlowCallback
TensorBoardCallback
You are adding a <class 'transformers.integrations.integration_utils.TensorBoardCallback'> to the callbacks of this Trainer, but there is already one. The currentlist of callbacks is
:DefaultFlowCallback
TensorBoardCallback
You are adding a <class 'transformers.integrations.integration_utils.TensorBoardCallback'> to the callbacks of this Trainer, but there is already one. The currentlist of callbacks is
:DefaultFlowCallback
TensorBoardCallback
You are adding a <class 'transformers.integrations.integration_utils.TensorBoardCallback'> to the callbacks of this Trainer, but there is already one. The currentlist of callbacks is
:DefaultFlowCallback
TensorBoardCallback
/home/yvs/.local/lib/python3.10/site-packages/accelerate/accelerator.py:1557: UserWarning: Upcasted low precision parameters in CambrianQwenForCausalLM because mixed precision turned on in FSDP. Affects: model.vision_query, model.image_newline, model.embed_tokens.weight, model.norm.weight, model.mm_projector.0.weight, model.mm_projector.0.bias, model.mm_projector.2.weight, model.mm_projector.2.bias, model.mm_projector_aux_0.0.weight, model.mm_projector_aux_0.0.bias, model.mm_projector_aux_0.2.weight, model.mm_projector_aux_0.2.bias, model.mm_projector_aux_0.3.weight, model.mm_projector_aux_0.3.bias, model.mm_projector_aux_1.0.weight, model.mm_projector_aux_1.0.bias, model.mm_projector_aux_1.2.weight, model.mm_projector_aux_1.2.bias, model.mm_projector_aux_1.3.weight, model.mm_projector_aux_1.3.bias, model.vision_sampler_0.layers.0.pos_embed_0, model.vision_sampler_0.layers.0.pos_embed_1, model.vision_sampler_0.layers.0.proj_context.weight, model.vision_sampler_0.layers.0.proj_in.weight, model.vision_sampler_0.layers.0.proj_out.linear_1.weight, model.vision_sampler_0.layers.0.proj_out.linear_2.weight, model.vision_sampler_0.layers.0.norm.weight, model.vision_sampler_0.layers.0.norm.bias, model.vision_sampler_0.layers.0.cross_attn.q_proj.0.weight, model.vision_sampler_0.layers.0.cross_attn.q_proj.0.bias, model.vision_sampler_0.layers.0.cross_attn.q_proj.1.weight, model.vision_sampler_0.layers.0.cross_attn.k_proj_0.0.weight, model.vision_sampler_0.layers.0.cross_attn.k_proj_0.0.bias, model.vision_sampler_0.layers.0.cross_attn.k_proj_0.1.weight, model.vision_sampler_0.layers.0.cross_attn.v_proj_0.0.weight, model.vision_sampler_0.layers.0.cross_attn.v_proj_0.0.bias, model.vision_sampler_0.layers.0.cross_attn.v_proj_0.1.weight, model.vision_sampler_0.layers.0.cross_attn.k_proj_1.0.weight, model.vision_sampler_0.layers.0.cross_attn.k_proj_1.0.bias, model.vision_sampler_0.layers.0.cross_attn.k_proj_1.1.weight, model.vision_sampler_0.layers.0.cross_attn.v_proj_1.0.weight, model.vision_sampler_0.layers.0.cross_attn.v_proj_1.0.bias, model.vision_sampler_0.layers.0.cross_attn.v_proj_1.1.weight, model.vision_sampler_0.layers.0.cross_attn.o_proj.weight, model.vision_sampler_0.layers.1.pos_embed_0, model.vision_sampler_0.layers.1.pos_embed_1, model.vision_sampler_0.layers.1.proj_context.weight, model.vision_sampler_0.layers.1.proj_in.weight, model.vision_sampler_0.layers.1.proj_out.linear_1.weight, model.vision_sampler_0.layers.1.proj_out.linear_2.weight, model.vision_sampler_0.layers.1.norm.weight, model.vision_sampler_0.layers.1.norm.bias, model.vision_sampler_0.layers.1.cross_attn.q_proj.0.weight, model.vision_sampler_0.layers.1.cross_attn.q_proj.0.bias, model.vision_sampler_0.layers.1.cross_attn.q_proj.1.weight, model.vision_sampler_0.layers.1.cross_attn.k_proj_0.0.weight, model.vision_sampler_0.layers.1.cross_attn.k_proj_0.0.bias, model.vision_sampler_0.layers.1.cross_attn.k_proj_0.1.weight, model.vision_sampler_0.layers.1.cross_attn.v_proj_0.0.weight, model.vision_sampler_0.layers.1.cross_attn.v_proj_0.0.bias, model.vision_sampler_0.layers.1.cross_attn.v_proj_0.1.weight, model.vision_sampler_0.layers.1.cross_attn.k_proj_1.0.weight, model.vision_sampler_0.layers.1.cross_attn.k_proj_1.0.bias, model.vision_sampler_0.layers.1.cross_attn.k_proj_1.1.weight, model.vision_sampler_0.layers.1.cross_attn.v_proj_1.0.weight, model.vision_sampler_0.layers.1.cross_attn.v_proj_1.0.bias, model.vision_sampler_0.layers.1.cross_attn.v_proj_1.1.weight, model.vision_sampler_0.layers.1.cross_attn.o_proj.weight, model.vision_sampler_0.layers.2.pos_embed_0, model.vision_sampler_0.layers.2.pos_embed_1, model.vision_sampler_0.layers.2.proj_context.weight, model.vision_sampler_0.layers.2.proj_in.weight, model.vision_sampler_0.layers.2.proj_out.linear_1.weight, model.vision_sampler_0.layers.2.proj_out.linear_2.weight, model.vision_sampler_0.layers.2.norm.weight, model.vision_sampler_0.layers.2.norm.bias, model.vision_sampler_0.layers.2.cross_attn.q_proj.0.weight, model.vision_sampler_0.layers.2.cross_attn.q_proj.0.bias, model.vision_sampler_0.layers.2.cross_attn.q_proj.1.weight, model.vision_sampler_0.layers.2.cross_attn.k_proj_0.0.weight, model.vision_sampler_0.layers.2.cross_attn.k_proj_0.0.bias, model.vision_sampler_0.layers.2.cross_attn.k_proj_0.1.weight, model.vision_sampler_0.layers.2.cross_attn.v_proj_0.0.weight, model.vision_sampler_0.layers.2.cross_attn.v_proj_0.0.bias, model.vision_sampler_0.layers.2.cross_attn.v_proj_0.1.weight, model.vision_sampler_0.layers.2.cross_attn.k_proj_1.0.weight, model.vision_sampler_0.layers.2.cross_attn.k_proj_1.0.bias, model.vision_sampler_0.layers.2.cross_attn.k_proj_1.1.weight, model.vision_sampler_0.layers.2.cross_attn.v_proj_1.0.weight, model.vision_sampler_0.layers.2.cross_attn.v_proj_1.0.bias, model.vision_sampler_0.layers.2.cross_attn.v_proj_1.1.weight, model.vision_sampler_0.layers.2.cross_attn.o_proj.weight, lm_head.weight.
  warnings.warn(
/home/yvs/.local/lib/python3.10/site-packages/accelerate/accelerator.py:1557: UserWarning: Upcasted low precision parameters in Qwen2DecoderLayer because mixed precision turned on in FSDP. Affects: self_attn.q_proj.weight, self_attn.q_proj.bias, self_attn.k_proj.weight, self_attn.k_proj.bias, self_attn.v_proj.weight, self_attn.v_proj.bias, self_attn.o_proj.weight, mlp.gate_proj.weight, mlp.up_proj.weight, mlp.down_proj.weight, input_layernorm.weight, post_attention_layernorm.weight.
  warnings.warn(
/home/yvs/.local/lib/python3.10/site-packages/accelerate/accelerator.py:1563: UserWarning: FSDP upcast of low precision parameters may affect the precision of model checkpoints.
  warnings.warn(
  0%|          | 0/4267 [00:00<?, ?it/s]Traceback (most recent call last):
  File "/mnt/meg/yvs/LongVU/longvu/train.py", line 1129, in <module>
    train()
  File "/mnt/meg/yvs/LongVU/longvu/train.py", line 1117, in train
    trainer.train()
  File "/home/yvs/.local/lib/python3.10/site-packages/transformers/trainer.py", line 1932, in train
    return inner_training_loop(
  File "/home/yvs/.local/lib/python3.10/site-packages/transformers/trainer.py", line 2230, in _inner_training_loop
    for step, inputs in enumerate(epoch_iterator):
  File "/home/yvs/.local/lib/python3.10/site-packages/accelerate/data_loader.py", line 550, in __iter__
    current_batch = next(dataloader_iter)
  File "/home/yvs/.local/lib/python3.10/site-packages/torch/utils/data/dataloader.py", line 630, in __next__
    data = self._next_data()
  File "/home/yvs/.local/lib/python3.10/site-packages/torch/utils/data/dataloader.py", line 674, in _next_data
    data = self._dataset_fetcher.fetch(index)  # may raise StopIteration
  File "/home/yvs/.local/lib/python3.10/site-packages/torch/utils/data/_utils/fetch.py", line 51, in fetch
    data = [self.dataset[idx] for idx in possibly_batched_index]
  File "/home/yvs/.local/lib/python3.10/site-packages/torch/utils/data/_utils/fetch.py", line 51, in <listcomp>
    data = [self.dataset[idx] for idx in possibly_batched_index]
  File "/mnt/meg/yvs/LongVU/longvu/train.py", line 618, in __getitem__
    data_dict = preprocess(sources, self.tokenizer, has_image=has_image)  # pyre-fixme
  File "/mnt/meg/yvs/LongVU/longvu/mm_datautils.py", line 1325, in preprocess
    return preprocess_qwen(sources, tokenizer, has_image=has_image)
  File "/mnt/meg/yvs/LongVU/longvu/mm_datautils.py", line 670, in preprocess_qwen
    input_id += tokenizer.apply_chat_template(
  File "/home/yvs/.local/lib/python3.10/site-packages/transformers/tokenization_utils_base.py", line 1817, in apply_chat_template
    compiled_template = self._compile_jinja_template(chat_template)
  File "/home/yvs/.local/lib/python3.10/site-packages/transformers/tokenization_utils_base.py", line 1894, in _compile_jinja_template
    raise ImportError(
ImportError: apply_chat_template requires jinja2>=3.1.0 to be installed. Your version is 3.0.3.
Traceback (most recent call last):
  File "/mnt/meg/yvs/LongVU/longvu/train.py", line 1129, in <module>
    train()
  File "/mnt/meg/yvs/LongVU/longvu/train.py", line 1117, in train
    trainer.train()
  File "/home/yvs/.local/lib/python3.10/site-packages/transformers/trainer.py", line 1932, in train
    return inner_training_loop(
  File "/home/yvs/.local/lib/python3.10/site-packages/transformers/trainer.py", line 2230, in _inner_training_loop
    for step, inputs in enumerate(epoch_iterator):
  File "/home/yvs/.local/lib/python3.10/site-packages/accelerate/data_loader.py", line 550, in __iter__
    current_batch = next(dataloader_iter)
  File "/home/yvs/.local/lib/python3.10/site-packages/torch/utils/data/dataloader.py", line 630, in __next__
    data = self._next_data()
  File "/home/yvs/.local/lib/python3.10/site-packages/torch/utils/data/dataloader.py", line 674, in _next_data
    data = self._dataset_fetcher.fetch(index)  # may raise StopIteration
  File "/home/yvs/.local/lib/python3.10/site-packages/torch/utils/data/_utils/fetch.py", line 51, in fetch
    data = [self.dataset[idx] for idx in possibly_batched_index]
  File "/home/yvs/.local/lib/python3.10/site-packages/torch/utils/data/_utils/fetch.py", line 51, in <listcomp>
    data = [self.dataset[idx] for idx in possibly_batched_index]
  File "/mnt/meg/yvs/LongVU/longvu/train.py", line 618, in __getitem__
    data_dict = preprocess(sources, self.tokenizer, has_image=has_image)  # pyre-fixme
  File "/mnt/meg/yvs/LongVU/longvu/mm_datautils.py", line 1325, in preprocess
    return preprocess_qwen(sources, tokenizer, has_image=has_image)
  File "/mnt/meg/yvs/LongVU/longvu/mm_datautils.py", line 670, in preprocess_qwen
    input_id += tokenizer.apply_chat_template(
  File "/home/yvs/.local/lib/python3.10/site-packages/transformers/tokenization_utils_base.py", line 1817, in apply_chat_template
    compiled_template = self._compile_jinja_template(chat_template)
  File "/home/yvs/.local/lib/python3.10/site-packages/transformers/tokenization_utils_base.py", line 1894, in _compile_jinja_template
    raise ImportError(
ImportError: apply_chat_template requires jinja2>=3.1.0 to be installed. Your version is 3.0.3.
Traceback (most recent call last):
  File "/mnt/meg/yvs/LongVU/longvu/train.py", line 1129, in <module>
    train()
  File "/mnt/meg/yvs/LongVU/longvu/train.py", line 1117, in train
    trainer.train()
  File "/home/yvs/.local/lib/python3.10/site-packages/transformers/trainer.py", line 1932, in train
    return inner_training_loop(
  File "/home/yvs/.local/lib/python3.10/site-packages/transformers/trainer.py", line 2230, in _inner_training_loop
    for step, inputs in enumerate(epoch_iterator):
  File "/home/yvs/.local/lib/python3.10/site-packages/accelerate/data_loader.py", line 550, in __iter__
    current_batch = next(dataloader_iter)
  File "/home/yvs/.local/lib/python3.10/site-packages/torch/utils/data/dataloader.py", line 630, in __next__
    data = self._next_data()
  File "/home/yvs/.local/lib/python3.10/site-packages/torch/utils/data/dataloader.py", line 674, in _next_data
    data = self._dataset_fetcher.fetch(index)  # may raise StopIteration
  File "/home/yvs/.local/lib/python3.10/site-packages/torch/utils/data/_utils/fetch.py", line 51, in fetch
    data = [self.dataset[idx] for idx in possibly_batched_index]
  File "/home/yvs/.local/lib/python3.10/site-packages/torch/utils/data/_utils/fetch.py", line 51, in <listcomp>
    data = [self.dataset[idx] for idx in possibly_batched_index]
  File "/mnt/meg/yvs/LongVU/longvu/train.py", line 618, in __getitem__
    data_dict = preprocess(sources, self.tokenizer, has_image=has_image)  # pyre-fixme
  File "/mnt/meg/yvs/LongVU/longvu/mm_datautils.py", line 1325, in preprocess
    return preprocess_qwen(sources, tokenizer, has_image=has_image)
  File "/mnt/meg/yvs/LongVU/longvu/mm_datautils.py", line 670, in preprocess_qwen
    input_id += tokenizer.apply_chat_template(
  File "/home/yvs/.local/lib/python3.10/site-packages/transformers/tokenization_utils_base.py", line 1817, in apply_chat_template
    compiled_template = self._compile_jinja_template(chat_template)
  File "/home/yvs/.local/lib/python3.10/site-packages/transformers/tokenization_utils_base.py", line 1894, in _compile_jinja_template
    raise ImportError(
ImportError: apply_chat_template requires jinja2>=3.1.0 to be installed. Your version is 3.0.3.
Traceback (most recent call last):
  File "/mnt/meg/yvs/LongVU/longvu/train.py", line 1129, in <module>
    train()
  File "/mnt/meg/yvs/LongVU/longvu/train.py", line 1117, in train
    trainer.train()
  File "/home/yvs/.local/lib/python3.10/site-packages/transformers/trainer.py", line 1932, in train
    return inner_training_loop(
  File "/home/yvs/.local/lib/python3.10/site-packages/transformers/trainer.py", line 2230, in _inner_training_loop
    for step, inputs in enumerate(epoch_iterator):
  File "/home/yvs/.local/lib/python3.10/site-packages/accelerate/data_loader.py", line 550, in __iter__
    current_batch = next(dataloader_iter)
  File "/home/yvs/.local/lib/python3.10/site-packages/torch/utils/data/dataloader.py", line 630, in __next__
    data = self._next_data()
  File "/home/yvs/.local/lib/python3.10/site-packages/torch/utils/data/dataloader.py", line 674, in _next_data
    data = self._dataset_fetcher.fetch(index)  # may raise StopIteration
  File "/home/yvs/.local/lib/python3.10/site-packages/torch/utils/data/_utils/fetch.py", line 51, in fetch
    data = [self.dataset[idx] for idx in possibly_batched_index]
  File "/home/yvs/.local/lib/python3.10/site-packages/torch/utils/data/_utils/fetch.py", line 51, in <listcomp>
    data = [self.dataset[idx] for idx in possibly_batched_index]
  File "/mnt/meg/yvs/LongVU/longvu/train.py", line 618, in __getitem__
    data_dict = preprocess(sources, self.tokenizer, has_image=has_image)  # pyre-fixme
  File "/mnt/meg/yvs/LongVU/longvu/mm_datautils.py", line 1325, in preprocess
    return preprocess_qwen(sources, tokenizer, has_image=has_image)
  File "/mnt/meg/yvs/LongVU/longvu/mm_datautils.py", line 670, in preprocess_qwen
    input_id += tokenizer.apply_chat_template(
  File "/home/yvs/.local/lib/python3.10/site-packages/transformers/tokenization_utils_base.py", line 1817, in apply_chat_template
    compiled_template = self._compile_jinja_template(chat_template)
  File "/home/yvs/.local/lib/python3.10/site-packages/transformers/tokenization_utils_base.py", line 1894, in _compile_jinja_template
    raise ImportError(
ImportError: apply_chat_template requires jinja2>=3.1.0 to be installed. Your version is 3.0.3.
Traceback (most recent call last):
  File "/mnt/meg/yvs/LongVU/longvu/train.py", line 1129, in <module>
    train()
  File "/mnt/meg/yvs/LongVU/longvu/train.py", line 1117, in train
    trainer.train()
  File "/home/yvs/.local/lib/python3.10/site-packages/transformers/trainer.py", line 1932, in train
    return inner_training_loop(
  File "/home/yvs/.local/lib/python3.10/site-packages/transformers/trainer.py", line 2230, in _inner_training_loop
    for step, inputs in enumerate(epoch_iterator):
  File "/home/yvs/.local/lib/python3.10/site-packages/accelerate/data_loader.py", line 550, in __iter__
    current_batch = next(dataloader_iter)
  File "/home/yvs/.local/lib/python3.10/site-packages/torch/utils/data/dataloader.py", line 630, in __next__
    data = self._next_data()
  File "/home/yvs/.local/lib/python3.10/site-packages/torch/utils/data/dataloader.py", line 674, in _next_data
    data = self._dataset_fetcher.fetch(index)  # may raise StopIteration
  File "/home/yvs/.local/lib/python3.10/site-packages/torch/utils/data/_utils/fetch.py", line 51, in fetch
    data = [self.dataset[idx] for idx in possibly_batched_index]
  File "/home/yvs/.local/lib/python3.10/site-packages/torch/utils/data/_utils/fetch.py", line 51, in <listcomp>
    data = [self.dataset[idx] for idx in possibly_batched_index]
  File "/mnt/meg/yvs/LongVU/longvu/train.py", line 618, in __getitem__
    data_dict = preprocess(sources, self.tokenizer, has_image=has_image)  # pyre-fixme
  File "/mnt/meg/yvs/LongVU/longvu/mm_datautils.py", line 1325, in preprocess
    return preprocess_qwen(sources, tokenizer, has_image=has_image)
  File "/mnt/meg/yvs/LongVU/longvu/mm_datautils.py", line 670, in preprocess_qwen
    input_id += tokenizer.apply_chat_template(
  File "/home/yvs/.local/lib/python3.10/site-packages/transformers/tokenization_utils_base.py", line 1817, in apply_chat_template
    compiled_template = self._compile_jinja_template(chat_template)
  File "/home/yvs/.local/lib/python3.10/site-packages/transformers/tokenization_utils_base.py", line 1894, in _compile_jinja_template
    raise ImportError(
ImportError: apply_chat_template requires jinja2>=3.1.0 to be installed. Your version is 3.0.3.
Traceback (most recent call last):
  File "/mnt/meg/yvs/LongVU/longvu/train.py", line 1129, in <module>
    train()
  File "/mnt/meg/yvs/LongVU/longvu/train.py", line 1117, in train
    trainer.train()
  File "/home/yvs/.local/lib/python3.10/site-packages/transformers/trainer.py", line 1932, in train
    return inner_training_loop(
  File "/home/yvs/.local/lib/python3.10/site-packages/transformers/trainer.py", line 2230, in _inner_training_loop
    for step, inputs in enumerate(epoch_iterator):
  File "/home/yvs/.local/lib/python3.10/site-packages/accelerate/data_loader.py", line 550, in __iter__
    current_batch = next(dataloader_iter)
  File "/home/yvs/.local/lib/python3.10/site-packages/torch/utils/data/dataloader.py", line 630, in __next__
    data = self._next_data()
  File "/home/yvs/.local/lib/python3.10/site-packages/torch/utils/data/dataloader.py", line 674, in _next_data
    data = self._dataset_fetcher.fetch(index)  # may raise StopIteration
  File "/home/yvs/.local/lib/python3.10/site-packages/torch/utils/data/_utils/fetch.py", line 51, in fetch
    data = [self.dataset[idx] for idx in possibly_batched_index]
  File "/home/yvs/.local/lib/python3.10/site-packages/torch/utils/data/_utils/fetch.py", line 51, in <listcomp>
    data = [self.dataset[idx] for idx in possibly_batched_index]
  File "/mnt/meg/yvs/LongVU/longvu/train.py", line 618, in __getitem__
    data_dict = preprocess(sources, self.tokenizer, has_image=has_image)  # pyre-fixme
  File "/mnt/meg/yvs/LongVU/longvu/mm_datautils.py", line 1325, in preprocess
    return preprocess_qwen(sources, tokenizer, has_image=has_image)
  File "/mnt/meg/yvs/LongVU/longvu/mm_datautils.py", line 670, in preprocess_qwen
    input_id += tokenizer.apply_chat_template(
  File "/home/yvs/.local/lib/python3.10/site-packages/transformers/tokenization_utils_base.py", line 1817, in apply_chat_template
    compiled_template = self._compile_jinja_template(chat_template)
  File "/home/yvs/.local/lib/python3.10/site-packages/transformers/tokenization_utils_base.py", line 1894, in _compile_jinja_template
    raise ImportError(
ImportError: apply_chat_template requires jinja2>=3.1.0 to be installed. Your version is 3.0.3.
Traceback (most recent call last):
  File "/mnt/meg/yvs/LongVU/longvu/train.py", line 1129, in <module>
    train()
  File "/mnt/meg/yvs/LongVU/longvu/train.py", line 1117, in train
    trainer.train()
  File "/home/yvs/.local/lib/python3.10/site-packages/transformers/trainer.py", line 1932, in train
    return inner_training_loop(
  File "/home/yvs/.local/lib/python3.10/site-packages/transformers/trainer.py", line 2230, in _inner_training_loop
    for step, inputs in enumerate(epoch_iterator):
  File "/home/yvs/.local/lib/python3.10/site-packages/accelerate/data_loader.py", line 550, in __iter__
    current_batch = next(dataloader_iter)
  File "/home/yvs/.local/lib/python3.10/site-packages/torch/utils/data/dataloader.py", line 630, in __next__
    data = self._next_data()
  File "/home/yvs/.local/lib/python3.10/site-packages/torch/utils/data/dataloader.py", line 674, in _next_data
    data = self._dataset_fetcher.fetch(index)  # may raise StopIteration
  File "/home/yvs/.local/lib/python3.10/site-packages/torch/utils/data/_utils/fetch.py", line 51, in fetch
    data = [self.dataset[idx] for idx in possibly_batched_index]
  File "/home/yvs/.local/lib/python3.10/site-packages/torch/utils/data/_utils/fetch.py", line 51, in <listcomp>
    data = [self.dataset[idx] for idx in possibly_batched_index]
  File "/mnt/meg/yvs/LongVU/longvu/train.py", line 618, in __getitem__
    data_dict = preprocess(sources, self.tokenizer, has_image=has_image)  # pyre-fixme
  File "/mnt/meg/yvs/LongVU/longvu/mm_datautils.py", line 1325, in preprocess
    return preprocess_qwen(sources, tokenizer, has_image=has_image)
  File "/mnt/meg/yvs/LongVU/longvu/mm_datautils.py", line 670, in preprocess_qwen
    input_id += tokenizer.apply_chat_template(
  File "/home/yvs/.local/lib/python3.10/site-packages/transformers/tokenization_utils_base.py", line 1817, in apply_chat_template
    compiled_template = self._compile_jinja_template(chat_template)
  File "/home/yvs/.local/lib/python3.10/site-packages/transformers/tokenization_utils_base.py", line 1894, in _compile_jinja_template
    raise ImportError(
ImportError: apply_chat_template requires jinja2>=3.1.0 to be installed. Your version is 3.0.3.
  0%|          | 0/4267 [00:02<?, ?it/s]
Traceback (most recent call last):
  File "/mnt/meg/yvs/LongVU/longvu/train.py", line 1129, in <module>
    train()
  File "/mnt/meg/yvs/LongVU/longvu/train.py", line 1117, in train
    trainer.train()
  File "/home/yvs/.local/lib/python3.10/site-packages/transformers/trainer.py", line 1932, in train
    return inner_training_loop(
  File "/home/yvs/.local/lib/python3.10/site-packages/transformers/trainer.py", line 2230, in _inner_training_loop
    for step, inputs in enumerate(epoch_iterator):
  File "/home/yvs/.local/lib/python3.10/site-packages/accelerate/data_loader.py", line 550, in __iter__
    current_batch = next(dataloader_iter)
  File "/home/yvs/.local/lib/python3.10/site-packages/torch/utils/data/dataloader.py", line 630, in __next__
    data = self._next_data()
  File "/home/yvs/.local/lib/python3.10/site-packages/torch/utils/data/dataloader.py", line 674, in _next_data
    data = self._dataset_fetcher.fetch(index)  # may raise StopIteration
  File "/home/yvs/.local/lib/python3.10/site-packages/torch/utils/data/_utils/fetch.py", line 51, in fetch
    data = [self.dataset[idx] for idx in possibly_batched_index]
  File "/home/yvs/.local/lib/python3.10/site-packages/torch/utils/data/_utils/fetch.py", line 51, in <listcomp>
    data = [self.dataset[idx] for idx in possibly_batched_index]
  File "/mnt/meg/yvs/LongVU/longvu/train.py", line 618, in __getitem__
    data_dict = preprocess(sources, self.tokenizer, has_image=has_image)  # pyre-fixme
  File "/mnt/meg/yvs/LongVU/longvu/mm_datautils.py", line 1325, in preprocess
    return preprocess_qwen(sources, tokenizer, has_image=has_image)
  File "/mnt/meg/yvs/LongVU/longvu/mm_datautils.py", line 670, in preprocess_qwen
    input_id += tokenizer.apply_chat_template(
  File "/home/yvs/.local/lib/python3.10/site-packages/transformers/tokenization_utils_base.py", line 1817, in apply_chat_template
    compiled_template = self._compile_jinja_template(chat_template)
  File "/home/yvs/.local/lib/python3.10/site-packages/transformers/tokenization_utils_base.py", line 1894, in _compile_jinja_template
    raise ImportError(
ImportError: apply_chat_template requires jinja2>=3.1.0 to be installed. Your version is 3.0.3.
[2025-02-04 12:44:07,430] torch.distributed.elastic.multiprocessing.api: [WARNING] Sending process 3878526 closing signal SIGTERM
[2025-02-04 12:44:07,430] torch.distributed.elastic.multiprocessing.api: [WARNING] Sending process 3878527 closing signal SIGTERM
[2025-02-04 12:44:07,430] torch.distributed.elastic.multiprocessing.api: [WARNING] Sending process 3878529 closing signal SIGTERM
[2025-02-04 12:44:07,431] torch.distributed.elastic.multiprocessing.api: [WARNING] Sending process 3878530 closing signal SIGTERM
[2025-02-04 12:44:07,431] torch.distributed.elastic.multiprocessing.api: [WARNING] Sending process 3878531 closing signal SIGTERM
[2025-02-04 12:44:07,431] torch.distributed.elastic.multiprocessing.api: [WARNING] Sending process 3878532 closing signal SIGTERM
[2025-02-04 12:44:09,563] torch.distributed.elastic.multiprocessing.api: [ERROR] failed (exitcode: 1) local_rank: 2 (pid: 3878528) of binary: /usr/bin/python3
Traceback (most recent call last):
  File "/home/yvs/.local/bin/torchrun", line 8, in <module>
    sys.exit(main())
  File "/home/yvs/.local/lib/python3.10/site-packages/torch/distributed/elastic/multiprocessing/errors/__init__.py", line 346, in wrapper
    return f(*args, **kwargs)
  File "/home/yvs/.local/lib/python3.10/site-packages/torch/distributed/run.py", line 806, in main
    run(args)
  File "/home/yvs/.local/lib/python3.10/site-packages/torch/distributed/run.py", line 797, in run
    elastic_launch(
  File "/home/yvs/.local/lib/python3.10/site-packages/torch/distributed/launcher/api.py", line 134, in __call__
    return launch_agent(self._config, self._entrypoint, list(args))
  File "/home/yvs/.local/lib/python3.10/site-packages/torch/distributed/launcher/api.py", line 264, in launch_agent
    raise ChildFailedError(
torch.distributed.elastic.multiprocessing.errors.ChildFailedError: 
============================================================
longvu/train.py FAILED
------------------------------------------------------------
Failures:
[1]:
  time      : 2025-02-04_12:44:07
  host      : arcee.ib
  rank      : 7 (local_rank: 7)
  exitcode  : 1 (pid: 3878533)
  error_file: <N/A>
  traceback : To enable traceback see: https://pytorch.org/docs/stable/elastic/errors.html
------------------------------------------------------------
Root Cause (first observed failure):
[0]:
  time      : 2025-02-04_12:44:07
  host      : arcee.ib
  rank      : 2 (local_rank: 2)
  exitcode  : 1 (pid: 3878528)
  error_file: <N/A>
  traceback : To enable traceback see: https://pytorch.org/docs/stable/elastic/errors.html
============================================================
