ERROR: pip's dependency resolver does not currently take into account all the packages that are installed. This behaviour is the source of the following dependency conflicts.
video2dataset 1.3.0 requires torchaudio==2.1.2, but you have torchaudio 2.1.1+cu118 which is incompatible.
video2dataset 1.3.0 requires transformers==4.37.1, but you have transformers 4.42.4 which is incompatible.
torchaudio 2.1.1+cu118 requires torch==2.1.1, but you have torch 2.1.2 which is incompatible.
reka-api 3.0.8 requires idna>=3.7, but you have idna 3.6 which is incompatible.
reka-api 3.0.8 requires requests<3.0.0,>=2.31.0, but you have requests 2.28.2 which is incompatible.
reka-api 3.0.8 requires urllib3>=2.0.7, but you have urllib3 1.26.18 which is incompatible.
openxlab 0.0.36 requires setuptools~=60.2.0, but you have setuptools 75.6.0 which is incompatible.
lmms-eval 0.2.3 requires httpx==0.23.3, but you have httpx 0.24.0 which is incompatible.
lmms-eval 0.2.3 requires protobuf==3.20, but you have protobuf 4.23.4 which is incompatible.
lmms-eval 0.2.3 requires tenacity==8.3.0, but you have tenacity 8.2.3 which is incompatible.
lmms-eval 0.2.3 requires wandb>=0.16.0, but you have wandb 0.14.0 which is incompatible.
llava 1.2.2.post1 requires accelerate==0.21.0, but you have accelerate 0.34.2 which is incompatible.
llava 1.2.2.post1 requires gradio==4.16.0, but you have gradio 3.35.2 which is incompatible.
llava 1.2.2.post1 requires gradio-client==0.8.1, but you have gradio-client 0.2.9 which is incompatible.
llava 1.2.2.post1 requires timm==0.6.13, but you have timm 0.9.16 which is incompatible.
llava 1.2.2.post1 requires tokenizers==0.15.1, but you have tokenizers 0.19.1 which is incompatible.
llava 1.2.2.post1 requires transformers==4.37.2, but you have transformers 4.42.4 which is incompatible.
datasets 2.16.1 requires dill<0.3.8,>=0.3.0, but you have dill 0.3.8 which is incompatible.
datasets 2.16.1 requires fsspec[http]<=2023.10.0,>=2023.1.0, but you have fsspec 2024.2.0 which is incompatible.
WARNING: There was an error checking the latest version of pip.
ERROR: pip's dependency resolver does not currently take into account all the packages that are installed. This behaviour is the source of the following dependency conflicts.
lmms-eval 0.2.3 requires httpx==0.23.3, but you have httpx 0.24.0 which is incompatible.
lmms-eval 0.2.3 requires protobuf==3.20, but you have protobuf 4.23.4 which is incompatible.
lmms-eval 0.2.3 requires tenacity==8.3.0, but you have tenacity 8.2.3 which is incompatible.
lmms-eval 0.2.3 requires wandb>=0.16.0, but you have wandb 0.14.0 which is incompatible.
llava 1.2.2.post1 requires accelerate==0.21.0, but you have accelerate 0.34.2 which is incompatible.
llava 1.2.2.post1 requires gradio==4.16.0, but you have gradio 3.35.2 which is incompatible.
llava 1.2.2.post1 requires gradio-client==0.8.1, but you have gradio-client 0.2.9 which is incompatible.
llava 1.2.2.post1 requires timm==0.6.13, but you have timm 0.9.16 which is incompatible.
llava 1.2.2.post1 requires tokenizers==0.15.1, but you have tokenizers 0.19.1 which is incompatible.
llava 1.2.2.post1 requires transformers==4.37.2, but you have transformers 4.42.4 which is incompatible.
WARNING: There was an error checking the latest version of pip.
[2025-02-04 17:47:25,402] torch.distributed.run: [WARNING] 
[2025-02-04 17:47:25,402] torch.distributed.run: [WARNING] *****************************************
[2025-02-04 17:47:25,402] torch.distributed.run: [WARNING] Setting OMP_NUM_THREADS environment variable for each process to be 1 in default, to avoid your system being overloaded, please further tune the variable for optimal performance in your application as needed. 
[2025-02-04 17:47:25,402] torch.distributed.run: [WARNING] *****************************************
Special tokens have been added in the vocabulary, make sure the associated word embeddings are fine-tuned or trained.
Special tokens have been added in the vocabulary, make sure the associated word embeddings are fine-tuned or trained.
Special tokens have been added in the vocabulary, make sure the associated word embeddings are fine-tuned or trained.
Special tokens have been added in the vocabulary, make sure the associated word embeddings are fine-tuned or trained.
Special tokens have been added in the vocabulary, make sure the associated word embeddings are fine-tuned or trained.
Special tokens have been added in the vocabulary, make sure the associated word embeddings are fine-tuned or trained.
Special tokens have been added in the vocabulary, make sure the associated word embeddings are fine-tuned or trained.
Special tokens have been added in the vocabulary, make sure the associated word embeddings are fine-tuned or trained.
/home/yvs/.local/lib/python3.10/site-packages/transformers/training_args.py:1494: FutureWarning: `evaluation_strategy` is deprecated and will be removed in version 4.46 of 🤗 Transformers. Use `eval_strategy` instead
  warnings.warn(
/home/yvs/.local/lib/python3.10/site-packages/transformers/training_args.py:1494: FutureWarning: `evaluation_strategy` is deprecated and will be removed in version 4.46 of 🤗 Transformers. Use `eval_strategy` instead
  warnings.warn(
/home/yvs/.local/lib/python3.10/site-packages/transformers/training_args.py:1494: FutureWarning: `evaluation_strategy` is deprecated and will be removed in version 4.46 of 🤗 Transformers. Use `eval_strategy` instead
  warnings.warn(
/home/yvs/.local/lib/python3.10/site-packages/transformers/training_args.py:1494: FutureWarning: `evaluation_strategy` is deprecated and will be removed in version 4.46 of 🤗 Transformers. Use `eval_strategy` instead
  warnings.warn(
/home/yvs/.local/lib/python3.10/site-packages/transformers/training_args.py:1494: FutureWarning: `evaluation_strategy` is deprecated and will be removed in version 4.46 of 🤗 Transformers. Use `eval_strategy` instead
  warnings.warn(
/home/yvs/.local/lib/python3.10/site-packages/transformers/training_args.py:1494: FutureWarning: `evaluation_strategy` is deprecated and will be removed in version 4.46 of 🤗 Transformers. Use `eval_strategy` instead
  warnings.warn(
/home/yvs/.local/lib/python3.10/site-packages/transformers/training_args.py:1494: FutureWarning: `evaluation_strategy` is deprecated and will be removed in version 4.46 of 🤗 Transformers. Use `eval_strategy` instead
  warnings.warn(
/home/yvs/.local/lib/python3.10/site-packages/transformers/training_args.py:1494: FutureWarning: `evaluation_strategy` is deprecated and will be removed in version 4.46 of 🤗 Transformers. Use `eval_strategy` instead
  warnings.warn(
/home/yvs/.local/lib/python3.10/site-packages/transformers/training_args.py:1820: FutureWarning: using `--fsdp_transformer_layer_cls_to_wrap` is deprecated. Use fsdp_config instead 
  warnings.warn(
/home/yvs/.local/lib/python3.10/site-packages/transformers/training_args.py:1820: FutureWarning: using `--fsdp_transformer_layer_cls_to_wrap` is deprecated. Use fsdp_config instead 
  warnings.warn(
/home/yvs/.local/lib/python3.10/site-packages/transformers/training_args.py:1820: FutureWarning: using `--fsdp_transformer_layer_cls_to_wrap` is deprecated. Use fsdp_config instead 
  warnings.warn(
/home/yvs/.local/lib/python3.10/site-packages/transformers/training_args.py:1820: FutureWarning: using `--fsdp_transformer_layer_cls_to_wrap` is deprecated. Use fsdp_config instead 
  warnings.warn(
/home/yvs/.local/lib/python3.10/site-packages/transformers/training_args.py:1820: FutureWarning: using `--fsdp_transformer_layer_cls_to_wrap` is deprecated. Use fsdp_config instead 
  warnings.warn(
/home/yvs/.local/lib/python3.10/site-packages/transformers/training_args.py:1820: FutureWarning: using `--fsdp_transformer_layer_cls_to_wrap` is deprecated. Use fsdp_config instead 
  warnings.warn(
/home/yvs/.local/lib/python3.10/site-packages/transformers/training_args.py:1820: FutureWarning: using `--fsdp_transformer_layer_cls_to_wrap` is deprecated. Use fsdp_config instead 
  warnings.warn(
/home/yvs/.local/lib/python3.10/site-packages/transformers/training_args.py:1820: FutureWarning: using `--fsdp_transformer_layer_cls_to_wrap` is deprecated. Use fsdp_config instead 
  warnings.warn(
Special tokens have been added in the vocabulary, make sure the associated word embeddings are fine-tuned or trained.
Special tokens have been added in the vocabulary, make sure the associated word embeddings are fine-tuned or trained.
Special tokens have been added in the vocabulary, make sure the associated word embeddings are fine-tuned or trained.
Special tokens have been added in the vocabulary, make sure the associated word embeddings are fine-tuned or trained.
Special tokens have been added in the vocabulary, make sure the associated word embeddings are fine-tuned or trained.
Special tokens have been added in the vocabulary, make sure the associated word embeddings are fine-tuned or trained.
Special tokens have been added in the vocabulary, make sure the associated word embeddings are fine-tuned or trained.
Special tokens have been added in the vocabulary, make sure the associated word embeddings are fine-tuned or trained.
You are adding a <class 'transformers.integrations.integration_utils.TensorBoardCallback'> to the callbacks of this Trainer, but there is already one. The currentlist of callbacks is
:DefaultFlowCallback
TensorBoardCallback
Traceback (most recent call last):
  File "/mnt/meg/yvs/LongVU/longvu/train.py", line 1129, in <module>
    train()
  File "/mnt/meg/yvs/LongVU/longvu/train.py", line 1115, in train
    trainer.train(resume_from_checkpoint=True)
  File "/home/yvs/.local/lib/python3.10/site-packages/transformers/trainer.py", line 1906, in train
    state = TrainerState.load_from_json(os.path.join(resume_from_checkpoint, TRAINER_STATE_NAME))
  File "/home/yvs/.local/lib/python3.10/site-packages/transformers/trainer_callback.py", line 149, in load_from_json
    with open(json_path, "r", encoding="utf-8") as f:
FileNotFoundError: [Errno 2] No such file or directory: './checkpoints//longvu_cambrian_qwen_ft_debugging/checkpoint-500/trainer_state.json'
You are adding a <class 'transformers.integrations.integration_utils.TensorBoardCallback'> to the callbacks of this Trainer, but there is already one. The currentlist of callbacks is
:DefaultFlowCallback
TensorBoardCallback
Traceback (most recent call last):
  File "/mnt/meg/yvs/LongVU/longvu/train.py", line 1129, in <module>
    train()
  File "/mnt/meg/yvs/LongVU/longvu/train.py", line 1115, in train
    trainer.train(resume_from_checkpoint=True)
  File "/home/yvs/.local/lib/python3.10/site-packages/transformers/trainer.py", line 1906, in train
    state = TrainerState.load_from_json(os.path.join(resume_from_checkpoint, TRAINER_STATE_NAME))
  File "/home/yvs/.local/lib/python3.10/site-packages/transformers/trainer_callback.py", line 149, in load_from_json
    with open(json_path, "r", encoding="utf-8") as f:
FileNotFoundError: [Errno 2] No such file or directory: './checkpoints//longvu_cambrian_qwen_ft_debugging/checkpoint-500/trainer_state.json'
You are adding a <class 'transformers.integrations.integration_utils.TensorBoardCallback'> to the callbacks of this Trainer, but there is already one. The currentlist of callbacks is
:DefaultFlowCallback
TensorBoardCallback
Traceback (most recent call last):
  File "/mnt/meg/yvs/LongVU/longvu/train.py", line 1129, in <module>
    train()
  File "/mnt/meg/yvs/LongVU/longvu/train.py", line 1115, in train
    trainer.train(resume_from_checkpoint=True)
  File "/home/yvs/.local/lib/python3.10/site-packages/transformers/trainer.py", line 1906, in train
    state = TrainerState.load_from_json(os.path.join(resume_from_checkpoint, TRAINER_STATE_NAME))
  File "/home/yvs/.local/lib/python3.10/site-packages/transformers/trainer_callback.py", line 149, in load_from_json
    with open(json_path, "r", encoding="utf-8") as f:
FileNotFoundError: [Errno 2] No such file or directory: './checkpoints//longvu_cambrian_qwen_ft_debugging/checkpoint-500/trainer_state.json'
You are adding a <class 'transformers.integrations.integration_utils.TensorBoardCallback'> to the callbacks of this Trainer, but there is already one. The currentlist of callbacks is
:DefaultFlowCallback
TensorBoardCallback
Traceback (most recent call last):
  File "/mnt/meg/yvs/LongVU/longvu/train.py", line 1129, in <module>
    train()
  File "/mnt/meg/yvs/LongVU/longvu/train.py", line 1115, in train
    trainer.train(resume_from_checkpoint=True)
  File "/home/yvs/.local/lib/python3.10/site-packages/transformers/trainer.py", line 1906, in train
    state = TrainerState.load_from_json(os.path.join(resume_from_checkpoint, TRAINER_STATE_NAME))
  File "/home/yvs/.local/lib/python3.10/site-packages/transformers/trainer_callback.py", line 149, in load_from_json
    with open(json_path, "r", encoding="utf-8") as f:
FileNotFoundError: [Errno 2] No such file or directory: './checkpoints//longvu_cambrian_qwen_ft_debugging/checkpoint-500/trainer_state.json'
You are adding a <class 'transformers.integrations.integration_utils.TensorBoardCallback'> to the callbacks of this Trainer, but there is already one. The currentlist of callbacks is
:DefaultFlowCallback
TensorBoardCallback
Traceback (most recent call last):
  File "/mnt/meg/yvs/LongVU/longvu/train.py", line 1129, in <module>
    train()
  File "/mnt/meg/yvs/LongVU/longvu/train.py", line 1115, in train
    trainer.train(resume_from_checkpoint=True)
  File "/home/yvs/.local/lib/python3.10/site-packages/transformers/trainer.py", line 1906, in train
    state = TrainerState.load_from_json(os.path.join(resume_from_checkpoint, TRAINER_STATE_NAME))
  File "/home/yvs/.local/lib/python3.10/site-packages/transformers/trainer_callback.py", line 149, in load_from_json
    with open(json_path, "r", encoding="utf-8") as f:
FileNotFoundError: [Errno 2] No such file or directory: './checkpoints//longvu_cambrian_qwen_ft_debugging/checkpoint-500/trainer_state.json'
You are adding a <class 'transformers.integrations.integration_utils.TensorBoardCallback'> to the callbacks of this Trainer, but there is already one. The currentlist of callbacks is
:DefaultFlowCallback
TensorBoardCallback
Traceback (most recent call last):
  File "/mnt/meg/yvs/LongVU/longvu/train.py", line 1129, in <module>
    train()
  File "/mnt/meg/yvs/LongVU/longvu/train.py", line 1115, in train
    trainer.train(resume_from_checkpoint=True)
  File "/home/yvs/.local/lib/python3.10/site-packages/transformers/trainer.py", line 1906, in train
    state = TrainerState.load_from_json(os.path.join(resume_from_checkpoint, TRAINER_STATE_NAME))
  File "/home/yvs/.local/lib/python3.10/site-packages/transformers/trainer_callback.py", line 149, in load_from_json
    with open(json_path, "r", encoding="utf-8") as f:
FileNotFoundError: [Errno 2] No such file or directory: './checkpoints//longvu_cambrian_qwen_ft_debugging/checkpoint-500/trainer_state.json'
You are adding a <class 'transformers.integrations.integration_utils.TensorBoardCallback'> to the callbacks of this Trainer, but there is already one. The currentlist of callbacks is
:DefaultFlowCallback
TensorBoardCallback
Traceback (most recent call last):
  File "/mnt/meg/yvs/LongVU/longvu/train.py", line 1129, in <module>
    train()
  File "/mnt/meg/yvs/LongVU/longvu/train.py", line 1115, in train
    trainer.train(resume_from_checkpoint=True)
  File "/home/yvs/.local/lib/python3.10/site-packages/transformers/trainer.py", line 1906, in train
    state = TrainerState.load_from_json(os.path.join(resume_from_checkpoint, TRAINER_STATE_NAME))
  File "/home/yvs/.local/lib/python3.10/site-packages/transformers/trainer_callback.py", line 149, in load_from_json
    with open(json_path, "r", encoding="utf-8") as f:
FileNotFoundError: [Errno 2] No such file or directory: './checkpoints//longvu_cambrian_qwen_ft_debugging/checkpoint-500/trainer_state.json'
You are adding a <class 'transformers.integrations.integration_utils.TensorBoardCallback'> to the callbacks of this Trainer, but there is already one. The currentlist of callbacks is
:DefaultFlowCallback
TensorBoardCallback
Traceback (most recent call last):
  File "/mnt/meg/yvs/LongVU/longvu/train.py", line 1129, in <module>
    train()
  File "/mnt/meg/yvs/LongVU/longvu/train.py", line 1115, in train
    trainer.train(resume_from_checkpoint=True)
  File "/home/yvs/.local/lib/python3.10/site-packages/transformers/trainer.py", line 1906, in train
    state = TrainerState.load_from_json(os.path.join(resume_from_checkpoint, TRAINER_STATE_NAME))
  File "/home/yvs/.local/lib/python3.10/site-packages/transformers/trainer_callback.py", line 149, in load_from_json
    with open(json_path, "r", encoding="utf-8") as f:
FileNotFoundError: [Errno 2] No such file or directory: './checkpoints//longvu_cambrian_qwen_ft_debugging/checkpoint-500/trainer_state.json'
[2025-02-04 17:48:00,534] torch.distributed.elastic.multiprocessing.api: [WARNING] Sending process 193138 closing signal SIGTERM
[2025-02-04 17:48:00,534] torch.distributed.elastic.multiprocessing.api: [WARNING] Sending process 193139 closing signal SIGTERM
[2025-02-04 17:48:00,534] torch.distributed.elastic.multiprocessing.api: [WARNING] Sending process 193140 closing signal SIGTERM
[2025-02-04 17:48:00,534] torch.distributed.elastic.multiprocessing.api: [WARNING] Sending process 193141 closing signal SIGTERM
[2025-02-04 17:48:00,535] torch.distributed.elastic.multiprocessing.api: [WARNING] Sending process 193143 closing signal SIGTERM
[2025-02-04 17:48:00,535] torch.distributed.elastic.multiprocessing.api: [WARNING] Sending process 193144 closing signal SIGTERM
[2025-02-04 17:48:00,535] torch.distributed.elastic.multiprocessing.api: [WARNING] Sending process 193145 closing signal SIGTERM
[2025-02-04 17:48:01,765] torch.distributed.elastic.multiprocessing.api: [ERROR] failed (exitcode: 1) local_rank: 4 (pid: 193142) of binary: /usr/bin/python3
Traceback (most recent call last):
  File "/home/yvs/.local/bin/torchrun", line 8, in <module>
    sys.exit(main())
  File "/home/yvs/.local/lib/python3.10/site-packages/torch/distributed/elastic/multiprocessing/errors/__init__.py", line 346, in wrapper
    return f(*args, **kwargs)
  File "/home/yvs/.local/lib/python3.10/site-packages/torch/distributed/run.py", line 806, in main
    run(args)
  File "/home/yvs/.local/lib/python3.10/site-packages/torch/distributed/run.py", line 797, in run
    elastic_launch(
  File "/home/yvs/.local/lib/python3.10/site-packages/torch/distributed/launcher/api.py", line 134, in __call__
    return launch_agent(self._config, self._entrypoint, list(args))
  File "/home/yvs/.local/lib/python3.10/site-packages/torch/distributed/launcher/api.py", line 264, in launch_agent
    raise ChildFailedError(
torch.distributed.elastic.multiprocessing.errors.ChildFailedError: 
============================================================
longvu/train.py FAILED
------------------------------------------------------------
Failures:
  <NO_OTHER_FAILURES>
------------------------------------------------------------
Root Cause (first observed failure):
[0]:
  time      : 2025-02-04_17:48:00
  host      : arcee.ib
  rank      : 4 (local_rank: 4)
  exitcode  : 1 (pid: 193142)
  error_file: <N/A>
  traceback : To enable traceback see: https://pytorch.org/docs/stable/elastic/errors.html
============================================================
