[2025-02-26 15:35:45,805] torch.distributed.run: [WARNING] 
[2025-02-26 15:35:45,805] torch.distributed.run: [WARNING] *****************************************
[2025-02-26 15:35:45,805] torch.distributed.run: [WARNING] Setting OMP_NUM_THREADS environment variable for each process to be 1 in default, to avoid your system being overloaded, please further tune the variable for optimal performance in your application as needed. 
[2025-02-26 15:35:45,805] torch.distributed.run: [WARNING] *****************************************
Special tokens have been added in the vocabulary, make sure the associated word embeddings are fine-tuned or trained.
Special tokens have been added in the vocabulary, make sure the associated word embeddings are fine-tuned or trained.
Special tokens have been added in the vocabulary, make sure the associated word embeddings are fine-tuned or trained.
Special tokens have been added in the vocabulary, make sure the associated word embeddings are fine-tuned or trained.
Special tokens have been added in the vocabulary, make sure the associated word embeddings are fine-tuned or trained.
Special tokens have been added in the vocabulary, make sure the associated word embeddings are fine-tuned or trained.
Special tokens have been added in the vocabulary, make sure the associated word embeddings are fine-tuned or trained.
Special tokens have been added in the vocabulary, make sure the associated word embeddings are fine-tuned or trained.
/home/yvs/.local/lib/python3.10/site-packages/transformers/training_args.py:1494: FutureWarning: `evaluation_strategy` is deprecated and will be removed in version 4.46 of 🤗 Transformers. Use `eval_strategy` instead
  warnings.warn(
/home/yvs/.local/lib/python3.10/site-packages/transformers/training_args.py:1494: FutureWarning: `evaluation_strategy` is deprecated and will be removed in version 4.46 of 🤗 Transformers. Use `eval_strategy` instead
  warnings.warn(
/home/yvs/.local/lib/python3.10/site-packages/transformers/training_args.py:1494: FutureWarning: `evaluation_strategy` is deprecated and will be removed in version 4.46 of 🤗 Transformers. Use `eval_strategy` instead
  warnings.warn(
/home/yvs/.local/lib/python3.10/site-packages/transformers/training_args.py:1494: FutureWarning: `evaluation_strategy` is deprecated and will be removed in version 4.46 of 🤗 Transformers. Use `eval_strategy` instead
  warnings.warn(
/home/yvs/.local/lib/python3.10/site-packages/transformers/training_args.py:1494: FutureWarning: `evaluation_strategy` is deprecated and will be removed in version 4.46 of 🤗 Transformers. Use `eval_strategy` instead
  warnings.warn(
/home/yvs/.local/lib/python3.10/site-packages/transformers/training_args.py:1494: FutureWarning: `evaluation_strategy` is deprecated and will be removed in version 4.46 of 🤗 Transformers. Use `eval_strategy` instead
  warnings.warn(
/home/yvs/.local/lib/python3.10/site-packages/transformers/training_args.py:1494: FutureWarning: `evaluation_strategy` is deprecated and will be removed in version 4.46 of 🤗 Transformers. Use `eval_strategy` instead
  warnings.warn(
/home/yvs/.local/lib/python3.10/site-packages/transformers/training_args.py:1494: FutureWarning: `evaluation_strategy` is deprecated and will be removed in version 4.46 of 🤗 Transformers. Use `eval_strategy` instead
  warnings.warn(
Special tokens have been added in the vocabulary, make sure the associated word embeddings are fine-tuned or trained.
Special tokens have been added in the vocabulary, make sure the associated word embeddings are fine-tuned or trained.
Special tokens have been added in the vocabulary, make sure the associated word embeddings are fine-tuned or trained.
Special tokens have been added in the vocabulary, make sure the associated word embeddings are fine-tuned or trained.
Special tokens have been added in the vocabulary, make sure the associated word embeddings are fine-tuned or trained.
Special tokens have been added in the vocabulary, make sure the associated word embeddings are fine-tuned or trained.
Special tokens have been added in the vocabulary, make sure the associated word embeddings are fine-tuned or trained.
Special tokens have been added in the vocabulary, make sure the associated word embeddings are fine-tuned or trained.
Traceback (most recent call last):
  File "/playpen-storage/yvs/LongVU/longvu/train.py", line 1133, in <module>
    train()
  File "/playpen-storage/yvs/LongVU/longvu/train.py", line 1064, in train
    model.get_model().initialize_compressor(model_args.spatiotemporal_compressor)
  File "/playpen-storage/yvs/LongVU/longvu/cambrian_arch.py", line 392, in initialize_compressor
    self.compressor = MambaCompressorQuery(
  File "/playpen-storage/yvs/LongVU/longvu/compressors/mamba_compressor.py", line 214, in __init__
    [
  File "/playpen-storage/yvs/LongVU/longvu/compressors/mamba_compressor.py", line 215, in <listcomp>
    MambaBlock(
  File "/playpen-storage/yvs/LongVU/longvu/compressors/mamba_compressor.py", line 98, in __init__
    self.mixer = Mamba(
TypeError: Mamba.__init__() got an unexpected keyword argument 'bimamba'
Traceback (most recent call last):
  File "/playpen-storage/yvs/LongVU/longvu/train.py", line 1133, in <module>
    train()
  File "/playpen-storage/yvs/LongVU/longvu/train.py", line 1064, in train
    model.get_model().initialize_compressor(model_args.spatiotemporal_compressor)
  File "/playpen-storage/yvs/LongVU/longvu/cambrian_arch.py", line 392, in initialize_compressor
    self.compressor = MambaCompressorQuery(
  File "/playpen-storage/yvs/LongVU/longvu/compressors/mamba_compressor.py", line 214, in __init__
    [
  File "/playpen-storage/yvs/LongVU/longvu/compressors/mamba_compressor.py", line 215, in <listcomp>
    MambaBlock(
  File "/playpen-storage/yvs/LongVU/longvu/compressors/mamba_compressor.py", line 98, in __init__
    self.mixer = Mamba(
TypeError: Mamba.__init__() got an unexpected keyword argument 'bimamba'
Traceback (most recent call last):
  File "/playpen-storage/yvs/LongVU/longvu/train.py", line 1133, in <module>
    train()
  File "/playpen-storage/yvs/LongVU/longvu/train.py", line 1064, in train
    model.get_model().initialize_compressor(model_args.spatiotemporal_compressor)
  File "/playpen-storage/yvs/LongVU/longvu/cambrian_arch.py", line 392, in initialize_compressor
    self.compressor = MambaCompressorQuery(
  File "/playpen-storage/yvs/LongVU/longvu/compressors/mamba_compressor.py", line 214, in __init__
    [
  File "/playpen-storage/yvs/LongVU/longvu/compressors/mamba_compressor.py", line 215, in <listcomp>
    MambaBlock(
  File "/playpen-storage/yvs/LongVU/longvu/compressors/mamba_compressor.py", line 98, in __init__
    self.mixer = Mamba(
TypeError: Mamba.__init__() got an unexpected keyword argument 'bimamba'
Traceback (most recent call last):
  File "/playpen-storage/yvs/LongVU/longvu/train.py", line 1133, in <module>
    train()
  File "/playpen-storage/yvs/LongVU/longvu/train.py", line 1064, in train
    model.get_model().initialize_compressor(model_args.spatiotemporal_compressor)
  File "/playpen-storage/yvs/LongVU/longvu/cambrian_arch.py", line 392, in initialize_compressor
    self.compressor = MambaCompressorQuery(
  File "/playpen-storage/yvs/LongVU/longvu/compressors/mamba_compressor.py", line 214, in __init__
    [
  File "/playpen-storage/yvs/LongVU/longvu/compressors/mamba_compressor.py", line 215, in <listcomp>
    MambaBlock(
  File "/playpen-storage/yvs/LongVU/longvu/compressors/mamba_compressor.py", line 98, in __init__
    self.mixer = Mamba(
TypeError: Mamba.__init__() got an unexpected keyword argument 'bimamba'
Traceback (most recent call last):
  File "/playpen-storage/yvs/LongVU/longvu/train.py", line 1133, in <module>
    train()
  File "/playpen-storage/yvs/LongVU/longvu/train.py", line 1064, in train
    model.get_model().initialize_compressor(model_args.spatiotemporal_compressor)
  File "/playpen-storage/yvs/LongVU/longvu/cambrian_arch.py", line 392, in initialize_compressor
    self.compressor = MambaCompressorQuery(
  File "/playpen-storage/yvs/LongVU/longvu/compressors/mamba_compressor.py", line 214, in __init__
    [
  File "/playpen-storage/yvs/LongVU/longvu/compressors/mamba_compressor.py", line 215, in <listcomp>
    MambaBlock(
  File "/playpen-storage/yvs/LongVU/longvu/compressors/mamba_compressor.py", line 98, in __init__
    self.mixer = Mamba(
TypeError: Mamba.__init__() got an unexpected keyword argument 'bimamba'
Traceback (most recent call last):
  File "/playpen-storage/yvs/LongVU/longvu/train.py", line 1133, in <module>
    train()
  File "/playpen-storage/yvs/LongVU/longvu/train.py", line 1064, in train
    model.get_model().initialize_compressor(model_args.spatiotemporal_compressor)
  File "/playpen-storage/yvs/LongVU/longvu/cambrian_arch.py", line 392, in initialize_compressor
    self.compressor = MambaCompressorQuery(
  File "/playpen-storage/yvs/LongVU/longvu/compressors/mamba_compressor.py", line 214, in __init__
    [
  File "/playpen-storage/yvs/LongVU/longvu/compressors/mamba_compressor.py", line 215, in <listcomp>
    MambaBlock(
  File "/playpen-storage/yvs/LongVU/longvu/compressors/mamba_compressor.py", line 98, in __init__
    self.mixer = Mamba(
TypeError: Mamba.__init__() got an unexpected keyword argument 'bimamba'
Traceback (most recent call last):
  File "/playpen-storage/yvs/LongVU/longvu/train.py", line 1133, in <module>
    train()
  File "/playpen-storage/yvs/LongVU/longvu/train.py", line 1064, in train
    model.get_model().initialize_compressor(model_args.spatiotemporal_compressor)
  File "/playpen-storage/yvs/LongVU/longvu/cambrian_arch.py", line 392, in initialize_compressor
    self.compressor = MambaCompressorQuery(
  File "/playpen-storage/yvs/LongVU/longvu/compressors/mamba_compressor.py", line 214, in __init__
    [
  File "/playpen-storage/yvs/LongVU/longvu/compressors/mamba_compressor.py", line 215, in <listcomp>
    MambaBlock(
  File "/playpen-storage/yvs/LongVU/longvu/compressors/mamba_compressor.py", line 98, in __init__
    self.mixer = Mamba(
TypeError: Mamba.__init__() got an unexpected keyword argument 'bimamba'
Traceback (most recent call last):
  File "/playpen-storage/yvs/LongVU/longvu/train.py", line 1133, in <module>
    train()
  File "/playpen-storage/yvs/LongVU/longvu/train.py", line 1064, in train
    model.get_model().initialize_compressor(model_args.spatiotemporal_compressor)
  File "/playpen-storage/yvs/LongVU/longvu/cambrian_arch.py", line 392, in initialize_compressor
    self.compressor = MambaCompressorQuery(
  File "/playpen-storage/yvs/LongVU/longvu/compressors/mamba_compressor.py", line 214, in __init__
    [
  File "/playpen-storage/yvs/LongVU/longvu/compressors/mamba_compressor.py", line 215, in <listcomp>
    MambaBlock(
  File "/playpen-storage/yvs/LongVU/longvu/compressors/mamba_compressor.py", line 98, in __init__
    self.mixer = Mamba(
TypeError: Mamba.__init__() got an unexpected keyword argument 'bimamba'
[2025-02-26 15:36:15,849] torch.distributed.elastic.multiprocessing.api: [ERROR] failed (exitcode: 1) local_rank: 0 (pid: 1585263) of binary: /usr/bin/python3
Traceback (most recent call last):
  File "/home/yvs/.local/bin/torchrun", line 8, in <module>
    sys.exit(main())
  File "/home/yvs/.local/lib/python3.10/site-packages/torch/distributed/elastic/multiprocessing/errors/__init__.py", line 346, in wrapper
    return f(*args, **kwargs)
  File "/home/yvs/.local/lib/python3.10/site-packages/torch/distributed/run.py", line 806, in main
    run(args)
  File "/home/yvs/.local/lib/python3.10/site-packages/torch/distributed/run.py", line 797, in run
    elastic_launch(
  File "/home/yvs/.local/lib/python3.10/site-packages/torch/distributed/launcher/api.py", line 134, in __call__
    return launch_agent(self._config, self._entrypoint, list(args))
  File "/home/yvs/.local/lib/python3.10/site-packages/torch/distributed/launcher/api.py", line 264, in launch_agent
    raise ChildFailedError(
torch.distributed.elastic.multiprocessing.errors.ChildFailedError: 
============================================================
longvu/train.py FAILED
------------------------------------------------------------
Failures:
[1]:
  time      : 2025-02-26_15:36:15
  host      : megatron.ib
  rank      : 1 (local_rank: 1)
  exitcode  : 1 (pid: 1585264)
  error_file: <N/A>
  traceback : To enable traceback see: https://pytorch.org/docs/stable/elastic/errors.html
[2]:
  time      : 2025-02-26_15:36:15
  host      : megatron.ib
  rank      : 2 (local_rank: 2)
  exitcode  : 1 (pid: 1585265)
  error_file: <N/A>
  traceback : To enable traceback see: https://pytorch.org/docs/stable/elastic/errors.html
[3]:
  time      : 2025-02-26_15:36:15
  host      : megatron.ib
  rank      : 3 (local_rank: 3)
  exitcode  : 1 (pid: 1585266)
  error_file: <N/A>
  traceback : To enable traceback see: https://pytorch.org/docs/stable/elastic/errors.html
[4]:
  time      : 2025-02-26_15:36:15
  host      : megatron.ib
  rank      : 4 (local_rank: 4)
  exitcode  : 1 (pid: 1585267)
  error_file: <N/A>
  traceback : To enable traceback see: https://pytorch.org/docs/stable/elastic/errors.html
[5]:
  time      : 2025-02-26_15:36:15
  host      : megatron.ib
  rank      : 5 (local_rank: 5)
  exitcode  : 1 (pid: 1585268)
  error_file: <N/A>
  traceback : To enable traceback see: https://pytorch.org/docs/stable/elastic/errors.html
[6]:
  time      : 2025-02-26_15:36:15
  host      : megatron.ib
  rank      : 6 (local_rank: 6)
  exitcode  : 1 (pid: 1585269)
  error_file: <N/A>
  traceback : To enable traceback see: https://pytorch.org/docs/stable/elastic/errors.html
[7]:
  time      : 2025-02-26_15:36:15
  host      : megatron.ib
  rank      : 7 (local_rank: 7)
  exitcode  : 1 (pid: 1585270)
  error_file: <N/A>
  traceback : To enable traceback see: https://pytorch.org/docs/stable/elastic/errors.html
------------------------------------------------------------
Root Cause (first observed failure):
[0]:
  time      : 2025-02-26_15:36:15
  host      : megatron.ib
  rank      : 0 (local_rank: 0)
  exitcode  : 1 (pid: 1585263)
  error_file: <N/A>
  traceback : To enable traceback see: https://pytorch.org/docs/stable/elastic/errors.html
============================================================
