Defaulting to user installation because normal site-packages is not writeable
Requirement already satisfied: huggingface_hub==0.25.1 in /home/yvs/.local/lib/python3.10/site-packages (from -r requirements.txt (line 1)) (0.25.1)
Requirement already satisfied: torch==2.1.2 in /home/yvs/.local/lib/python3.10/site-packages (from -r requirements.txt (line 2)) (2.1.2)
Requirement already satisfied: numpy==1.26.4 in /home/yvs/.local/lib/python3.10/site-packages (from -r requirements.txt (line 3)) (1.26.4)
Requirement already satisfied: torchvision in /home/yvs/.local/lib/python3.10/site-packages (from -r requirements.txt (line 4)) (0.16.2)
Requirement already satisfied: transformers==4.42.4 in /home/yvs/.local/lib/python3.10/site-packages (from -r requirements.txt (line 5)) (4.42.4)
Requirement already satisfied: tokenizers==0.19.1 in /home/yvs/.local/lib/python3.10/site-packages (from -r requirements.txt (line 6)) (0.19.1)
Requirement already satisfied: sentencepiece==0.1.99 in /home/yvs/.local/lib/python3.10/site-packages (from -r requirements.txt (line 7)) (0.1.99)
Requirement already satisfied: shortuuid in /home/yvs/.local/lib/python3.10/site-packages (from -r requirements.txt (line 8)) (1.0.13)
Requirement already satisfied: accelerate==0.34.2 in /home/yvs/.local/lib/python3.10/site-packages (from -r requirements.txt (line 9)) (0.34.2)
Requirement already satisfied: peft==0.4.0 in /home/yvs/.local/lib/python3.10/site-packages (from -r requirements.txt (line 10)) (0.4.0)
Requirement already satisfied: bitsandbytes==0.41.0 in /home/yvs/.local/lib/python3.10/site-packages (from -r requirements.txt (line 11)) (0.41.0)
Requirement already satisfied: pydantic<2,>=1 in /home/yvs/.local/lib/python3.10/site-packages (from -r requirements.txt (line 12)) (1.10.21)
Requirement already satisfied: markdown2 in /home/yvs/.local/lib/python3.10/site-packages (from -r requirements.txt (line 13)) (2.5.2)
Requirement already satisfied: scikit-learn==1.2.2 in /home/yvs/.local/lib/python3.10/site-packages (from -r requirements.txt (line 14)) (1.2.2)
Requirement already satisfied: gradio==3.35.2 in /home/yvs/.local/lib/python3.10/site-packages (from -r requirements.txt (line 15)) (3.35.2)
Requirement already satisfied: gradio_client==0.2.9 in /home/yvs/.local/lib/python3.10/site-packages (from -r requirements.txt (line 16)) (0.2.9)
Requirement already satisfied: requests in /usr/lib/python3/dist-packages (from -r requirements.txt (line 17)) (2.25.1)
Requirement already satisfied: httpx==0.24.0 in /home/yvs/.local/lib/python3.10/site-packages (from -r requirements.txt (line 18)) (0.24.0)
Requirement already satisfied: uvicorn in /home/yvs/.local/lib/python3.10/site-packages (from -r requirements.txt (line 19)) (0.34.0)
Requirement already satisfied: fastapi in /home/yvs/.local/lib/python3.10/site-packages (from -r requirements.txt (line 20)) (0.115.6)
Requirement already satisfied: einops==0.6.1 in /home/yvs/.local/lib/python3.10/site-packages (from -r requirements.txt (line 21)) (0.6.1)
Requirement already satisfied: einops-exts==0.0.4 in /home/yvs/.local/lib/python3.10/site-packages (from -r requirements.txt (line 22)) (0.0.4)
Requirement already satisfied: timm==0.9.16 in /home/yvs/.local/lib/python3.10/site-packages (from -r requirements.txt (line 23)) (0.9.16)
Requirement already satisfied: decord in /home/yvs/.local/lib/python3.10/site-packages (from -r requirements.txt (line 24)) (0.6.0)
Requirement already satisfied: ninja in /home/yvs/.local/lib/python3.10/site-packages (from -r requirements.txt (line 25)) (1.11.1.3)
Requirement already satisfied: deepspeed==0.12.2 in /home/yvs/.local/lib/python3.10/site-packages (from -r requirements.txt (line 26)) (0.12.2)
Requirement already satisfied: protobuf in /home/yvs/.local/lib/python3.10/site-packages (from -r requirements.txt (line 27)) (5.29.3)
Requirement already satisfied: iopath in /usr/local/lib/python3.10/dist-packages (from -r requirements.txt (line 28)) (0.1.10)
Requirement already satisfied: typing-extensions>=3.7.4.3 in /usr/local/lib/python3.10/dist-packages (from huggingface_hub==0.25.1->-r requirements.txt (line 1)) (4.12.2)
Requirement already satisfied: pyyaml>=5.1 in /usr/lib/python3/dist-packages (from huggingface_hub==0.25.1->-r requirements.txt (line 1)) (5.4.1)
Requirement already satisfied: packaging>=20.9 in /usr/local/lib/python3.10/dist-packages (from huggingface_hub==0.25.1->-r requirements.txt (line 1)) (24.1)
Requirement already satisfied: filelock in /usr/local/lib/python3.10/dist-packages (from huggingface_hub==0.25.1->-r requirements.txt (line 1)) (3.16.1)
Requirement already satisfied: tqdm>=4.42.1 in /usr/local/lib/python3.10/dist-packages (from huggingface_hub==0.25.1->-r requirements.txt (line 1)) (4.66.5)
Requirement already satisfied: fsspec>=2023.5.0 in /usr/local/lib/python3.10/dist-packages (from huggingface_hub==0.25.1->-r requirements.txt (line 1)) (2024.9.0)
Requirement already satisfied: nvidia-cuda-cupti-cu12==12.1.105 in /usr/local/lib/python3.10/dist-packages (from torch==2.1.2->-r requirements.txt (line 2)) (12.1.105)
Requirement already satisfied: triton==2.1.0 in /home/yvs/.local/lib/python3.10/site-packages (from torch==2.1.2->-r requirements.txt (line 2)) (2.1.0)
Requirement already satisfied: networkx in /usr/local/lib/python3.10/dist-packages (from torch==2.1.2->-r requirements.txt (line 2)) (3.3)
Requirement already satisfied: nvidia-nccl-cu12==2.18.1 in /home/yvs/.local/lib/python3.10/site-packages (from torch==2.1.2->-r requirements.txt (line 2)) (2.18.1)
Requirement already satisfied: jinja2 in /usr/lib/python3/dist-packages (from torch==2.1.2->-r requirements.txt (line 2)) (3.0.3)
Requirement already satisfied: nvidia-cusolver-cu12==11.4.5.107 in /usr/local/lib/python3.10/dist-packages (from torch==2.1.2->-r requirements.txt (line 2)) (11.4.5.107)
Requirement already satisfied: nvidia-cuda-nvrtc-cu12==12.1.105 in /usr/local/lib/python3.10/dist-packages (from torch==2.1.2->-r requirements.txt (line 2)) (12.1.105)
Requirement already satisfied: nvidia-curand-cu12==10.3.2.106 in /usr/local/lib/python3.10/dist-packages (from torch==2.1.2->-r requirements.txt (line 2)) (10.3.2.106)
Requirement already satisfied: nvidia-cublas-cu12==12.1.3.1 in /usr/local/lib/python3.10/dist-packages (from torch==2.1.2->-r requirements.txt (line 2)) (12.1.3.1)
Requirement already satisfied: nvidia-cufft-cu12==11.0.2.54 in /usr/local/lib/python3.10/dist-packages (from torch==2.1.2->-r requirements.txt (line 2)) (11.0.2.54)
Requirement already satisfied: sympy in /usr/local/lib/python3.10/dist-packages (from torch==2.1.2->-r requirements.txt (line 2)) (1.13.3)
Requirement already satisfied: nvidia-cudnn-cu12==8.9.2.26 in /home/yvs/.local/lib/python3.10/site-packages (from torch==2.1.2->-r requirements.txt (line 2)) (8.9.2.26)
Requirement already satisfied: nvidia-cusparse-cu12==12.1.0.106 in /usr/local/lib/python3.10/dist-packages (from torch==2.1.2->-r requirements.txt (line 2)) (12.1.0.106)
Requirement already satisfied: nvidia-cuda-runtime-cu12==12.1.105 in /usr/local/lib/python3.10/dist-packages (from torch==2.1.2->-r requirements.txt (line 2)) (12.1.105)
Requirement already satisfied: nvidia-nvtx-cu12==12.1.105 in /usr/local/lib/python3.10/dist-packages (from torch==2.1.2->-r requirements.txt (line 2)) (12.1.105)
Requirement already satisfied: regex!=2019.12.17 in /home/yvs/.local/lib/python3.10/site-packages (from transformers==4.42.4->-r requirements.txt (line 5)) (2024.11.6)
Requirement already satisfied: safetensors>=0.4.1 in /home/yvs/.local/lib/python3.10/site-packages (from transformers==4.42.4->-r requirements.txt (line 5)) (0.5.2)
Requirement already satisfied: psutil in /home/yvs/.local/lib/python3.10/site-packages (from accelerate==0.34.2->-r requirements.txt (line 9)) (6.1.1)
Requirement already satisfied: threadpoolctl>=2.0.0 in /home/yvs/.local/lib/python3.10/site-packages (from scikit-learn==1.2.2->-r requirements.txt (line 14)) (3.5.0)
Requirement already satisfied: scipy>=1.3.2 in /home/yvs/.local/lib/python3.10/site-packages (from scikit-learn==1.2.2->-r requirements.txt (line 14)) (1.15.1)
Requirement already satisfied: joblib>=1.1.1 in /home/yvs/.local/lib/python3.10/site-packages (from scikit-learn==1.2.2->-r requirements.txt (line 14)) (1.4.2)
Requirement already satisfied: pydub in /home/yvs/.local/lib/python3.10/site-packages (from gradio==3.35.2->-r requirements.txt (line 15)) (0.25.1)
Requirement already satisfied: websockets>=10.0 in /home/yvs/.local/lib/python3.10/site-packages (from gradio==3.35.2->-r requirements.txt (line 15)) (14.2)
Requirement already satisfied: semantic-version in /home/yvs/.local/lib/python3.10/site-packages (from gradio==3.35.2->-r requirements.txt (line 15)) (2.10.0)
Requirement already satisfied: markupsafe in /usr/lib/python3/dist-packages (from gradio==3.35.2->-r requirements.txt (line 15)) (2.0.1)
Requirement already satisfied: markdown-it-py[linkify]>=2.0.0 in /home/yvs/.local/lib/python3.10/site-packages (from gradio==3.35.2->-r requirements.txt (line 15)) (2.2.0)
Requirement already satisfied: pandas in /home/yvs/.local/lib/python3.10/site-packages (from gradio==3.35.2->-r requirements.txt (line 15)) (2.2.3)
Requirement already satisfied: pygments>=2.12.0 in /home/yvs/.local/lib/python3.10/site-packages (from gradio==3.35.2->-r requirements.txt (line 15)) (2.19.1)
Requirement already satisfied: python-multipart in /home/yvs/.local/lib/python3.10/site-packages (from gradio==3.35.2->-r requirements.txt (line 15)) (0.0.20)
Requirement already satisfied: aiofiles in /home/yvs/.local/lib/python3.10/site-packages (from gradio==3.35.2->-r requirements.txt (line 15)) (24.1.0)
Requirement already satisfied: orjson in /home/yvs/.local/lib/python3.10/site-packages (from gradio==3.35.2->-r requirements.txt (line 15)) (3.10.15)
Requirement already satisfied: pillow in /usr/local/lib/python3.10/dist-packages (from gradio==3.35.2->-r requirements.txt (line 15)) (10.4.0)
Requirement already satisfied: matplotlib in /home/yvs/.local/lib/python3.10/site-packages (from gradio==3.35.2->-r requirements.txt (line 15)) (3.10.0)
Requirement already satisfied: aiohttp in /home/yvs/.local/lib/python3.10/site-packages (from gradio==3.35.2->-r requirements.txt (line 15)) (3.11.11)
Requirement already satisfied: mdit-py-plugins<=0.3.3 in /home/yvs/.local/lib/python3.10/site-packages (from gradio==3.35.2->-r requirements.txt (line 15)) (0.3.3)
Requirement already satisfied: altair>=4.2.0 in /home/yvs/.local/lib/python3.10/site-packages (from gradio==3.35.2->-r requirements.txt (line 15)) (5.5.0)
Requirement already satisfied: ffmpy in /home/yvs/.local/lib/python3.10/site-packages (from gradio==3.35.2->-r requirements.txt (line 15)) (0.5.0)
Requirement already satisfied: idna in /usr/lib/python3/dist-packages (from httpx==0.24.0->-r requirements.txt (line 18)) (3.3)
Requirement already satisfied: certifi in /usr/lib/python3/dist-packages (from httpx==0.24.0->-r requirements.txt (line 18)) (2020.6.20)
Requirement already satisfied: httpcore<0.18.0,>=0.15.0 in /home/yvs/.local/lib/python3.10/site-packages (from httpx==0.24.0->-r requirements.txt (line 18)) (0.17.3)
Requirement already satisfied: sniffio in /home/yvs/.local/lib/python3.10/site-packages (from httpx==0.24.0->-r requirements.txt (line 18)) (1.3.1)
Requirement already satisfied: pynvml in /home/yvs/.local/lib/python3.10/site-packages (from deepspeed==0.12.2->-r requirements.txt (line 26)) (12.0.0)
Requirement already satisfied: py-cpuinfo in /home/yvs/.local/lib/python3.10/site-packages (from deepspeed==0.12.2->-r requirements.txt (line 26)) (9.0.0)
Requirement already satisfied: hjson in /home/yvs/.local/lib/python3.10/site-packages (from deepspeed==0.12.2->-r requirements.txt (line 26)) (3.1.0)
Requirement already satisfied: nvidia-nvjitlink-cu12 in /usr/local/lib/python3.10/dist-packages (from nvidia-cusolver-cu12==11.4.5.107->torch==2.1.2->-r requirements.txt (line 2)) (12.6.68)
Requirement already satisfied: h11>=0.8 in /home/yvs/.local/lib/python3.10/site-packages (from uvicorn->-r requirements.txt (line 19)) (0.14.0)
Requirement already satisfied: click>=7.0 in /usr/lib/python3/dist-packages (from uvicorn->-r requirements.txt (line 19)) (8.0.3)
Requirement already satisfied: starlette<0.42.0,>=0.40.0 in /home/yvs/.local/lib/python3.10/site-packages (from fastapi->-r requirements.txt (line 20)) (0.41.3)
Requirement already satisfied: portalocker in /usr/local/lib/python3.10/dist-packages (from iopath->-r requirements.txt (line 28)) (2.10.1)
Requirement already satisfied: jsonschema>=3.0 in /usr/lib/python3/dist-packages (from altair>=4.2.0->gradio==3.35.2->-r requirements.txt (line 15)) (3.2.0)
Requirement already satisfied: narwhals>=1.14.2 in /home/yvs/.local/lib/python3.10/site-packages (from altair>=4.2.0->gradio==3.35.2->-r requirements.txt (line 15)) (1.23.0)
Requirement already satisfied: anyio<5.0,>=3.0 in /home/yvs/.local/lib/python3.10/site-packages (from httpcore<0.18.0,>=0.15.0->httpx==0.24.0->-r requirements.txt (line 18)) (4.8.0)
Requirement already satisfied: mdurl~=0.1 in /home/yvs/.local/lib/python3.10/site-packages (from markdown-it-py[linkify]>=2.0.0->gradio==3.35.2->-r requirements.txt (line 15)) (0.1.2)
Requirement already satisfied: linkify-it-py<3,>=1 in /home/yvs/.local/lib/python3.10/site-packages (from markdown-it-py[linkify]>=2.0.0->gradio==3.35.2->-r requirements.txt (line 15)) (2.0.3)
Requirement already satisfied: frozenlist>=1.1.1 in /home/yvs/.local/lib/python3.10/site-packages (from aiohttp->gradio==3.35.2->-r requirements.txt (line 15)) (1.5.0)
Requirement already satisfied: multidict<7.0,>=4.5 in /home/yvs/.local/lib/python3.10/site-packages (from aiohttp->gradio==3.35.2->-r requirements.txt (line 15)) (6.1.0)
Requirement already satisfied: aiohappyeyeballs>=2.3.0 in /home/yvs/.local/lib/python3.10/site-packages (from aiohttp->gradio==3.35.2->-r requirements.txt (line 15)) (2.4.4)
Requirement already satisfied: aiosignal>=1.1.2 in /home/yvs/.local/lib/python3.10/site-packages (from aiohttp->gradio==3.35.2->-r requirements.txt (line 15)) (1.3.2)
Requirement already satisfied: attrs>=17.3.0 in /usr/lib/python3/dist-packages (from aiohttp->gradio==3.35.2->-r requirements.txt (line 15)) (21.2.0)
Requirement already satisfied: propcache>=0.2.0 in /home/yvs/.local/lib/python3.10/site-packages (from aiohttp->gradio==3.35.2->-r requirements.txt (line 15)) (0.2.1)
Requirement already satisfied: yarl<2.0,>=1.17.0 in /home/yvs/.local/lib/python3.10/site-packages (from aiohttp->gradio==3.35.2->-r requirements.txt (line 15)) (1.18.3)
Requirement already satisfied: async-timeout<6.0,>=4.0 in /home/yvs/.local/lib/python3.10/site-packages (from aiohttp->gradio==3.35.2->-r requirements.txt (line 15)) (5.0.1)
Requirement already satisfied: kiwisolver>=1.3.1 in /home/yvs/.local/lib/python3.10/site-packages (from matplotlib->gradio==3.35.2->-r requirements.txt (line 15)) (1.4.8)
Requirement already satisfied: pyparsing>=2.3.1 in /usr/lib/python3/dist-packages (from matplotlib->gradio==3.35.2->-r requirements.txt (line 15)) (2.4.7)
Requirement already satisfied: python-dateutil>=2.7 in /home/yvs/.local/lib/python3.10/site-packages (from matplotlib->gradio==3.35.2->-r requirements.txt (line 15)) (2.9.0.post0)
Requirement already satisfied: cycler>=0.10 in /home/yvs/.local/lib/python3.10/site-packages (from matplotlib->gradio==3.35.2->-r requirements.txt (line 15)) (0.12.1)
Requirement already satisfied: fonttools>=4.22.0 in /home/yvs/.local/lib/python3.10/site-packages (from matplotlib->gradio==3.35.2->-r requirements.txt (line 15)) (4.55.4)
Requirement already satisfied: contourpy>=1.0.1 in /home/yvs/.local/lib/python3.10/site-packages (from matplotlib->gradio==3.35.2->-r requirements.txt (line 15)) (1.3.1)
Requirement already satisfied: tzdata>=2022.7 in /home/yvs/.local/lib/python3.10/site-packages (from pandas->gradio==3.35.2->-r requirements.txt (line 15)) (2025.1)
Requirement already satisfied: pytz>=2020.1 in /usr/lib/python3/dist-packages (from pandas->gradio==3.35.2->-r requirements.txt (line 15)) (2022.1)
Requirement already satisfied: nvidia-ml-py<13.0.0a0,>=12.0.0 in /home/yvs/.local/lib/python3.10/site-packages (from pynvml->deepspeed==0.12.2->-r requirements.txt (line 26)) (12.560.30)
Requirement already satisfied: mpmath<1.4,>=1.1.0 in /usr/local/lib/python3.10/dist-packages (from sympy->torch==2.1.2->-r requirements.txt (line 2)) (1.3.0)
Requirement already satisfied: exceptiongroup>=1.0.2 in /home/yvs/.local/lib/python3.10/site-packages (from anyio<5.0,>=3.0->httpcore<0.18.0,>=0.15.0->httpx==0.24.0->-r requirements.txt (line 18)) (1.2.2)
Requirement already satisfied: uc-micro-py in /home/yvs/.local/lib/python3.10/site-packages (from linkify-it-py<3,>=1->markdown-it-py[linkify]>=2.0.0->gradio==3.35.2->-r requirements.txt (line 15)) (1.0.3)
Requirement already satisfied: six>=1.5 in /usr/lib/python3/dist-packages (from python-dateutil>=2.7->matplotlib->gradio==3.35.2->-r requirements.txt (line 15)) (1.16.0)
NUM_GPUS: 8
