ERROR: pip's dependency resolver does not currently take into account all the packages that are installed. This behaviour is the source of the following dependency conflicts.
sam-2 1.0 requires torch>=2.3.1, but you have torch 2.1.2 which is incompatible.
sam-2 1.0 requires torchvision>=0.18.1, but you have torchvision 0.16.2 which is incompatible.
[2025-02-04 12:47:41,403] torch.distributed.run: [WARNING] 
[2025-02-04 12:47:41,403] torch.distributed.run: [WARNING] *****************************************
[2025-02-04 12:47:41,403] torch.distributed.run: [WARNING] Setting OMP_NUM_THREADS environment variable for each process to be 1 in default, to avoid your system being overloaded, please further tune the variable for optimal performance in your application as needed. 
[2025-02-04 12:47:41,403] torch.distributed.run: [WARNING] *****************************************
Special tokens have been added in the vocabulary, make sure the associated word embeddings are fine-tuned or trained.
Special tokens have been added in the vocabulary, make sure the associated word embeddings are fine-tuned or trained.
Special tokens have been added in the vocabulary, make sure the associated word embeddings are fine-tuned or trained.
Special tokens have been added in the vocabulary, make sure the associated word embeddings are fine-tuned or trained.
Special tokens have been added in the vocabulary, make sure the associated word embeddings are fine-tuned or trained.
Special tokens have been added in the vocabulary, make sure the associated word embeddings are fine-tuned or trained.
Special tokens have been added in the vocabulary, make sure the associated word embeddings are fine-tuned or trained.
Special tokens have been added in the vocabulary, make sure the associated word embeddings are fine-tuned or trained.
/home/yvs/.local/lib/python3.10/site-packages/transformers/training_args.py:1494: FutureWarning: `evaluation_strategy` is deprecated and will be removed in version 4.46 of 🤗 Transformers. Use `eval_strategy` instead
  warnings.warn(
/home/yvs/.local/lib/python3.10/site-packages/transformers/training_args.py:1494: FutureWarning: `evaluation_strategy` is deprecated and will be removed in version 4.46 of 🤗 Transformers. Use `eval_strategy` instead
  warnings.warn(
/home/yvs/.local/lib/python3.10/site-packages/transformers/training_args.py:1494: FutureWarning: `evaluation_strategy` is deprecated and will be removed in version 4.46 of 🤗 Transformers. Use `eval_strategy` instead
  warnings.warn(
/home/yvs/.local/lib/python3.10/site-packages/transformers/training_args.py:1494: FutureWarning: `evaluation_strategy` is deprecated and will be removed in version 4.46 of 🤗 Transformers. Use `eval_strategy` instead
  warnings.warn(
/home/yvs/.local/lib/python3.10/site-packages/transformers/training_args.py:1494: FutureWarning: `evaluation_strategy` is deprecated and will be removed in version 4.46 of 🤗 Transformers. Use `eval_strategy` instead
  warnings.warn(
/home/yvs/.local/lib/python3.10/site-packages/transformers/training_args.py:1494: FutureWarning: `evaluation_strategy` is deprecated and will be removed in version 4.46 of 🤗 Transformers. Use `eval_strategy` instead
  warnings.warn(
/home/yvs/.local/lib/python3.10/site-packages/transformers/training_args.py:1494: FutureWarning: `evaluation_strategy` is deprecated and will be removed in version 4.46 of 🤗 Transformers. Use `eval_strategy` instead
  warnings.warn(
/home/yvs/.local/lib/python3.10/site-packages/transformers/training_args.py:1494: FutureWarning: `evaluation_strategy` is deprecated and will be removed in version 4.46 of 🤗 Transformers. Use `eval_strategy` instead
  warnings.warn(
/home/yvs/.local/lib/python3.10/site-packages/transformers/training_args.py:1820: FutureWarning: using `--fsdp_transformer_layer_cls_to_wrap` is deprecated. Use fsdp_config instead 
  warnings.warn(
/home/yvs/.local/lib/python3.10/site-packages/transformers/training_args.py:1820: FutureWarning: using `--fsdp_transformer_layer_cls_to_wrap` is deprecated. Use fsdp_config instead 
  warnings.warn(
/home/yvs/.local/lib/python3.10/site-packages/transformers/training_args.py:1820: FutureWarning: using `--fsdp_transformer_layer_cls_to_wrap` is deprecated. Use fsdp_config instead 
  warnings.warn(
/home/yvs/.local/lib/python3.10/site-packages/transformers/training_args.py:1820: FutureWarning: using `--fsdp_transformer_layer_cls_to_wrap` is deprecated. Use fsdp_config instead 
  warnings.warn(
/home/yvs/.local/lib/python3.10/site-packages/transformers/training_args.py:1820: FutureWarning: using `--fsdp_transformer_layer_cls_to_wrap` is deprecated. Use fsdp_config instead 
  warnings.warn(
/home/yvs/.local/lib/python3.10/site-packages/transformers/training_args.py:1820: FutureWarning: using `--fsdp_transformer_layer_cls_to_wrap` is deprecated. Use fsdp_config instead 
  warnings.warn(
/home/yvs/.local/lib/python3.10/site-packages/transformers/training_args.py:1820: FutureWarning: using `--fsdp_transformer_layer_cls_to_wrap` is deprecated. Use fsdp_config instead 
  warnings.warn(
/home/yvs/.local/lib/python3.10/site-packages/transformers/training_args.py:1820: FutureWarning: using `--fsdp_transformer_layer_cls_to_wrap` is deprecated. Use fsdp_config instead 
  warnings.warn(
Special tokens have been added in the vocabulary, make sure the associated word embeddings are fine-tuned or trained.
Special tokens have been added in the vocabulary, make sure the associated word embeddings are fine-tuned or trained.
Special tokens have been added in the vocabulary, make sure the associated word embeddings are fine-tuned or trained.
Special tokens have been added in the vocabulary, make sure the associated word embeddings are fine-tuned or trained.
Special tokens have been added in the vocabulary, make sure the associated word embeddings are fine-tuned or trained.
Special tokens have been added in the vocabulary, make sure the associated word embeddings are fine-tuned or trained.
Special tokens have been added in the vocabulary, make sure the associated word embeddings are fine-tuned or trained.
Special tokens have been added in the vocabulary, make sure the associated word embeddings are fine-tuned or trained.
You are adding a <class 'transformers.integrations.integration_utils.TensorBoardCallback'> to the callbacks of this Trainer, but there is already one. The currentlist of callbacks is
:DefaultFlowCallback
TensorBoardCallback
You are adding a <class 'transformers.integrations.integration_utils.TensorBoardCallback'> to the callbacks of this Trainer, but there is already one. The currentlist of callbacks is
:DefaultFlowCallback
TensorBoardCallback
You are adding a <class 'transformers.integrations.integration_utils.TensorBoardCallback'> to the callbacks of this Trainer, but there is already one. The currentlist of callbacks is
:DefaultFlowCallback
TensorBoardCallback
You are adding a <class 'transformers.integrations.integration_utils.TensorBoardCallback'> to the callbacks of this Trainer, but there is already one. The currentlist of callbacks is
:DefaultFlowCallback
TensorBoardCallback
You are adding a <class 'transformers.integrations.integration_utils.TensorBoardCallback'> to the callbacks of this Trainer, but there is already one. The currentlist of callbacks is
:DefaultFlowCallback
TensorBoardCallback
You are adding a <class 'transformers.integrations.integration_utils.TensorBoardCallback'> to the callbacks of this Trainer, but there is already one. The currentlist of callbacks is
:DefaultFlowCallback
TensorBoardCallback
You are adding a <class 'transformers.integrations.integration_utils.TensorBoardCallback'> to the callbacks of this Trainer, but there is already one. The currentlist of callbacks is
:DefaultFlowCallback
TensorBoardCallback
You are adding a <class 'transformers.integrations.integration_utils.TensorBoardCallback'> to the callbacks of this Trainer, but there is already one. The currentlist of callbacks is
:DefaultFlowCallback
TensorBoardCallback
/home/yvs/.local/lib/python3.10/site-packages/accelerate/accelerator.py:1557: UserWarning: Upcasted low precision parameters in CambrianQwenForCausalLM because mixed precision turned on in FSDP. Affects: model.vision_query, model.image_newline, model.embed_tokens.weight, model.norm.weight, model.mm_projector.0.weight, model.mm_projector.0.bias, model.mm_projector.2.weight, model.mm_projector.2.bias, model.mm_projector_aux_0.0.weight, model.mm_projector_aux_0.0.bias, model.mm_projector_aux_0.2.weight, model.mm_projector_aux_0.2.bias, model.mm_projector_aux_0.3.weight, model.mm_projector_aux_0.3.bias, model.mm_projector_aux_1.0.weight, model.mm_projector_aux_1.0.bias, model.mm_projector_aux_1.2.weight, model.mm_projector_aux_1.2.bias, model.mm_projector_aux_1.3.weight, model.mm_projector_aux_1.3.bias, model.vision_sampler_0.layers.0.pos_embed_0, model.vision_sampler_0.layers.0.pos_embed_1, model.vision_sampler_0.layers.0.proj_context.weight, model.vision_sampler_0.layers.0.proj_in.weight, model.vision_sampler_0.layers.0.proj_out.linear_1.weight, model.vision_sampler_0.layers.0.proj_out.linear_2.weight, model.vision_sampler_0.layers.0.norm.weight, model.vision_sampler_0.layers.0.norm.bias, model.vision_sampler_0.layers.0.cross_attn.q_proj.0.weight, model.vision_sampler_0.layers.0.cross_attn.q_proj.0.bias, model.vision_sampler_0.layers.0.cross_attn.q_proj.1.weight, model.vision_sampler_0.layers.0.cross_attn.k_proj_0.0.weight, model.vision_sampler_0.layers.0.cross_attn.k_proj_0.0.bias, model.vision_sampler_0.layers.0.cross_attn.k_proj_0.1.weight, model.vision_sampler_0.layers.0.cross_attn.v_proj_0.0.weight, model.vision_sampler_0.layers.0.cross_attn.v_proj_0.0.bias, model.vision_sampler_0.layers.0.cross_attn.v_proj_0.1.weight, model.vision_sampler_0.layers.0.cross_attn.k_proj_1.0.weight, model.vision_sampler_0.layers.0.cross_attn.k_proj_1.0.bias, model.vision_sampler_0.layers.0.cross_attn.k_proj_1.1.weight, model.vision_sampler_0.layers.0.cross_attn.v_proj_1.0.weight, model.vision_sampler_0.layers.0.cross_attn.v_proj_1.0.bias, model.vision_sampler_0.layers.0.cross_attn.v_proj_1.1.weight, model.vision_sampler_0.layers.0.cross_attn.o_proj.weight, model.vision_sampler_0.layers.1.pos_embed_0, model.vision_sampler_0.layers.1.pos_embed_1, model.vision_sampler_0.layers.1.proj_context.weight, model.vision_sampler_0.layers.1.proj_in.weight, model.vision_sampler_0.layers.1.proj_out.linear_1.weight, model.vision_sampler_0.layers.1.proj_out.linear_2.weight, model.vision_sampler_0.layers.1.norm.weight, model.vision_sampler_0.layers.1.norm.bias, model.vision_sampler_0.layers.1.cross_attn.q_proj.0.weight, model.vision_sampler_0.layers.1.cross_attn.q_proj.0.bias, model.vision_sampler_0.layers.1.cross_attn.q_proj.1.weight, model.vision_sampler_0.layers.1.cross_attn.k_proj_0.0.weight, model.vision_sampler_0.layers.1.cross_attn.k_proj_0.0.bias, model.vision_sampler_0.layers.1.cross_attn.k_proj_0.1.weight, model.vision_sampler_0.layers.1.cross_attn.v_proj_0.0.weight, model.vision_sampler_0.layers.1.cross_attn.v_proj_0.0.bias, model.vision_sampler_0.layers.1.cross_attn.v_proj_0.1.weight, model.vision_sampler_0.layers.1.cross_attn.k_proj_1.0.weight, model.vision_sampler_0.layers.1.cross_attn.k_proj_1.0.bias, model.vision_sampler_0.layers.1.cross_attn.k_proj_1.1.weight, model.vision_sampler_0.layers.1.cross_attn.v_proj_1.0.weight, model.vision_sampler_0.layers.1.cross_attn.v_proj_1.0.bias, model.vision_sampler_0.layers.1.cross_attn.v_proj_1.1.weight, model.vision_sampler_0.layers.1.cross_attn.o_proj.weight, model.vision_sampler_0.layers.2.pos_embed_0, model.vision_sampler_0.layers.2.pos_embed_1, model.vision_sampler_0.layers.2.proj_context.weight, model.vision_sampler_0.layers.2.proj_in.weight, model.vision_sampler_0.layers.2.proj_out.linear_1.weight, model.vision_sampler_0.layers.2.proj_out.linear_2.weight, model.vision_sampler_0.layers.2.norm.weight, model.vision_sampler_0.layers.2.norm.bias, model.vision_sampler_0.layers.2.cross_attn.q_proj.0.weight, model.vision_sampler_0.layers.2.cross_attn.q_proj.0.bias, model.vision_sampler_0.layers.2.cross_attn.q_proj.1.weight, model.vision_sampler_0.layers.2.cross_attn.k_proj_0.0.weight, model.vision_sampler_0.layers.2.cross_attn.k_proj_0.0.bias, model.vision_sampler_0.layers.2.cross_attn.k_proj_0.1.weight, model.vision_sampler_0.layers.2.cross_attn.v_proj_0.0.weight, model.vision_sampler_0.layers.2.cross_attn.v_proj_0.0.bias, model.vision_sampler_0.layers.2.cross_attn.v_proj_0.1.weight, model.vision_sampler_0.layers.2.cross_attn.k_proj_1.0.weight, model.vision_sampler_0.layers.2.cross_attn.k_proj_1.0.bias, model.vision_sampler_0.layers.2.cross_attn.k_proj_1.1.weight, model.vision_sampler_0.layers.2.cross_attn.v_proj_1.0.weight, model.vision_sampler_0.layers.2.cross_attn.v_proj_1.0.bias, model.vision_sampler_0.layers.2.cross_attn.v_proj_1.1.weight, model.vision_sampler_0.layers.2.cross_attn.o_proj.weight, lm_head.weight.
  warnings.warn(
/home/yvs/.local/lib/python3.10/site-packages/accelerate/accelerator.py:1557: UserWarning: Upcasted low precision parameters in Qwen2DecoderLayer because mixed precision turned on in FSDP. Affects: self_attn.q_proj.weight, self_attn.q_proj.bias, self_attn.k_proj.weight, self_attn.k_proj.bias, self_attn.v_proj.weight, self_attn.v_proj.bias, self_attn.o_proj.weight, mlp.gate_proj.weight, mlp.up_proj.weight, mlp.down_proj.weight, input_layernorm.weight, post_attention_layernorm.weight.
  warnings.warn(
/home/yvs/.local/lib/python3.10/site-packages/accelerate/accelerator.py:1563: UserWarning: FSDP upcast of low precision parameters may affect the precision of model checkpoints.
  warnings.warn(
  0%|          | 0/4267 [00:00<?, ?it/s]/home/yvs/.local/lib/python3.10/site-packages/torch/utils/checkpoint.py:429: UserWarning: torch.utils.checkpoint: please pass in use_reentrant=True or use_reentrant=False explicitly. The default value of use_reentrant will be updated to be False in the future. To maintain current behavior, pass use_reentrant=True. It is recommended that you use use_reentrant=False. Refer to docs for more details on the differences between the two variants.
  warnings.warn(
/home/yvs/.local/lib/python3.10/site-packages/torch/utils/checkpoint.py:429: UserWarning: torch.utils.checkpoint: please pass in use_reentrant=True or use_reentrant=False explicitly. The default value of use_reentrant will be updated to be False in the future. To maintain current behavior, pass use_reentrant=True. It is recommended that you use use_reentrant=False. Refer to docs for more details on the differences between the two variants.
  warnings.warn(
/home/yvs/.local/lib/python3.10/site-packages/torch/utils/checkpoint.py:429: UserWarning: torch.utils.checkpoint: please pass in use_reentrant=True or use_reentrant=False explicitly. The default value of use_reentrant will be updated to be False in the future. To maintain current behavior, pass use_reentrant=True. It is recommended that you use use_reentrant=False. Refer to docs for more details on the differences between the two variants.
  warnings.warn(
/home/yvs/.local/lib/python3.10/site-packages/torch/utils/checkpoint.py:429: UserWarning: torch.utils.checkpoint: please pass in use_reentrant=True or use_reentrant=False explicitly. The default value of use_reentrant will be updated to be False in the future. To maintain current behavior, pass use_reentrant=True. It is recommended that you use use_reentrant=False. Refer to docs for more details on the differences between the two variants.
  warnings.warn(
/home/yvs/.local/lib/python3.10/site-packages/torch/utils/checkpoint.py:429: UserWarning: torch.utils.checkpoint: please pass in use_reentrant=True or use_reentrant=False explicitly. The default value of use_reentrant will be updated to be False in the future. To maintain current behavior, pass use_reentrant=True. It is recommended that you use use_reentrant=False. Refer to docs for more details on the differences between the two variants.
  warnings.warn(
/home/yvs/.local/lib/python3.10/site-packages/torch/utils/checkpoint.py:429: UserWarning: torch.utils.checkpoint: please pass in use_reentrant=True or use_reentrant=False explicitly. The default value of use_reentrant will be updated to be False in the future. To maintain current behavior, pass use_reentrant=True. It is recommended that you use use_reentrant=False. Refer to docs for more details on the differences between the two variants.
  warnings.warn(
/home/yvs/.local/lib/python3.10/site-packages/torch/utils/checkpoint.py:429: UserWarning: torch.utils.checkpoint: please pass in use_reentrant=True or use_reentrant=False explicitly. The default value of use_reentrant will be updated to be False in the future. To maintain current behavior, pass use_reentrant=True. It is recommended that you use use_reentrant=False. Refer to docs for more details on the differences between the two variants.
  warnings.warn(
/home/yvs/.local/lib/python3.10/site-packages/torch/utils/checkpoint.py:429: UserWarning: torch.utils.checkpoint: please pass in use_reentrant=True or use_reentrant=False explicitly. The default value of use_reentrant will be updated to be False in the future. To maintain current behavior, pass use_reentrant=True. It is recommended that you use use_reentrant=False. Refer to docs for more details on the differences between the two variants.
  warnings.warn(
Traceback (most recent call last):
  File "/mnt/meg/yvs/LongVU/longvu/train.py", line 1129, in <module>
    train()
  File "/mnt/meg/yvs/LongVU/longvu/train.py", line 1117, in train
    trainer.train()
  File "/home/yvs/.local/lib/python3.10/site-packages/transformers/trainer.py", line 1932, in train
    return inner_training_loop(
  File "/home/yvs/.local/lib/python3.10/site-packages/transformers/trainer.py", line 2268, in _inner_training_loop
    tr_loss_step = self.training_step(model, inputs)
  File "/home/yvs/.local/lib/python3.10/site-packages/transformers/trainer.py", line 3324, in training_step
    self.accelerator.backward(loss, **kwargs)
  File "/home/yvs/.local/lib/python3.10/site-packages/accelerate/accelerator.py", line 2196, in backward
    loss.backward(**kwargs)
  File "/home/yvs/.local/lib/python3.10/site-packages/torch/_tensor.py", line 492, in backward
    torch.autograd.backward(
  File "/home/yvs/.local/lib/python3.10/site-packages/torch/autograd/__init__.py", line 251, in backward
    Variable._execution_engine.run_backward(  # Calls into the C++ engine to run the backward pass
  File "/home/yvs/.local/lib/python3.10/site-packages/torch/autograd/function.py", line 288, in apply
    return user_fn(self, *args)
  File "/home/yvs/.local/lib/python3.10/site-packages/torch/utils/checkpoint.py", line 288, in backward
    torch.autograd.backward(outputs_with_grad, args_with_grad)
  File "/home/yvs/.local/lib/python3.10/site-packages/torch/autograd/__init__.py", line 251, in backward
    Variable._execution_engine.run_backward(  # Calls into the C++ engine to run the backward pass
torch.cuda.OutOfMemoryError: CUDA out of memory. Tried to allocate 25.12 GiB. GPU 1 has a total capacty of 47.32 GiB of which 25.09 GiB is free. Including non-PyTorch memory, this process has 22.22 GiB memory in use. Of the allocated memory 20.69 GiB is allocated by PyTorch, and 924.01 MiB is reserved by PyTorch but unallocated. If reserved but unallocated memory is large try setting max_split_size_mb to avoid fragmentation.  See documentation for Memory Management and PYTORCH_CUDA_ALLOC_CONF
[E ProcessGroupGloo.cpp:2810] [Rank 0]: Rank 1 failed to pass monitoredBarrier in 28800000 ms
[E ProcessGroupGloo.cpp:138] [Rank 0]: Ranks 1 failed to pass monitoredBarrier in 28800000 ms
Traceback (most recent call last):
  File "/mnt/meg/yvs/LongVU/longvu/train.py", line 1129, in <module>
    train()
  File "/mnt/meg/yvs/LongVU/longvu/train.py", line 1117, in train
    trainer.train()
  File "/home/yvs/.local/lib/python3.10/site-packages/transformers/trainer.py", line 1932, in train
    return inner_training_loop(
  File "/home/yvs/.local/lib/python3.10/site-packages/transformers/trainer.py", line 2268, in _inner_training_loop
    tr_loss_step = self.training_step(model, inputs)
  File "/home/yvs/.local/lib/python3.10/site-packages/transformers/trainer.py", line 3324, in training_step
    self.accelerator.backward(loss, **kwargs)
  File "/home/yvs/.local/lib/python3.10/site-packages/accelerate/accelerator.py", line 2196, in backward
    loss.backward(**kwargs)
  File "/home/yvs/.local/lib/python3.10/site-packages/torch/_tensor.py", line 492, in backward
    torch.autograd.backward(
  File "/home/yvs/.local/lib/python3.10/site-packages/torch/autograd/__init__.py", line 251, in backward
    Variable._execution_engine.run_backward(  # Calls into the C++ engine to run the backward pass
  File "/home/yvs/.local/lib/python3.10/site-packages/torch/autograd/function.py", line 288, in apply
    return user_fn(self, *args)
  File "/home/yvs/.local/lib/python3.10/site-packages/torch/utils/checkpoint.py", line 288, in backward
    torch.autograd.backward(outputs_with_grad, args_with_grad)
  File "/home/yvs/.local/lib/python3.10/site-packages/torch/autograd/__init__.py", line 251, in backward
    Variable._execution_engine.run_backward(  # Calls into the C++ engine to run the backward pass
  File "/home/yvs/.local/lib/python3.10/site-packages/torch/utils/_contextlib.py", line 115, in decorate_context
    return func(*args, **kwargs)
  File "/home/yvs/.local/lib/python3.10/site-packages/torch/distributed/fsdp/_runtime_utils.py", line 782, in _post_backward_hook
    _reduce_grad(state, handle)
  File "/home/yvs/.local/lib/python3.10/site-packages/torch/distributed/fsdp/_runtime_utils.py", line 853, in _reduce_grad
    dist.reduce_scatter_tensor(
  File "/home/yvs/.local/lib/python3.10/site-packages/torch/distributed/c10d_logger.py", line 47, in wrapper
    return func(*args, **kwargs)
  File "/home/yvs/.local/lib/python3.10/site-packages/torch/distributed/distributed_c10d.py", line 3375, in reduce_scatter_tensor
    work = group._reduce_scatter_base(output, input, opts)
RuntimeError: [Rank 0]: Ranks 1 failed to pass monitoredBarrier in 28800000 ms
  0%|          | 0/4267 [00:18<?, ?it/s]
[E ProcessGroupGloo.cpp:138] Rank 6 successfully reached monitoredBarrier, but received errors while waiting for send/recv from rank 0. Please check rank 0 logs for faulty rank.
[E ProcessGroupGloo.cpp:138] Rank 5 successfully reached monitoredBarrier, but received errors while waiting for send/recv from rank 0. Please check rank 0 logs for faulty rank.
[E ProcessGroupGloo.cpp:138] Rank 7 successfully reached monitoredBarrier, but received errors while waiting for send/recv from rank 0. Please check rank 0 logs for faulty rank.
[E ProcessGroupGloo.cpp:138] Rank 4 successfully reached monitoredBarrier, but received errors while waiting for send/recv from rank 0. Please check rank 0 logs for faulty rank.
[E ProcessGroupGloo.cpp:138] Rank 2 successfully reached monitoredBarrier, but received errors while waiting for send/recv from rank 0. Please check rank 0 logs for faulty rank.
[E ProcessGroupGloo.cpp:138] Rank 3 successfully reached monitoredBarrier, but received errors while waiting for send/recv from rank 0. Please check rank 0 logs for faulty rank.
Traceback (most recent call last):
  File "/mnt/meg/yvs/LongVU/longvu/train.py", line 1129, in <module>
    train()
  File "/mnt/meg/yvs/LongVU/longvu/train.py", line 1117, in train
    Traceback (most recent call last):
trainer.train()
  File "/mnt/meg/yvs/LongVU/longvu/train.py", line 1129, in <module>
  File "/home/yvs/.local/lib/python3.10/site-packages/transformers/trainer.py", line 1932, in train
    train()
  File "/mnt/meg/yvs/LongVU/longvu/train.py", line 1117, in train
    return inner_training_loop(
  File "/home/yvs/.local/lib/python3.10/site-packages/transformers/trainer.py", line 2268, in _inner_training_loop
    trainer.train()
  File "/home/yvs/.local/lib/python3.10/site-packages/transformers/trainer.py", line 1932, in train
    tr_loss_step = self.training_step(model, inputs)
  File "/home/yvs/.local/lib/python3.10/site-packages/transformers/trainer.py", line 3324, in training_step
    return inner_training_loop(
  File "/home/yvs/.local/lib/python3.10/site-packages/transformers/trainer.py", line 2268, in _inner_training_loop
    self.accelerator.backward(loss, **kwargs)
  File "/home/yvs/.local/lib/python3.10/site-packages/accelerate/accelerator.py", line 2196, in backward
    tr_loss_step = self.training_step(model, inputs)
  File "/home/yvs/.local/lib/python3.10/site-packages/transformers/trainer.py", line 3324, in training_step
    loss.backward(**kwargs)
  File "/home/yvs/.local/lib/python3.10/site-packages/torch/_tensor.py", line 492, in backward
    torch.autograd.backward(
  File "/home/yvs/.local/lib/python3.10/site-packages/torch/autograd/__init__.py", line 251, in backward
    Variable._execution_engine.run_backward(  # Calls into the C++ engine to run the backward pass
  File "/home/yvs/.local/lib/python3.10/site-packages/torch/autograd/function.py", line 288, in apply
    return user_fn(self, *args)
  File "/home/yvs/.local/lib/python3.10/site-packages/torch/utils/checkpoint.py", line 288, in backward
    self.accelerator.backward(loss, **kwargs)    
torch.autograd.backward(outputs_with_grad, args_with_grad)  File "/home/yvs/.local/lib/python3.10/site-packages/accelerate/accelerator.py", line 2196, in backward

  File "/home/yvs/.local/lib/python3.10/site-packages/torch/autograd/__init__.py", line 251, in backward
    Variable._execution_engine.run_backward(  # Calls into the C++ engine to run the backward pass
  File "/home/yvs/.local/lib/python3.10/site-packages/torch/utils/_contextlib.py", line 115, in decorate_context
    return func(*args, **kwargs)
  File "/home/yvs/.local/lib/python3.10/site-packages/torch/distributed/fsdp/_runtime_utils.py", line 782, in _post_backward_hook
    _reduce_grad(state, handle)    
loss.backward(**kwargs)  File "/home/yvs/.local/lib/python3.10/site-packages/torch/distributed/fsdp/_runtime_utils.py", line 853, in _reduce_grad

  File "/home/yvs/.local/lib/python3.10/site-packages/torch/_tensor.py", line 492, in backward
    dist.reduce_scatter_tensor(
      File "/home/yvs/.local/lib/python3.10/site-packages/torch/distributed/c10d_logger.py", line 47, in wrapper
torch.autograd.backward(
  File "/home/yvs/.local/lib/python3.10/site-packages/torch/autograd/__init__.py", line 251, in backward
    return func(*args, **kwargs)
  File "/home/yvs/.local/lib/python3.10/site-packages/torch/distributed/distributed_c10d.py", line 3375, in reduce_scatter_tensor
    Variable._execution_engine.run_backward(  # Calls into the C++ engine to run the backward pass
  File "/home/yvs/.local/lib/python3.10/site-packages/torch/autograd/function.py", line 288, in apply
    return user_fn(self, *args)
  File "/home/yvs/.local/lib/python3.10/site-packages/torch/utils/checkpoint.py", line 288, in backward
    torch.autograd.backward(outputs_with_grad, args_with_grad)
  File "/home/yvs/.local/lib/python3.10/site-packages/torch/autograd/__init__.py", line 251, in backward
    Variable._execution_engine.run_backward(  # Calls into the C++ engine to run the backward pass
  File "/home/yvs/.local/lib/python3.10/site-packages/torch/utils/_contextlib.py", line 115, in decorate_context
    work = group._reduce_scatter_base(output, input, opts)
RuntimeError: Rank 7 successfully reached monitoredBarrier, but received errors while waiting for send/recv from rank 0. Please check rank 0 logs for faulty rank.
 Original exception: 
[../third_party/gloo/gloo/transport/tcp/pair.cc:534] Connection closed by peer [10.145.2.4]:33980
    return func(*args, **kwargs)
  File "/home/yvs/.local/lib/python3.10/site-packages/torch/distributed/fsdp/_runtime_utils.py", line 782, in _post_backward_hook
    _reduce_grad(state, handle)
  File "/home/yvs/.local/lib/python3.10/site-packages/torch/distributed/fsdp/_runtime_utils.py", line 853, in _reduce_grad
    dist.reduce_scatter_tensor(
  File "/home/yvs/.local/lib/python3.10/site-packages/torch/distributed/c10d_logger.py", line 47, in wrapper
    return func(*args, **kwargs)
  File "/home/yvs/.local/lib/python3.10/site-packages/torch/distributed/distributed_c10d.py", line 3375, in reduce_scatter_tensor
    work = group._reduce_scatter_base(output, input, opts)
RuntimeError: Rank 5 successfully reached monitoredBarrier, but received errors while waiting for send/recv from rank 0. Please check rank 0 logs for faulty rank.
 Original exception: 
[../third_party/gloo/gloo/transport/tcp/pair.cc:534] Connection closed by peer [10.145.2.4]:50901
Traceback (most recent call last):
  File "/mnt/meg/yvs/LongVU/longvu/train.py", line 1129, in <module>
    train()
  File "/mnt/meg/yvs/LongVU/longvu/train.py", line 1117, in train
    trainer.train()
  File "/home/yvs/.local/lib/python3.10/site-packages/transformers/trainer.py", line 1932, in train
    return inner_training_loop(
  File "/home/yvs/.local/lib/python3.10/site-packages/transformers/trainer.py", line 2268, in _inner_training_loop
    tr_loss_step = self.training_step(model, inputs)
  File "/home/yvs/.local/lib/python3.10/site-packages/transformers/trainer.py", line 3324, in training_step
    self.accelerator.backward(loss, **kwargs)
  File "/home/yvs/.local/lib/python3.10/site-packages/accelerate/accelerator.py", line 2196, in backward
    loss.backward(**kwargs)
  File "/home/yvs/.local/lib/python3.10/site-packages/torch/_tensor.py", line 492, in backward
    torch.autograd.backward(
  File "/home/yvs/.local/lib/python3.10/site-packages/torch/autograd/__init__.py", line 251, in backward
    Variable._execution_engine.run_backward(  # Calls into the C++ engine to run the backward pass
  File "/home/yvs/.local/lib/python3.10/site-packages/torch/autograd/function.py", line 288, in apply
    return user_fn(self, *args)
  File "/home/yvs/.local/lib/python3.10/site-packages/torch/utils/checkpoint.py", line 288, in backward
    torch.autograd.backward(outputs_with_grad, args_with_grad)
  File "/home/yvs/.local/lib/python3.10/site-packages/torch/autograd/__init__.py", line 251, in backward
    Variable._execution_engine.run_backward(  # Calls into the C++ engine to run the backward pass
  File "/home/yvs/.local/lib/python3.10/site-packages/torch/utils/_contextlib.py", line 115, in decorate_context
    return func(*args, **kwargs)
  File "/home/yvs/.local/lib/python3.10/site-packages/torch/distributed/fsdp/_runtime_utils.py", line 782, in _post_backward_hook
    _reduce_grad(state, handle)
  File "/home/yvs/.local/lib/python3.10/site-packages/torch/distributed/fsdp/_runtime_utils.py", line 853, in _reduce_grad
    dist.reduce_scatter_tensor(
  File "/home/yvs/.local/lib/python3.10/site-packages/torch/distributed/c10d_logger.py", line 47, in wrapper
    return func(*args, **kwargs)
  File "/home/yvs/.local/lib/python3.10/site-packages/torch/distributed/distributed_c10d.py", line 3375, in reduce_scatter_tensor
    work = group._reduce_scatter_base(output, input, opts)
RuntimeError: Rank 4 successfully reached monitoredBarrier, but received errors while waiting for send/recv from rank 0. Please check rank 0 logs for faulty rank.
 Original exception: 
[../third_party/gloo/gloo/transport/tcp/pair.cc:534] Connection closed by peer [10.145.2.4]:37253
Traceback (most recent call last):
  File "/mnt/meg/yvs/LongVU/longvu/train.py", line 1129, in <module>
    train()
  File "/mnt/meg/yvs/LongVU/longvu/train.py", line 1117, in train
    trainer.train()
  File "/home/yvs/.local/lib/python3.10/site-packages/transformers/trainer.py", line 1932, in train
    return inner_training_loop(
  File "/home/yvs/.local/lib/python3.10/site-packages/transformers/trainer.py", line 2268, in _inner_training_loop
    tr_loss_step = self.training_step(model, inputs)
  File "/home/yvs/.local/lib/python3.10/site-packages/transformers/trainer.py", line 3324, in training_step
    self.accelerator.backward(loss, **kwargs)
  File "/home/yvs/.local/lib/python3.10/site-packages/accelerate/accelerator.py", line 2196, in backward
Traceback (most recent call last):
  File "/mnt/meg/yvs/LongVU/longvu/train.py", line 1129, in <module>
    loss.backward(**kwargs)
  File "/home/yvs/.local/lib/python3.10/site-packages/torch/_tensor.py", line 492, in backward
    train()
  File "/mnt/meg/yvs/LongVU/longvu/train.py", line 1117, in train
    torch.autograd.backward(
  File "/home/yvs/.local/lib/python3.10/site-packages/torch/autograd/__init__.py", line 251, in backward
    Variable._execution_engine.run_backward(  # Calls into the C++ engine to run the backward pass
  File "/home/yvs/.local/lib/python3.10/site-packages/torch/autograd/function.py", line 288, in apply
    trainer.train()    
return user_fn(self, *args)  File "/home/yvs/.local/lib/python3.10/site-packages/transformers/trainer.py", line 1932, in train

  File "/home/yvs/.local/lib/python3.10/site-packages/torch/utils/checkpoint.py", line 288, in backward
    torch.autograd.backward(outputs_with_grad, args_with_grad)
  File "/home/yvs/.local/lib/python3.10/site-packages/torch/autograd/__init__.py", line 251, in backward
    Variable._execution_engine.run_backward(  # Calls into the C++ engine to run the backward pass
  File "/home/yvs/.local/lib/python3.10/site-packages/torch/utils/_contextlib.py", line 115, in decorate_context
    return func(*args, **kwargs)
  File "/home/yvs/.local/lib/python3.10/site-packages/torch/distributed/fsdp/_runtime_utils.py", line 782, in _post_backward_hook
    return inner_training_loop(
  File "/home/yvs/.local/lib/python3.10/site-packages/transformers/trainer.py", line 2268, in _inner_training_loop
    _reduce_grad(state, handle)
  File "/home/yvs/.local/lib/python3.10/site-packages/torch/distributed/fsdp/_runtime_utils.py", line 853, in _reduce_grad
    dist.reduce_scatter_tensor(
  File "/home/yvs/.local/lib/python3.10/site-packages/torch/distributed/c10d_logger.py", line 47, in wrapper
    return func(*args, **kwargs)
      File "/home/yvs/.local/lib/python3.10/site-packages/torch/distributed/distributed_c10d.py", line 3375, in reduce_scatter_tensor
tr_loss_step = self.training_step(model, inputs)
  File "/home/yvs/.local/lib/python3.10/site-packages/transformers/trainer.py", line 3324, in training_step
    work = group._reduce_scatter_base(output, input, opts)
RuntimeError: Rank 3 successfully reached monitoredBarrier, but received errors while waiting for send/recv from rank 0. Please check rank 0 logs for faulty rank.
 Original exception: 
[../third_party/gloo/gloo/transport/tcp/pair.cc:534] Connection closed by peer [10.145.2.4]:37253    
self.accelerator.backward(loss, **kwargs)
  File "/home/yvs/.local/lib/python3.10/site-packages/accelerate/accelerator.py", line 2196, in backward
    loss.backward(**kwargs)
  File "/home/yvs/.local/lib/python3.10/site-packages/torch/_tensor.py", line 492, in backward
    torch.autograd.backward(
  File "/home/yvs/.local/lib/python3.10/site-packages/torch/autograd/__init__.py", line 251, in backward
    Variable._execution_engine.run_backward(  # Calls into the C++ engine to run the backward pass
  File "/home/yvs/.local/lib/python3.10/site-packages/torch/autograd/function.py", line 288, in apply
    return user_fn(self, *args)
  File "/home/yvs/.local/lib/python3.10/site-packages/torch/utils/checkpoint.py", line 288, in backward
    torch.autograd.backward(outputs_with_grad, args_with_grad)
  File "/home/yvs/.local/lib/python3.10/site-packages/torch/autograd/__init__.py", line 251, in backward
    Variable._execution_engine.run_backward(  # Calls into the C++ engine to run the backward pass
  File "/home/yvs/.local/lib/python3.10/site-packages/torch/utils/_contextlib.py", line 115, in decorate_context
    return func(*args, **kwargs)
  File "/home/yvs/.local/lib/python3.10/site-packages/torch/distributed/fsdp/_runtime_utils.py", line 782, in _post_backward_hook
    _reduce_grad(state, handle)
  File "/home/yvs/.local/lib/python3.10/site-packages/torch/distributed/fsdp/_runtime_utils.py", line 853, in _reduce_grad
    dist.reduce_scatter_tensor(
  File "/home/yvs/.local/lib/python3.10/site-packages/torch/distributed/c10d_logger.py", line 47, in wrapper
    return func(*args, **kwargs)
  File "/home/yvs/.local/lib/python3.10/site-packages/torch/distributed/distributed_c10d.py", line 3375, in reduce_scatter_tensor
    work = group._reduce_scatter_base(output, input, opts)
RuntimeError: Rank 2 successfully reached monitoredBarrier, but received errors while waiting for send/recv from rank 0. Please check rank 0 logs for faulty rank.
 Original exception: 
[../third_party/gloo/gloo/transport/tcp/pair.cc:534] Connection closed by peer [10.145.2.4]:47244
Traceback (most recent call last):
  File "/mnt/meg/yvs/LongVU/longvu/train.py", line 1129, in <module>
    train()
  File "/mnt/meg/yvs/LongVU/longvu/train.py", line 1117, in train
    trainer.train()
  File "/home/yvs/.local/lib/python3.10/site-packages/transformers/trainer.py", line 1932, in train
    return inner_training_loop(
  File "/home/yvs/.local/lib/python3.10/site-packages/transformers/trainer.py", line 2268, in _inner_training_loop
    tr_loss_step = self.training_step(model, inputs)
  File "/home/yvs/.local/lib/python3.10/site-packages/transformers/trainer.py", line 3324, in training_step
    self.accelerator.backward(loss, **kwargs)
  File "/home/yvs/.local/lib/python3.10/site-packages/accelerate/accelerator.py", line 2196, in backward
    loss.backward(**kwargs)
  File "/home/yvs/.local/lib/python3.10/site-packages/torch/_tensor.py", line 492, in backward
    torch.autograd.backward(
  File "/home/yvs/.local/lib/python3.10/site-packages/torch/autograd/__init__.py", line 251, in backward
    Variable._execution_engine.run_backward(  # Calls into the C++ engine to run the backward pass
  File "/home/yvs/.local/lib/python3.10/site-packages/torch/autograd/function.py", line 288, in apply
    return user_fn(self, *args)
  File "/home/yvs/.local/lib/python3.10/site-packages/torch/utils/checkpoint.py", line 288, in backward
    torch.autograd.backward(outputs_with_grad, args_with_grad)
  File "/home/yvs/.local/lib/python3.10/site-packages/torch/autograd/__init__.py", line 251, in backward
    Variable._execution_engine.run_backward(  # Calls into the C++ engine to run the backward pass
  File "/home/yvs/.local/lib/python3.10/site-packages/torch/utils/_contextlib.py", line 115, in decorate_context
    return func(*args, **kwargs)
  File "/home/yvs/.local/lib/python3.10/site-packages/torch/distributed/fsdp/_runtime_utils.py", line 782, in _post_backward_hook
    _reduce_grad(state, handle)
  File "/home/yvs/.local/lib/python3.10/site-packages/torch/distributed/fsdp/_runtime_utils.py", line 853, in _reduce_grad
    dist.reduce_scatter_tensor(
  File "/home/yvs/.local/lib/python3.10/site-packages/torch/distributed/c10d_logger.py", line 47, in wrapper
    return func(*args, **kwargs)
  File "/home/yvs/.local/lib/python3.10/site-packages/torch/distributed/distributed_c10d.py", line 3375, in reduce_scatter_tensor
    work = group._reduce_scatter_base(output, input, opts)
RuntimeError: Rank 6 successfully reached monitoredBarrier, but received errors while waiting for send/recv from rank 0. Please check rank 0 logs for faulty rank.
 Original exception: 
[../third_party/gloo/gloo/transport/tcp/pair.cc:534] Connection closed by peer [10.145.2.4]:41195
[2025-02-04 12:48:46,516] torch.distributed.elastic.multiprocessing.api: [WARNING] Sending process 3881639 closing signal SIGTERM
[2025-02-04 12:48:46,516] torch.distributed.elastic.multiprocessing.api: [WARNING] Sending process 3881641 closing signal SIGTERM
[2025-02-04 12:48:46,516] torch.distributed.elastic.multiprocessing.api: [WARNING] Sending process 3881642 closing signal SIGTERM
[2025-02-04 12:48:46,517] torch.distributed.elastic.multiprocessing.api: [WARNING] Sending process 3881643 closing signal SIGTERM
[2025-02-04 12:48:46,518] torch.distributed.elastic.multiprocessing.api: [WARNING] Sending process 3881644 closing signal SIGTERM
[2025-02-04 12:48:46,521] torch.distributed.elastic.multiprocessing.api: [WARNING] Sending process 3881645 closing signal SIGTERM
[2025-02-04 12:48:46,521] torch.distributed.elastic.multiprocessing.api: [WARNING] Sending process 3881646 closing signal SIGTERM
[2025-02-04 12:48:49,433] torch.distributed.elastic.multiprocessing.api: [ERROR] failed (exitcode: 1) local_rank: 1 (pid: 3881640) of binary: /usr/bin/python3
Traceback (most recent call last):
  File "/home/yvs/.local/bin/torchrun", line 8, in <module>
    sys.exit(main())
  File "/home/yvs/.local/lib/python3.10/site-packages/torch/distributed/elastic/multiprocessing/errors/__init__.py", line 346, in wrapper
    return f(*args, **kwargs)
  File "/home/yvs/.local/lib/python3.10/site-packages/torch/distributed/run.py", line 806, in main
    run(args)
  File "/home/yvs/.local/lib/python3.10/site-packages/torch/distributed/run.py", line 797, in run
    elastic_launch(
  File "/home/yvs/.local/lib/python3.10/site-packages/torch/distributed/launcher/api.py", line 134, in __call__
    return launch_agent(self._config, self._entrypoint, list(args))
  File "/home/yvs/.local/lib/python3.10/site-packages/torch/distributed/launcher/api.py", line 264, in launch_agent
    raise ChildFailedError(
torch.distributed.elastic.multiprocessing.errors.ChildFailedError: 
============================================================
longvu/train.py FAILED
------------------------------------------------------------
Failures:
  <NO_OTHER_FAILURES>
------------------------------------------------------------
Root Cause (first observed failure):
[0]:
  time      : 2025-02-04_12:48:46
  host      : arcee.ib
  rank      : 1 (local_rank: 1)
  exitcode  : 1 (pid: 3881640)
  error_file: <N/A>
  traceback : To enable traceback see: https://pytorch.org/docs/stable/elastic/errors.html
============================================================
