[2025-02-17 20:02:04,582] torch.distributed.run: [WARNING] 
[2025-02-17 20:02:04,582] torch.distributed.run: [WARNING] *****************************************
[2025-02-17 20:02:04,582] torch.distributed.run: [WARNING] Setting OMP_NUM_THREADS environment variable for each process to be 1 in default, to avoid your system being overloaded, please further tune the variable for optimal performance in your application as needed. 
[2025-02-17 20:02:04,582] torch.distributed.run: [WARNING] *****************************************
Special tokens have been added in the vocabulary, make sure the associated word embeddings are fine-tuned or trained.
Special tokens have been added in the vocabulary, make sure the associated word embeddings are fine-tuned or trained.
Special tokens have been added in the vocabulary, make sure the associated word embeddings are fine-tuned or trained.
Special tokens have been added in the vocabulary, make sure the associated word embeddings are fine-tuned or trained.
Special tokens have been added in the vocabulary, make sure the associated word embeddings are fine-tuned or trained.
Special tokens have been added in the vocabulary, make sure the associated word embeddings are fine-tuned or trained.
Special tokens have been added in the vocabulary, make sure the associated word embeddings are fine-tuned or trained.
Special tokens have been added in the vocabulary, make sure the associated word embeddings are fine-tuned or trained.
/home/yvs/.local/lib/python3.10/site-packages/transformers/training_args.py:1494: FutureWarning: `evaluation_strategy` is deprecated and will be removed in version 4.46 of 🤗 Transformers. Use `eval_strategy` instead
  warnings.warn(
/home/yvs/.local/lib/python3.10/site-packages/transformers/training_args.py:1494: FutureWarning: `evaluation_strategy` is deprecated and will be removed in version 4.46 of 🤗 Transformers. Use `eval_strategy` instead
  warnings.warn(
/home/yvs/.local/lib/python3.10/site-packages/transformers/training_args.py:1494: FutureWarning: `evaluation_strategy` is deprecated and will be removed in version 4.46 of 🤗 Transformers. Use `eval_strategy` instead
  warnings.warn(
/home/yvs/.local/lib/python3.10/site-packages/transformers/training_args.py:1494: FutureWarning: `evaluation_strategy` is deprecated and will be removed in version 4.46 of 🤗 Transformers. Use `eval_strategy` instead
  warnings.warn(
/home/yvs/.local/lib/python3.10/site-packages/transformers/training_args.py:1494: FutureWarning: `evaluation_strategy` is deprecated and will be removed in version 4.46 of 🤗 Transformers. Use `eval_strategy` instead
  warnings.warn(
/home/yvs/.local/lib/python3.10/site-packages/transformers/training_args.py:1494: FutureWarning: `evaluation_strategy` is deprecated and will be removed in version 4.46 of 🤗 Transformers. Use `eval_strategy` instead
  warnings.warn(
/home/yvs/.local/lib/python3.10/site-packages/transformers/training_args.py:1494: FutureWarning: `evaluation_strategy` is deprecated and will be removed in version 4.46 of 🤗 Transformers. Use `eval_strategy` instead
  warnings.warn(
/home/yvs/.local/lib/python3.10/site-packages/transformers/training_args.py:1494: FutureWarning: `evaluation_strategy` is deprecated and will be removed in version 4.46 of 🤗 Transformers. Use `eval_strategy` instead
  warnings.warn(
Special tokens have been added in the vocabulary, make sure the associated word embeddings are fine-tuned or trained.
Special tokens have been added in the vocabulary, make sure the associated word embeddings are fine-tuned or trained.
Special tokens have been added in the vocabulary, make sure the associated word embeddings are fine-tuned or trained.
Special tokens have been added in the vocabulary, make sure the associated word embeddings are fine-tuned or trained.
Special tokens have been added in the vocabulary, make sure the associated word embeddings are fine-tuned or trained.
Special tokens have been added in the vocabulary, make sure the associated word embeddings are fine-tuned or trained.
Special tokens have been added in the vocabulary, make sure the associated word embeddings are fine-tuned or trained.
Special tokens have been added in the vocabulary, make sure the associated word embeddings are fine-tuned or trained.
You are adding a <class 'transformers.integrations.integration_utils.TensorBoardCallback'> to the callbacks of this Trainer, but there is already one. The currentlist of callbacks is
:DefaultFlowCallback
TensorBoardCallback
You are adding a <class 'transformers.integrations.integration_utils.TensorBoardCallback'> to the callbacks of this Trainer, but there is already one. The currentlist of callbacks is
:DefaultFlowCallback
TensorBoardCallback
You are adding a <class 'transformers.integrations.integration_utils.TensorBoardCallback'> to the callbacks of this Trainer, but there is already one. The currentlist of callbacks is
:DefaultFlowCallback
TensorBoardCallback
You are adding a <class 'transformers.integrations.integration_utils.TensorBoardCallback'> to the callbacks of this Trainer, but there is already one. The currentlist of callbacks is
:DefaultFlowCallback
TensorBoardCallback
You are adding a <class 'transformers.integrations.integration_utils.TensorBoardCallback'> to the callbacks of this Trainer, but there is already one. The currentlist of callbacks is
:DefaultFlowCallback
TensorBoardCallback
You are adding a <class 'transformers.integrations.integration_utils.TensorBoardCallback'> to the callbacks of this Trainer, but there is already one. The currentlist of callbacks is
:DefaultFlowCallback
TensorBoardCallback
You are adding a <class 'transformers.integrations.integration_utils.TensorBoardCallback'> to the callbacks of this Trainer, but there is already one. The currentlist of callbacks is
:DefaultFlowCallback
TensorBoardCallback
You are adding a <class 'transformers.integrations.integration_utils.TensorBoardCallback'> to the callbacks of this Trainer, but there is already one. The currentlist of callbacks is
:DefaultFlowCallback
TensorBoardCallback
  0%|          | 0/4267 [00:00<?, ?it/s]/home/yvs/.local/lib/python3.10/site-packages/torch/utils/checkpoint.py:429: UserWarning: torch.utils.checkpoint: please pass in use_reentrant=True or use_reentrant=False explicitly. The default value of use_reentrant will be updated to be False in the future. To maintain current behavior, pass use_reentrant=True. It is recommended that you use use_reentrant=False. Refer to docs for more details on the differences between the two variants.
  warnings.warn(
/home/yvs/.local/lib/python3.10/site-packages/torch/utils/checkpoint.py:429: UserWarning: torch.utils.checkpoint: please pass in use_reentrant=True or use_reentrant=False explicitly. The default value of use_reentrant will be updated to be False in the future. To maintain current behavior, pass use_reentrant=True. It is recommended that you use use_reentrant=False. Refer to docs for more details on the differences between the two variants.
  warnings.warn(
/home/yvs/.local/lib/python3.10/site-packages/torch/utils/checkpoint.py:429: UserWarning: torch.utils.checkpoint: please pass in use_reentrant=True or use_reentrant=False explicitly. The default value of use_reentrant will be updated to be False in the future. To maintain current behavior, pass use_reentrant=True. It is recommended that you use use_reentrant=False. Refer to docs for more details on the differences between the two variants.
  warnings.warn(
/home/yvs/.local/lib/python3.10/site-packages/torch/utils/checkpoint.py:429: UserWarning: torch.utils.checkpoint: please pass in use_reentrant=True or use_reentrant=False explicitly. The default value of use_reentrant will be updated to be False in the future. To maintain current behavior, pass use_reentrant=True. It is recommended that you use use_reentrant=False. Refer to docs for more details on the differences between the two variants.
  warnings.warn(
/home/yvs/.local/lib/python3.10/site-packages/torch/utils/checkpoint.py:429: UserWarning: torch.utils.checkpoint: please pass in use_reentrant=True or use_reentrant=False explicitly. The default value of use_reentrant will be updated to be False in the future. To maintain current behavior, pass use_reentrant=True. It is recommended that you use use_reentrant=False. Refer to docs for more details on the differences between the two variants.
  warnings.warn(
/home/yvs/.local/lib/python3.10/site-packages/torch/utils/checkpoint.py:429: UserWarning: torch.utils.checkpoint: please pass in use_reentrant=True or use_reentrant=False explicitly. The default value of use_reentrant will be updated to be False in the future. To maintain current behavior, pass use_reentrant=True. It is recommended that you use use_reentrant=False. Refer to docs for more details on the differences between the two variants.
  warnings.warn(
/home/yvs/.local/lib/python3.10/site-packages/torch/utils/checkpoint.py:429: UserWarning: torch.utils.checkpoint: please pass in use_reentrant=True or use_reentrant=False explicitly. The default value of use_reentrant will be updated to be False in the future. To maintain current behavior, pass use_reentrant=True. It is recommended that you use use_reentrant=False. Refer to docs for more details on the differences between the two variants.
  warnings.warn(
/home/yvs/.local/lib/python3.10/site-packages/torch/utils/checkpoint.py:429: UserWarning: torch.utils.checkpoint: please pass in use_reentrant=True or use_reentrant=False explicitly. The default value of use_reentrant will be updated to be False in the future. To maintain current behavior, pass use_reentrant=True. It is recommended that you use use_reentrant=False. Refer to docs for more details on the differences between the two variants.
  warnings.warn(
/home/yvs/.local/lib/python3.10/site-packages/deepspeed/runtime/zero/stage_1_and_2.py:1586: UserWarning: The torch.cuda.*DtypeTensor constructors are no longer recommended. It's best to use methods such as torch.tensor(data, dtype=*, device='cuda') to create tensors. (Triggered internally at ../torch/csrc/tensor/python_tensor.cpp:83.)
  total_norm_cuda = get_accelerator().FloatTensor([float(total_norm)])
/home/yvs/.local/lib/python3.10/site-packages/deepspeed/runtime/zero/stage_1_and_2.py:1586: UserWarning: The torch.cuda.*DtypeTensor constructors are no longer recommended. It's best to use methods such as torch.tensor(data, dtype=*, device='cuda') to create tensors. (Triggered internally at ../torch/csrc/tensor/python_tensor.cpp:83.)
  total_norm_cuda = get_accelerator().FloatTensor([float(total_norm)])
/home/yvs/.local/lib/python3.10/site-packages/deepspeed/runtime/zero/stage_1_and_2.py:1586: UserWarning: The torch.cuda.*DtypeTensor constructors are no longer recommended. It's best to use methods such as torch.tensor(data, dtype=*, device='cuda') to create tensors. (Triggered internally at ../torch/csrc/tensor/python_tensor.cpp:83.)
  total_norm_cuda = get_accelerator().FloatTensor([float(total_norm)])
/home/yvs/.local/lib/python3.10/site-packages/deepspeed/runtime/zero/stage_1_and_2.py:1586: UserWarning: The torch.cuda.*DtypeTensor constructors are no longer recommended. It's best to use methods such as torch.tensor(data, dtype=*, device='cuda') to create tensors. (Triggered internally at ../torch/csrc/tensor/python_tensor.cpp:83.)
  total_norm_cuda = get_accelerator().FloatTensor([float(total_norm)])
/home/yvs/.local/lib/python3.10/site-packages/deepspeed/runtime/zero/stage_1_and_2.py:1586: UserWarning: The torch.cuda.*DtypeTensor constructors are no longer recommended. It's best to use methods such as torch.tensor(data, dtype=*, device='cuda') to create tensors. (Triggered internally at ../torch/csrc/tensor/python_tensor.cpp:83.)
  total_norm_cuda = get_accelerator().FloatTensor([float(total_norm)])
/home/yvs/.local/lib/python3.10/site-packages/deepspeed/runtime/zero/stage_1_and_2.py:1586: UserWarning: The torch.cuda.*DtypeTensor constructors are no longer recommended. It's best to use methods such as torch.tensor(data, dtype=*, device='cuda') to create tensors. (Triggered internally at ../torch/csrc/tensor/python_tensor.cpp:83.)
  total_norm_cuda = get_accelerator().FloatTensor([float(total_norm)])
/home/yvs/.local/lib/python3.10/site-packages/deepspeed/runtime/zero/stage_1_and_2.py:1586: UserWarning: The torch.cuda.*DtypeTensor constructors are no longer recommended. It's best to use methods such as torch.tensor(data, dtype=*, device='cuda') to create tensors. (Triggered internally at ../torch/csrc/tensor/python_tensor.cpp:83.)
  total_norm_cuda = get_accelerator().FloatTensor([float(total_norm)])
/home/yvs/.local/lib/python3.10/site-packages/deepspeed/runtime/zero/stage_1_and_2.py:1586: UserWarning: The torch.cuda.*DtypeTensor constructors are no longer recommended. It's best to use methods such as torch.tensor(data, dtype=*, device='cuda') to create tensors. (Triggered internally at ../torch/csrc/tensor/python_tensor.cpp:83.)
  total_norm_cuda = get_accelerator().FloatTensor([float(total_norm)])
  0%|          | 1/4267 [00:17<21:08:07, 17.84s/it]  0%|          | 2/4267 [00:32<18:50:46, 15.91s/it]Traceback (most recent call last):
  File "/playpen-storage/yvs/LongVU/longvu/train.py", line 1129, in <module>
    train()
  File "/playpen-storage/yvs/LongVU/longvu/train.py", line 1117, in train
    trainer.train()
  File "/home/yvs/.local/lib/python3.10/site-packages/transformers/trainer.py", line 1932, in train
Traceback (most recent call last):
  File "/playpen-storage/yvs/LongVU/longvu/train.py", line 1129, in <module>
    return inner_training_loop(
  File "/home/yvs/.local/lib/python3.10/site-packages/transformers/trainer.py", line 2268, in _inner_training_loop
    train()
  File "/playpen-storage/yvs/LongVU/longvu/train.py", line 1117, in train
    trainer.train()
  File "/home/yvs/.local/lib/python3.10/site-packages/transformers/trainer.py", line 1932, in train
    tr_loss_step = self.training_step(model, inputs)
  File "/home/yvs/.local/lib/python3.10/site-packages/transformers/trainer.py", line 3324, in training_step
    return inner_training_loop(
  File "/home/yvs/.local/lib/python3.10/site-packages/transformers/trainer.py", line 2268, in _inner_training_loop
    self.accelerator.backward(loss, **kwargs)
  File "/home/yvs/.local/lib/python3.10/site-packages/accelerate/accelerator.py", line 2188, in backward
    tr_loss_step = self.training_step(model, inputs)
  File "/home/yvs/.local/lib/python3.10/site-packages/transformers/trainer.py", line 3324, in training_step
    self.deepspeed_engine_wrapped.backward(loss, **kwargs)
  File "/home/yvs/.local/lib/python3.10/site-packages/accelerate/utils/deepspeed.py", line 166, in backward
    self.engine.backward(loss, **kwargs)
  File "/home/yvs/.local/lib/python3.10/site-packages/deepspeed/utils/nvtx.py", line 15, in wrapped_fn
    ret_val = func(*args, **kwargs)
  File "/home/yvs/.local/lib/python3.10/site-packages/deepspeed/runtime/engine.py", line 1936, in backward
    self.accelerator.backward(loss, **kwargs)
  File "/home/yvs/.local/lib/python3.10/site-packages/accelerate/accelerator.py", line 2188, in backward
    self.optimizer.backward(loss, retain_graph=retain_graph)
  File "/home/yvs/.local/lib/python3.10/site-packages/deepspeed/runtime/zero/stage_1_and_2.py", line 1953, in backward
    self.deepspeed_engine_wrapped.backward(loss, **kwargs)
  File "/home/yvs/.local/lib/python3.10/site-packages/accelerate/utils/deepspeed.py", line 166, in backward
        self.engine.backward(loss, **kwargs)self.loss_scaler.backward(loss.float(), retain_graph=retain_graph)

  File "/home/yvs/.local/lib/python3.10/site-packages/deepspeed/utils/nvtx.py", line 15, in wrapped_fn
  File "/home/yvs/.local/lib/python3.10/site-packages/deepspeed/runtime/fp16/loss_scaler.py", line 63, in backward
    ret_val = func(*args, **kwargs)
  File "/home/yvs/.local/lib/python3.10/site-packages/deepspeed/runtime/engine.py", line 1936, in backward
    scaled_loss.backward(retain_graph=retain_graph)
  File "/home/yvs/.local/lib/python3.10/site-packages/torch/_tensor.py", line 492, in backward
    torch.autograd.backward(
  File "/home/yvs/.local/lib/python3.10/site-packages/torch/autograd/__init__.py", line 251, in backward
    Variable._execution_engine.run_backward(  # Calls into the C++ engine to run the backward pass
  File "/home/yvs/.local/lib/python3.10/site-packages/torch/autograd/function.py", line 288, in apply
    self.optimizer.backward(loss, retain_graph=retain_graph)
  File "/home/yvs/.local/lib/python3.10/site-packages/deepspeed/runtime/zero/stage_1_and_2.py", line 1953, in backward
    return user_fn(self, *args)
  File "/home/yvs/.local/lib/python3.10/site-packages/torch/utils/checkpoint.py", line 288, in backward
    self.loss_scaler.backward(loss.float(), retain_graph=retain_graph)
  File "/home/yvs/.local/lib/python3.10/site-packages/deepspeed/runtime/fp16/loss_scaler.py", line 63, in backward
        scaled_loss.backward(retain_graph=retain_graph)torch.autograd.backward(outputs_with_grad, args_with_grad)

  File "/home/yvs/.local/lib/python3.10/site-packages/torch/_tensor.py", line 492, in backward
  File "/home/yvs/.local/lib/python3.10/site-packages/torch/autograd/__init__.py", line 251, in backward
    Variable._execution_engine.run_backward(  # Calls into the C++ engine to run the backward pass
torch.cuda    .torch.autograd.backward(OutOfMemoryError
:   File "/home/yvs/.local/lib/python3.10/site-packages/torch/autograd/__init__.py", line 251, in backward
CUDA out of memory. Tried to allocate 15.83 GiB. GPU 0 has a total capacty of 47.53 GiB of which 13.33 GiB is free. Including non-PyTorch memory, this process has 34.19 GiB memory in use. Of the allocated memory 32.93 GiB is allocated by PyTorch, and 666.06 MiB is reserved by PyTorch but unallocated. If reserved but unallocated memory is large try setting max_split_size_mb to avoid fragmentation.  See documentation for Memory Management and PYTORCH_CUDA_ALLOC_CONF
    Variable._execution_engine.run_backward(  # Calls into the C++ engine to run the backward pass
  File "/home/yvs/.local/lib/python3.10/site-packages/torch/autograd/function.py", line 288, in apply
    return user_fn(self, *args)
  File "/home/yvs/.local/lib/python3.10/site-packages/torch/utils/checkpoint.py", line 288, in backward
    torch.autograd.backward(outputs_with_grad, args_with_grad)
  File "/home/yvs/.local/lib/python3.10/site-packages/torch/autograd/__init__.py", line 251, in backward
    Variable._execution_engine.run_backward(  # Calls into the C++ engine to run the backward pass
torch.cuda.OutOfMemoryError: CUDA out of memory. Tried to allocate 16.16 GiB. GPU 6 has a total capacty of 47.53 GiB of which 13.07 GiB is free. Including non-PyTorch memory, this process has 34.46 GiB memory in use. Of the allocated memory 32.94 GiB is allocated by PyTorch, and 916.75 MiB is reserved by PyTorch but unallocated. If reserved but unallocated memory is large try setting max_split_size_mb to avoid fragmentation.  See documentation for Memory Management and PYTORCH_CUDA_ALLOC_CONF
  0%|          | 2/4267 [00:39<23:40:00, 19.98s/it]
[E ProcessGroupGloo.cpp:138] Rank 5 successfully reached monitoredBarrier, but received errors while waiting for send/recv from rank 0. Please check rank 0 logs for faulty rank.
[E ProcessGroupGloo.cpp:138] Rank 7 successfully reached monitoredBarrier, but received errors while waiting for send/recv from rank 0. Please check rank 0 logs for faulty rank.
[E ProcessGroupGloo.cpp:138] Rank 3 successfully reached monitoredBarrier, but received errors while waiting for send/recv from rank 0. Please check rank 0 logs for faulty rank.
[E ProcessGroupGloo.cpp:138] Rank 4 successfully reached monitoredBarrier, but received errors while waiting for send/recv from rank 0. Please check rank 0 logs for faulty rank.
[E ProcessGroupGloo.cpp:138] Rank 1 successfully reached monitoredBarrier, but received errors while waiting for send/recv from rank 0. Please check rank 0 logs for faulty rank.
[E ProcessGroupGloo.cpp:138] Rank 2 successfully reached monitoredBarrier, but received errors while waiting for send/recv from rank 0. Please check rank 0 logs for faulty rank.
Traceback (most recent call last):
  File "/playpen-storage/yvs/LongVU/longvu/train.py", line 1129, in <module>
    train()
  File "/playpen-storage/yvs/LongVU/longvu/train.py", line 1117, in train
    trainer.train()
  File "/home/yvs/.local/lib/python3.10/site-packages/transformers/trainer.py", line 1932, in train
    return inner_training_loop(
  File "/home/yvs/.local/lib/python3.10/site-packages/transformers/trainer.py", line 2268, in _inner_training_loop
    tr_loss_step = self.training_step(model, inputs)
  File "/home/yvs/.local/lib/python3.10/site-packages/transformers/trainer.py", line 3324, in training_step
    self.accelerator.backward(loss, **kwargs)
  File "/home/yvs/.local/lib/python3.10/site-packages/accelerate/accelerator.py", line 2188, in backward
    self.deepspeed_engine_wrapped.backward(loss, **kwargs)
  File "/home/yvs/.local/lib/python3.10/site-packages/accelerate/utils/deepspeed.py", line 166, in backward
    self.engine.backward(loss, **kwargs)
  File "/home/yvs/.local/lib/python3.10/site-packages/deepspeed/utils/nvtx.py", line 15, in wrapped_fn
    ret_val = func(*args, **kwargs)
  File "/home/yvs/.local/lib/python3.10/site-packages/deepspeed/runtime/engine.py", line 1936, in backward
    self.optimizer.backward(loss, retain_graph=retain_graph)
  File "/home/yvs/.local/lib/python3.10/site-packages/deepspeed/runtime/zero/stage_1_and_2.py", line 1953, in backward
    self.loss_scaler.backward(loss.float(), retain_graph=retain_graph)
  File "/home/yvs/.local/lib/python3.10/site-packages/deepspeed/runtime/fp16/loss_scaler.py", line 63, in backward
    scaled_loss.backward(retain_graph=retain_graph)
  File "/home/yvs/.local/lib/python3.10/site-packages/torch/_tensor.py", line 492, in backward
    torch.autograd.backward(
  File "/home/yvs/.local/lib/python3.10/site-packages/torch/autograd/__init__.py", line 251, in backward
    Variable._execution_engine.run_backward(  # Calls into the C++ engine to run the backward pass
  File "/home/yvs/.local/lib/python3.10/site-packages/torch/autograd/function.py", line 288, in apply
    return user_fn(self, *args)
  File "/home/yvs/.local/lib/python3.10/site-packages/torch/utils/checkpoint.py", line 288, in backward
    torch.autograd.backward(outputs_with_grad, args_with_grad)
  File "/home/yvs/.local/lib/python3.10/site-packages/torch/autograd/__init__.py", line 251, in backward
Traceback (most recent call last):
    Variable._execution_engine.run_backward(  # Calls into the C++ engine to run the backward pass  File "/playpen-storage/yvs/LongVU/longvu/train.py", line 1129, in <module>

  File "/home/yvs/.local/lib/python3.10/site-packages/deepspeed/runtime/zero/stage_1_and_2.py", line 863, in reduce_partition_and_remove_grads
    self.reduce_ready_partitions_and_remove_grads(param, i)
  File "/home/yvs/.local/lib/python3.10/site-packages/deepspeed/runtime/zero/stage_1_and_2.py", line 1330, in reduce_ready_partitions_and_remove_grads
    train()
  File "/playpen-storage/yvs/LongVU/longvu/train.py", line 1117, in train
    self.reduce_independent_p_g_buckets_and_remove_grads(param, i)
  File "/home/yvs/.local/lib/python3.10/site-packages/deepspeed/runtime/zero/stage_1_and_2.py", line 891, in reduce_independent_p_g_buckets_and_remove_grads
    trainer.train()
  File "/home/yvs/.local/lib/python3.10/site-packages/transformers/trainer.py", line 1932, in train
    self.reduce_ipg_grads()
  File "/home/yvs/.local/lib/python3.10/site-packages/deepspeed/runtime/zero/stage_1_and_2.py", line 1281, in reduce_ipg_grads
    self.average_tensor(self.ipg_buffer[self.ipg_index])
  File "/home/yvs/.local/lib/python3.10/site-packages/deepspeed/runtime/zero/stage_1_and_2.py", line 1044, in average_tensor
    return inner_training_loop(
  File "/home/yvs/.local/lib/python3.10/site-packages/transformers/trainer.py", line 2268, in _inner_training_loop
    async_handle = dist.reduce(grad_slice, dst=dst_rank, group=real_dp_process_group[i], async_op=True)
  File "/home/yvs/.local/lib/python3.10/site-packages/deepspeed/comm/comm.py", line 117, in log_wrapper
    return func(*args, **kwargs)
  File "/home/yvs/.local/lib/python3.10/site-packages/deepspeed/comm/comm.py", line 442, in reduce
    return cdb.reduce(tensor=tensor, dst=dst, op=op, group=group, async_op=async_op)
  File "/home/yvs/.local/lib/python3.10/site-packages/deepspeed/comm/torch.py", line 176, in reduce
        return torch.distributed.reduce(tensor=tensor, dst=dst, op=self._reduce_op(op), group=group, async_op=async_op)tr_loss_step = self.training_step(model, inputs)

  File "/home/yvs/.local/lib/python3.10/site-packages/torch/distributed/c10d_logger.py", line 47, in wrapper
  File "/home/yvs/.local/lib/python3.10/site-packages/transformers/trainer.py", line 3324, in training_step
    return func(*args, **kwargs)
  File "/home/yvs/.local/lib/python3.10/site-packages/torch/distributed/distributed_c10d.py", line 2220, in reduce
    work = group.reduce([tensor], opts)
RuntimeError: Rank 3 successfully reached monitoredBarrier, but received errors while waiting for send/recv from rank 0. Please check rank 0 logs for faulty rank.
 Original exception: 
[../third_party/gloo/gloo/transport/tcp/pair.cc:534] Connection closed by peer [10.145.2.2]:49844
    self.accelerator.backward(loss, **kwargs)
  File "/home/yvs/.local/lib/python3.10/site-packages/accelerate/accelerator.py", line 2188, in backward
    self.deepspeed_engine_wrapped.backward(loss, **kwargs)
  File "/home/yvs/.local/lib/python3.10/site-packages/accelerate/utils/deepspeed.py", line 166, in backward
    self.engine.backward(loss, **kwargs)
  File "/home/yvs/.local/lib/python3.10/site-packages/deepspeed/utils/nvtx.py", line 15, in wrapped_fn
    ret_val = func(*args, **kwargs)
  File "/home/yvs/.local/lib/python3.10/site-packages/deepspeed/runtime/engine.py", line 1936, in backward
    self.optimizer.backward(loss, retain_graph=retain_graph)
  File "/home/yvs/.local/lib/python3.10/site-packages/deepspeed/runtime/zero/stage_1_and_2.py", line 1953, in backward
    self.loss_scaler.backward(loss.float(), retain_graph=retain_graph)
  File "/home/yvs/.local/lib/python3.10/site-packages/deepspeed/runtime/fp16/loss_scaler.py", line 63, in backward
    scaled_loss.backward(retain_graph=retain_graph)
  File "/home/yvs/.local/lib/python3.10/site-packages/torch/_tensor.py", line 492, in backward
    torch.autograd.backward(
  File "/home/yvs/.local/lib/python3.10/site-packages/torch/autograd/__init__.py", line 251, in backward
    Variable._execution_engine.run_backward(  # Calls into the C++ engine to run the backward pass
  File "/home/yvs/.local/lib/python3.10/site-packages/torch/autograd/function.py", line 288, in apply
    return user_fn(self, *args)
  File "/home/yvs/.local/lib/python3.10/site-packages/torch/utils/checkpoint.py", line 288, in backward
    torch.autograd.backward(outputs_with_grad, args_with_grad)
  File "/home/yvs/.local/lib/python3.10/site-packages/torch/autograd/__init__.py", line 251, in backward
    Variable._execution_engine.run_backward(  # Calls into the C++ engine to run the backward pass
  File "/home/yvs/.local/lib/python3.10/site-packages/deepspeed/runtime/zero/stage_1_and_2.py", line 863, in reduce_partition_and_remove_grads
    self.reduce_ready_partitions_and_remove_grads(param, i)
  File "/home/yvs/.local/lib/python3.10/site-packages/deepspeed/runtime/zero/stage_1_and_2.py", line 1330, in reduce_ready_partitions_and_remove_grads
    self.reduce_independent_p_g_buckets_and_remove_grads(param, i)
  File "/home/yvs/.local/lib/python3.10/site-packages/deepspeed/runtime/zero/stage_1_and_2.py", line 891, in reduce_independent_p_g_buckets_and_remove_grads
    self.reduce_ipg_grads()
  File "/home/yvs/.local/lib/python3.10/site-packages/deepspeed/runtime/zero/stage_1_and_2.py", line 1281, in reduce_ipg_grads
    self.average_tensor(self.ipg_buffer[self.ipg_index])
  File "/home/yvs/.local/lib/python3.10/site-packages/deepspeed/runtime/zero/stage_1_and_2.py", line 1044, in average_tensor
Traceback (most recent call last):
  File "/playpen-storage/yvs/LongVU/longvu/train.py", line 1129, in <module>
    async_handle = dist.reduce(grad_slice, dst=dst_rank, group=real_dp_process_group[i], async_op=True)
  File "/home/yvs/.local/lib/python3.10/site-packages/deepspeed/comm/comm.py", line 117, in log_wrapper
    train()
  File "/playpen-storage/yvs/LongVU/longvu/train.py", line 1117, in train
    return func(*args, **kwargs)
  File "/home/yvs/.local/lib/python3.10/site-packages/deepspeed/comm/comm.py", line 442, in reduce
Traceback (most recent call last):
      File "/playpen-storage/yvs/LongVU/longvu/train.py", line 1129, in <module>
trainer.train()
  File "/home/yvs/.local/lib/python3.10/site-packages/transformers/trainer.py", line 1932, in train
    return cdb.reduce(tensor=tensor, dst=dst, op=op, group=group, async_op=async_op)
  File "/home/yvs/.local/lib/python3.10/site-packages/deepspeed/comm/torch.py", line 176, in reduce
    train()    
return torch.distributed.reduce(tensor=tensor, dst=dst, op=self._reduce_op(op), group=group, async_op=async_op)  File "/playpen-storage/yvs/LongVU/longvu/train.py", line 1117, in train

  File "/home/yvs/.local/lib/python3.10/site-packages/torch/distributed/c10d_logger.py", line 47, in wrapper
    return inner_training_loop(
  File "/home/yvs/.local/lib/python3.10/site-packages/transformers/trainer.py", line 2268, in _inner_training_loop
    return func(*args, **kwargs)
  File "/home/yvs/.local/lib/python3.10/site-packages/torch/distributed/distributed_c10d.py", line 2220, in reduce
    trainer.train()
  File "/home/yvs/.local/lib/python3.10/site-packages/transformers/trainer.py", line 1932, in train
    tr_loss_step = self.training_step(model, inputs)
  File "/home/yvs/.local/lib/python3.10/site-packages/transformers/trainer.py", line 3324, in training_step
    return inner_training_loop(
  File "/home/yvs/.local/lib/python3.10/site-packages/transformers/trainer.py", line 2268, in _inner_training_loop
Traceback (most recent call last):
  File "/playpen-storage/yvs/LongVU/longvu/train.py", line 1129, in <module>
    work = group.reduce([tensor], opts)
RuntimeError: Rank 4 successfully reached monitoredBarrier, but received errors while waiting for send/recv from rank 0. Please check rank 0 logs for faulty rank.
 Original exception: 
[../third_party/gloo/gloo/transport/tcp/pair.cc:534] Connection closed by peer [10.145.2.2]:48537
    tr_loss_step = self.training_step(model, inputs)
  File "/home/yvs/.local/lib/python3.10/site-packages/transformers/trainer.py", line 3324, in training_step
        train()self.accelerator.backward(loss, **kwargs)

  File "/playpen-storage/yvs/LongVU/longvu/train.py", line 1117, in train
  File "/home/yvs/.local/lib/python3.10/site-packages/accelerate/accelerator.py", line 2188, in backward
    trainer.train()
  File "/home/yvs/.local/lib/python3.10/site-packages/transformers/trainer.py", line 1932, in train
    self.deepspeed_engine_wrapped.backward(loss, **kwargs)
  File "/home/yvs/.local/lib/python3.10/site-packages/accelerate/utils/deepspeed.py", line 166, in backward
    self.accelerator.backward(loss, **kwargs)
  File "/home/yvs/.local/lib/python3.10/site-packages/accelerate/accelerator.py", line 2188, in backward
    self.engine.backward(loss, **kwargs)
  File "/home/yvs/.local/lib/python3.10/site-packages/deepspeed/utils/nvtx.py", line 15, in wrapped_fn
    ret_val = func(*args, **kwargs)
  File "/home/yvs/.local/lib/python3.10/site-packages/deepspeed/runtime/engine.py", line 1936, in backward
    return inner_training_loop(
  File "/home/yvs/.local/lib/python3.10/site-packages/transformers/trainer.py", line 2268, in _inner_training_loop
    self.deepspeed_engine_wrapped.backward(loss, **kwargs)
  File "/home/yvs/.local/lib/python3.10/site-packages/accelerate/utils/deepspeed.py", line 166, in backward
    self.optimizer.backward(loss, retain_graph=retain_graph)
      File "/home/yvs/.local/lib/python3.10/site-packages/deepspeed/runtime/zero/stage_1_and_2.py", line 1953, in backward
self.engine.backward(loss, **kwargs)
  File "/home/yvs/.local/lib/python3.10/site-packages/deepspeed/utils/nvtx.py", line 15, in wrapped_fn
    ret_val = func(*args, **kwargs)
  File "/home/yvs/.local/lib/python3.10/site-packages/deepspeed/runtime/engine.py", line 1936, in backward
    tr_loss_step = self.training_step(model, inputs)
  File "/home/yvs/.local/lib/python3.10/site-packages/transformers/trainer.py", line 3324, in training_step
    self.loss_scaler.backward(loss.float(), retain_graph=retain_graph)
  File "/home/yvs/.local/lib/python3.10/site-packages/deepspeed/runtime/fp16/loss_scaler.py", line 63, in backward
    self.optimizer.backward(loss, retain_graph=retain_graph)
  File "/home/yvs/.local/lib/python3.10/site-packages/deepspeed/runtime/zero/stage_1_and_2.py", line 1953, in backward
    scaled_loss.backward(retain_graph=retain_graph)
  File "/home/yvs/.local/lib/python3.10/site-packages/torch/_tensor.py", line 492, in backward
    torch.autograd.backward(
  File "/home/yvs/.local/lib/python3.10/site-packages/torch/autograd/__init__.py", line 251, in backward
        self.accelerator.backward(loss, **kwargs)Variable._execution_engine.run_backward(  # Calls into the C++ engine to run the backward pass

  File "/home/yvs/.local/lib/python3.10/site-packages/accelerate/accelerator.py", line 2188, in backward
  File "/home/yvs/.local/lib/python3.10/site-packages/torch/autograd/function.py", line 288, in apply
    self.loss_scaler.backward(loss.float(), retain_graph=retain_graph)
  File "/home/yvs/.local/lib/python3.10/site-packages/deepspeed/runtime/fp16/loss_scaler.py", line 63, in backward
        return user_fn(self, *args)scaled_loss.backward(retain_graph=retain_graph)

  File "/home/yvs/.local/lib/python3.10/site-packages/torch/utils/checkpoint.py", line 288, in backward
  File "/home/yvs/.local/lib/python3.10/site-packages/torch/_tensor.py", line 492, in backward
    torch.autograd.backward(outputs_with_grad, args_with_grad)
      File "/home/yvs/.local/lib/python3.10/site-packages/torch/autograd/__init__.py", line 251, in backward
torch.autograd.backward(
  File "/home/yvs/.local/lib/python3.10/site-packages/torch/autograd/__init__.py", line 251, in backward
    self.deepspeed_engine_wrapped.backward(loss, **kwargs)
      File "/home/yvs/.local/lib/python3.10/site-packages/accelerate/utils/deepspeed.py", line 166, in backward
Variable._execution_engine.run_backward(  # Calls into the C++ engine to run the backward pass    
Variable._execution_engine.run_backward(  # Calls into the C++ engine to run the backward pass  File "/home/yvs/.local/lib/python3.10/site-packages/deepspeed/runtime/zero/stage_1_and_2.py", line 863, in reduce_partition_and_remove_grads

  File "/home/yvs/.local/lib/python3.10/site-packages/torch/autograd/function.py", line 288, in apply
    self.engine.backward(loss, **kwargs)
  File "/home/yvs/.local/lib/python3.10/site-packages/deepspeed/utils/nvtx.py", line 15, in wrapped_fn
    return user_fn(self, *args)
  File "/home/yvs/.local/lib/python3.10/site-packages/torch/utils/checkpoint.py", line 288, in backward
    ret_val = func(*args, **kwargs)
  File "/home/yvs/.local/lib/python3.10/site-packages/deepspeed/runtime/engine.py", line 1936, in backward
    self.reduce_ready_partitions_and_remove_grads(param, i)
  File "/home/yvs/.local/lib/python3.10/site-packages/deepspeed/runtime/zero/stage_1_and_2.py", line 1330, in reduce_ready_partitions_and_remove_grads
    torch.autograd.backward(outputs_with_grad, args_with_grad)
  File "/home/yvs/.local/lib/python3.10/site-packages/torch/autograd/__init__.py", line 251, in backward
    Variable._execution_engine.run_backward(  # Calls into the C++ engine to run the backward pass
  File "/home/yvs/.local/lib/python3.10/site-packages/deepspeed/runtime/zero/stage_1_and_2.py", line 863, in reduce_partition_and_remove_grads
    self.reduce_independent_p_g_buckets_and_remove_grads(param, i)
      File "/home/yvs/.local/lib/python3.10/site-packages/deepspeed/runtime/zero/stage_1_and_2.py", line 891, in reduce_independent_p_g_buckets_and_remove_grads
self.optimizer.backward(loss, retain_graph=retain_graph)
  File "/home/yvs/.local/lib/python3.10/site-packages/deepspeed/runtime/zero/stage_1_and_2.py", line 1953, in backward
    self.reduce_ready_partitions_and_remove_grads(param, i)
  File "/home/yvs/.local/lib/python3.10/site-packages/deepspeed/runtime/zero/stage_1_and_2.py", line 1330, in reduce_ready_partitions_and_remove_grads
    self.reduce_ipg_grads()
  File "/home/yvs/.local/lib/python3.10/site-packages/deepspeed/runtime/zero/stage_1_and_2.py", line 1281, in reduce_ipg_grads
    self.reduce_independent_p_g_buckets_and_remove_grads(param, i)
  File "/home/yvs/.local/lib/python3.10/site-packages/deepspeed/runtime/zero/stage_1_and_2.py", line 891, in reduce_independent_p_g_buckets_and_remove_grads
    self.loss_scaler.backward(loss.float(), retain_graph=retain_graph)
  File "/home/yvs/.local/lib/python3.10/site-packages/deepspeed/runtime/fp16/loss_scaler.py", line 63, in backward
        self.average_tensor(self.ipg_buffer[self.ipg_index])scaled_loss.backward(retain_graph=retain_graph)

      File "/home/yvs/.local/lib/python3.10/site-packages/deepspeed/runtime/zero/stage_1_and_2.py", line 1044, in average_tensor
  File "/home/yvs/.local/lib/python3.10/site-packages/torch/_tensor.py", line 492, in backward
self.reduce_ipg_grads()
  File "/home/yvs/.local/lib/python3.10/site-packages/deepspeed/runtime/zero/stage_1_and_2.py", line 1281, in reduce_ipg_grads
    torch.autograd.backward(
  File "/home/yvs/.local/lib/python3.10/site-packages/torch/autograd/__init__.py", line 251, in backward
    async_handle = dist.reduce(grad_slice, dst=dst_rank, group=real_dp_process_group[i], async_op=True)
  File "/home/yvs/.local/lib/python3.10/site-packages/deepspeed/comm/comm.py", line 117, in log_wrapper
        self.average_tensor(self.ipg_buffer[self.ipg_index])Variable._execution_engine.run_backward(  # Calls into the C++ engine to run the backward pass

  File "/home/yvs/.local/lib/python3.10/site-packages/deepspeed/runtime/zero/stage_1_and_2.py", line 1044, in average_tensor
  File "/home/yvs/.local/lib/python3.10/site-packages/torch/autograd/function.py", line 288, in apply
    return func(*args, **kwargs)
  File "/home/yvs/.local/lib/python3.10/site-packages/deepspeed/comm/comm.py", line 442, in reduce
    return user_fn(self, *args)
  File "/home/yvs/.local/lib/python3.10/site-packages/torch/utils/checkpoint.py", line 288, in backward
    return cdb.reduce(tensor=tensor, dst=dst, op=op, group=group, async_op=async_op)
  File "/home/yvs/.local/lib/python3.10/site-packages/deepspeed/comm/torch.py", line 176, in reduce
    async_handle = dist.reduce(grad_slice, dst=dst_rank, group=real_dp_process_group[i], async_op=True)
  File "/home/yvs/.local/lib/python3.10/site-packages/deepspeed/comm/comm.py", line 117, in log_wrapper
    torch.autograd.backward(outputs_with_grad, args_with_grad)
  File "/home/yvs/.local/lib/python3.10/site-packages/torch/autograd/__init__.py", line 251, in backward
    return torch.distributed.reduce(tensor=tensor, dst=dst, op=self._reduce_op(op), group=group, async_op=async_op)
  File "/home/yvs/.local/lib/python3.10/site-packages/torch/distributed/c10d_logger.py", line 47, in wrapper
    return func(*args, **kwargs)
  File "/home/yvs/.local/lib/python3.10/site-packages/deepspeed/comm/comm.py", line 442, in reduce
        return func(*args, **kwargs)Variable._execution_engine.run_backward(  # Calls into the C++ engine to run the backward pass

  File "/home/yvs/.local/lib/python3.10/site-packages/torch/distributed/distributed_c10d.py", line 2220, in reduce
  File "/home/yvs/.local/lib/python3.10/site-packages/deepspeed/runtime/zero/stage_1_and_2.py", line 863, in reduce_partition_and_remove_grads
    return cdb.reduce(tensor=tensor, dst=dst, op=op, group=group, async_op=async_op)
  File "/home/yvs/.local/lib/python3.10/site-packages/deepspeed/comm/torch.py", line 176, in reduce
    return torch.distributed.reduce(tensor=tensor, dst=dst, op=self._reduce_op(op), group=group, async_op=async_op)
  File "/home/yvs/.local/lib/python3.10/site-packages/torch/distributed/c10d_logger.py", line 47, in wrapper
    self.reduce_ready_partitions_and_remove_grads(param, i)
  File "/home/yvs/.local/lib/python3.10/site-packages/deepspeed/runtime/zero/stage_1_and_2.py", line 1330, in reduce_ready_partitions_and_remove_grads
    return func(*args, **kwargs)
  File "/home/yvs/.local/lib/python3.10/site-packages/torch/distributed/distributed_c10d.py", line 2220, in reduce
    work = group.reduce([tensor], opts)
RuntimeError: Rank 5 successfully reached monitoredBarrier, but received errors while waiting for send/recv from rank 0. Please check rank 0 logs for faulty rank.
 Original exception: 
[../third_party/gloo/gloo/transport/tcp/pair.cc:534] Connection closed by peer [10.145.2.2]:24742
    self.reduce_independent_p_g_buckets_and_remove_grads(param, i)
  File "/home/yvs/.local/lib/python3.10/site-packages/deepspeed/runtime/zero/stage_1_and_2.py", line 891, in reduce_independent_p_g_buckets_and_remove_grads
    work = group.reduce([tensor], opts)
RuntimeError: Rank 7 successfully reached monitoredBarrier, but received errors while waiting for send/recv from rank 0. Please check rank 0 logs for faulty rank.
 Original exception: 
[../third_party/gloo/gloo/transport/tcp/pair.cc:534] Connection closed by peer [10.145.2.2]:29900
    self.reduce_ipg_grads()
  File "/home/yvs/.local/lib/python3.10/site-packages/deepspeed/runtime/zero/stage_1_and_2.py", line 1281, in reduce_ipg_grads
    self.average_tensor(self.ipg_buffer[self.ipg_index])
  File "/home/yvs/.local/lib/python3.10/site-packages/deepspeed/runtime/zero/stage_1_and_2.py", line 1044, in average_tensor
    async_handle = dist.reduce(grad_slice, dst=dst_rank, group=real_dp_process_group[i], async_op=True)
  File "/home/yvs/.local/lib/python3.10/site-packages/deepspeed/comm/comm.py", line 117, in log_wrapper
    return func(*args, **kwargs)
  File "/home/yvs/.local/lib/python3.10/site-packages/deepspeed/comm/comm.py", line 442, in reduce
    return cdb.reduce(tensor=tensor, dst=dst, op=op, group=group, async_op=async_op)
  File "/home/yvs/.local/lib/python3.10/site-packages/deepspeed/comm/torch.py", line 176, in reduce
    return torch.distributed.reduce(tensor=tensor, dst=dst, op=self._reduce_op(op), group=group, async_op=async_op)
  File "/home/yvs/.local/lib/python3.10/site-packages/torch/distributed/c10d_logger.py", line 47, in wrapper
    return func(*args, **kwargs)
  File "/home/yvs/.local/lib/python3.10/site-packages/torch/distributed/distributed_c10d.py", line 2220, in reduce
    work = group.reduce([tensor], opts)
RuntimeError: Rank 1 successfully reached monitoredBarrier, but received errors while waiting for send/recv from rank 0. Please check rank 0 logs for faulty rank.
 Original exception: 
[../third_party/gloo/gloo/transport/tcp/pair.cc:534] Connection closed by peer [10.145.2.2]:18631
Traceback (most recent call last):
  File "/playpen-storage/yvs/LongVU/longvu/train.py", line 1129, in <module>
    train()
  File "/playpen-storage/yvs/LongVU/longvu/train.py", line 1117, in train
    trainer.train()
  File "/home/yvs/.local/lib/python3.10/site-packages/transformers/trainer.py", line 1932, in train
    return inner_training_loop(
  File "/home/yvs/.local/lib/python3.10/site-packages/transformers/trainer.py", line 2268, in _inner_training_loop
    tr_loss_step = self.training_step(model, inputs)
  File "/home/yvs/.local/lib/python3.10/site-packages/transformers/trainer.py", line 3324, in training_step
    self.accelerator.backward(loss, **kwargs)
  File "/home/yvs/.local/lib/python3.10/site-packages/accelerate/accelerator.py", line 2188, in backward
    self.deepspeed_engine_wrapped.backward(loss, **kwargs)
  File "/home/yvs/.local/lib/python3.10/site-packages/accelerate/utils/deepspeed.py", line 166, in backward
    self.engine.backward(loss, **kwargs)
  File "/home/yvs/.local/lib/python3.10/site-packages/deepspeed/utils/nvtx.py", line 15, in wrapped_fn
    ret_val = func(*args, **kwargs)
  File "/home/yvs/.local/lib/python3.10/site-packages/deepspeed/runtime/engine.py", line 1936, in backward
    self.optimizer.backward(loss, retain_graph=retain_graph)
  File "/home/yvs/.local/lib/python3.10/site-packages/deepspeed/runtime/zero/stage_1_and_2.py", line 1953, in backward
    self.loss_scaler.backward(loss.float(), retain_graph=retain_graph)
  File "/home/yvs/.local/lib/python3.10/site-packages/deepspeed/runtime/fp16/loss_scaler.py", line 63, in backward
    scaled_loss.backward(retain_graph=retain_graph)
  File "/home/yvs/.local/lib/python3.10/site-packages/torch/_tensor.py", line 492, in backward
    torch.autograd.backward(
  File "/home/yvs/.local/lib/python3.10/site-packages/torch/autograd/__init__.py", line 251, in backward
    Variable._execution_engine.run_backward(  # Calls into the C++ engine to run the backward pass
  File "/home/yvs/.local/lib/python3.10/site-packages/torch/autograd/function.py", line 288, in apply
    return user_fn(self, *args)
  File "/home/yvs/.local/lib/python3.10/site-packages/torch/utils/checkpoint.py", line 288, in backward
    torch.autograd.backward(outputs_with_grad, args_with_grad)
  File "/home/yvs/.local/lib/python3.10/site-packages/torch/autograd/__init__.py", line 251, in backward
    Variable._execution_engine.run_backward(  # Calls into the C++ engine to run the backward pass
  File "/home/yvs/.local/lib/python3.10/site-packages/deepspeed/runtime/zero/stage_1_and_2.py", line 863, in reduce_partition_and_remove_grads
    self.reduce_ready_partitions_and_remove_grads(param, i)
  File "/home/yvs/.local/lib/python3.10/site-packages/deepspeed/runtime/zero/stage_1_and_2.py", line 1330, in reduce_ready_partitions_and_remove_grads
    self.reduce_independent_p_g_buckets_and_remove_grads(param, i)
  File "/home/yvs/.local/lib/python3.10/site-packages/deepspeed/runtime/zero/stage_1_and_2.py", line 891, in reduce_independent_p_g_buckets_and_remove_grads
    self.reduce_ipg_grads()
  File "/home/yvs/.local/lib/python3.10/site-packages/deepspeed/runtime/zero/stage_1_and_2.py", line 1281, in reduce_ipg_grads
    self.average_tensor(self.ipg_buffer[self.ipg_index])
  File "/home/yvs/.local/lib/python3.10/site-packages/deepspeed/runtime/zero/stage_1_and_2.py", line 1044, in average_tensor
    async_handle = dist.reduce(grad_slice, dst=dst_rank, group=real_dp_process_group[i], async_op=True)
  File "/home/yvs/.local/lib/python3.10/site-packages/deepspeed/comm/comm.py", line 117, in log_wrapper
    return func(*args, **kwargs)
  File "/home/yvs/.local/lib/python3.10/site-packages/deepspeed/comm/comm.py", line 442, in reduce
    return cdb.reduce(tensor=tensor, dst=dst, op=op, group=group, async_op=async_op)
  File "/home/yvs/.local/lib/python3.10/site-packages/deepspeed/comm/torch.py", line 176, in reduce
    return torch.distributed.reduce(tensor=tensor, dst=dst, op=self._reduce_op(op), group=group, async_op=async_op)
  File "/home/yvs/.local/lib/python3.10/site-packages/torch/distributed/c10d_logger.py", line 47, in wrapper
    return func(*args, **kwargs)
  File "/home/yvs/.local/lib/python3.10/site-packages/torch/distributed/distributed_c10d.py", line 2220, in reduce
    work = group.reduce([tensor], opts)
RuntimeError: Rank 2 successfully reached monitoredBarrier, but received errors while waiting for send/recv from rank 0. Please check rank 0 logs for faulty rank.
 Original exception: 
[../third_party/gloo/gloo/transport/tcp/pair.cc:534] Connection closed by peer [10.145.2.2]:3273
[2025-02-17 20:03:39,689] torch.distributed.elastic.multiprocessing.api: [WARNING] Sending process 1555256 closing signal SIGTERM
[2025-02-17 20:03:39,689] torch.distributed.elastic.multiprocessing.api: [WARNING] Sending process 1555257 closing signal SIGTERM
[2025-02-17 20:03:39,690] torch.distributed.elastic.multiprocessing.api: [WARNING] Sending process 1555258 closing signal SIGTERM
[2025-02-17 20:03:39,690] torch.distributed.elastic.multiprocessing.api: [WARNING] Sending process 1555259 closing signal SIGTERM
[2025-02-17 20:03:39,690] torch.distributed.elastic.multiprocessing.api: [WARNING] Sending process 1555260 closing signal SIGTERM
[2025-02-17 20:03:39,691] torch.distributed.elastic.multiprocessing.api: [WARNING] Sending process 1555262 closing signal SIGTERM
[2025-02-17 20:03:41,836] torch.distributed.elastic.multiprocessing.api: [ERROR] failed (exitcode: 1) local_rank: 0 (pid: 1555255) of binary: /usr/bin/python3
Traceback (most recent call last):
  File "/home/yvs/.local/bin/torchrun", line 8, in <module>
    sys.exit(main())
  File "/home/yvs/.local/lib/python3.10/site-packages/torch/distributed/elastic/multiprocessing/errors/__init__.py", line 346, in wrapper
    return f(*args, **kwargs)
  File "/home/yvs/.local/lib/python3.10/site-packages/torch/distributed/run.py", line 806, in main
    run(args)
  File "/home/yvs/.local/lib/python3.10/site-packages/torch/distributed/run.py", line 797, in run
    elastic_launch(
  File "/home/yvs/.local/lib/python3.10/site-packages/torch/distributed/launcher/api.py", line 134, in __call__
    return launch_agent(self._config, self._entrypoint, list(args))
  File "/home/yvs/.local/lib/python3.10/site-packages/torch/distributed/launcher/api.py", line 264, in launch_agent
    raise ChildFailedError(
torch.distributed.elastic.multiprocessing.errors.ChildFailedError: 
============================================================
longvu/train.py FAILED
------------------------------------------------------------
Failures:
[1]:
  time      : 2025-02-17_20:03:39
  host      : megatron.ib
  rank      : 6 (local_rank: 6)
  exitcode  : 1 (pid: 1555261)
  error_file: <N/A>
  traceback : To enable traceback see: https://pytorch.org/docs/stable/elastic/errors.html
------------------------------------------------------------
Root Cause (first observed failure):
[0]:
  time      : 2025-02-17_20:03:39
  host      : megatron.ib
  rank      : 0 (local_rank: 0)
  exitcode  : 1 (pid: 1555255)
  error_file: <N/A>
  traceback : To enable traceback see: https://pytorch.org/docs/stable/elastic/errors.html
============================================================
